
> react-typescript-starter@0.1.0 test
> react-scripts test --coverage

FAIL src/TaskFunctions.test.ts
  ● Testing the task functions › Testing the makeTask function

    expect(received).toEqual(expected) // deep equality

    - Expected  - 1
    + Received  + 1

    @@ -1,9 +1,9 @@
      Object {
        "description": "taskfunc test task",
        "difficulty": 0,
    -   "id": 1,
    +   "id": 0,
        "image": "blank",
        "name": "test",
        "numUsers": 0,
        "pendingMode": false,
        "status": false,

      327 |     });
      328 |     afterEach(() => {
    > 329 |         expect(TESTTASK).toEqual(BACKUPTASK);
          |                          ^
      330 |         expect(TASKARR).toEqual(BACKUPTASKARR);
      331 |         expect(STEPS).toEqual(BACKUPSTEPS);
      332 |     });

      at Object.<anonymous> (src/TaskFunctions.test.ts:329:26)

  ● Testing the task functions › Testing the delTask function

    expect(received).toEqual(expected) // deep equality

    - Expected  - 1
    + Received  + 1

    @@ -1,9 +1,9 @@
      Object {
        "description": "taskfunc test task",
        "difficulty": 0,
    -   "id": 1,
    +   "id": 0,
        "image": "blank",
        "name": "test",
        "numUsers": 0,
        "pendingMode": false,
        "status": false,

      327 |     });
      328 |     afterEach(() => {
    > 329 |         expect(TESTTASK).toEqual(BACKUPTASK);
          |                          ^
      330 |         expect(TASKARR).toEqual(BACKUPTASKARR);
      331 |         expect(STEPS).toEqual(BACKUPSTEPS);
      332 |     });

      at Object.<anonymous> (src/TaskFunctions.test.ts:329:26)

  ● Testing the task functions › Testing the setSteps function

    expect(received).toEqual(expected) // deep equality

    - Expected  - 1
    + Received  + 1

    @@ -1,9 +1,9 @@
      Object {
        "description": "taskfunc test task",
        "difficulty": 0,
    -   "id": 1,
    +   "id": 0,
        "image": "blank",
        "name": "test",
        "numUsers": 0,
        "pendingMode": false,
        "status": false,

      327 |     });
      328 |     afterEach(() => {
    > 329 |         expect(TESTTASK).toEqual(BACKUPTASK);
          |                          ^
      330 |         expect(TASKARR).toEqual(BACKUPTASKARR);
      331 |         expect(STEPS).toEqual(BACKUPSTEPS);
      332 |     });

      at Object.<anonymous> (src/TaskFunctions.test.ts:329:26)

  ● Testing the task functions › Testing the setDifficultly function

    expect(received).toEqual(expected) // deep equality

    - Expected  - 1
    + Received  + 1

    @@ -1,9 +1,9 @@
      Object {
        "description": "taskfunc test task",
        "difficulty": 0,
    -   "id": 1,
    +   "id": 0,
        "image": "blank",
        "name": "test",
        "numUsers": 0,
        "pendingMode": false,
        "status": false,

      327 |     });
      328 |     afterEach(() => {
    > 329 |         expect(TESTTASK).toEqual(BACKUPTASK);
          |                          ^
      330 |         expect(TASKARR).toEqual(BACKUPTASKARR);
      331 |         expect(STEPS).toEqual(BACKUPSTEPS);
      332 |     });

      at Object.<anonymous> (src/TaskFunctions.test.ts:329:26)

  ● Testing the task functions › Testing the setNumUsers function

    expect(received).toEqual(expected) // deep equality

    - Expected  - 1
    + Received  + 1

    @@ -3,11 +3,11 @@
        "difficulty": 0,
        "id": 0,
        "image": "blank",
        "name": "test",
        "numUsers": 10,
    -   "pendingMore": false,
    +   "pendingMode": false,
        "status": false,
        "steps": Array [
          "i",
          "am",
          "immutable",

      166 |             pendingMode: false
      167 |         });
    > 168 |         expect(setNumUsers(10, TESTTASK)).toEqual({
          |                                           ^
      169 |             id: 0,
      170 |             name: "test",
      171 |             description: "taskfunc test task",

      at Object.<anonymous> (src/TaskFunctions.test.ts:168:43)

  ● Testing the task functions › Testing the setNumUsers function

    expect(received).toEqual(expected) // deep equality

    - Expected  - 1
    + Received  + 1

    @@ -1,9 +1,9 @@
      Object {
        "description": "taskfunc test task",
        "difficulty": 0,
    -   "id": 1,
    +   "id": 0,
        "image": "blank",
        "name": "test",
        "numUsers": 0,
        "pendingMode": false,
        "status": false,

      327 |     });
      328 |     afterEach(() => {
    > 329 |         expect(TESTTASK).toEqual(BACKUPTASK);
          |                          ^
      330 |         expect(TASKARR).toEqual(BACKUPTASKARR);
      331 |         expect(STEPS).toEqual(BACKUPSTEPS);
      332 |     });

      at Object.<anonymous> (src/TaskFunctions.test.ts:329:26)

  ● Testing the task functions › Testing the setTime function

    expect(received).toEqual(expected) // deep equality

    - Expected  - 1
    + Received  + 1

    @@ -1,9 +1,9 @@
      Object {
        "description": "taskfunc test task",
        "difficulty": 0,
    -   "id": 1,
    +   "id": 0,
        "image": "blank",
        "name": "test",
        "numUsers": 0,
        "pendingMode": false,
        "status": false,

      327 |     });
      328 |     afterEach(() => {
    > 329 |         expect(TESTTASK).toEqual(BACKUPTASK);
          |                          ^
      330 |         expect(TASKARR).toEqual(BACKUPTASKARR);
      331 |         expect(STEPS).toEqual(BACKUPSTEPS);
      332 |     });

      at Object.<anonymous> (src/TaskFunctions.test.ts:329:26)

  ● Testing the task functions › Testing the setName function

    expect(received).toEqual(expected) // deep equality

    - Expected  - 1
    + Received  + 1

    @@ -1,9 +1,9 @@
      Object {
        "description": "taskfunc test task",
        "difficulty": 0,
    -   "id": 1,
    +   "id": 0,
        "image": "blank",
        "name": "test",
        "numUsers": 0,
        "pendingMode": false,
        "status": false,

      327 |     });
      328 |     afterEach(() => {
    > 329 |         expect(TESTTASK).toEqual(BACKUPTASK);
          |                          ^
      330 |         expect(TASKARR).toEqual(BACKUPTASKARR);
      331 |         expect(STEPS).toEqual(BACKUPSTEPS);
      332 |     });

      at Object.<anonymous> (src/TaskFunctions.test.ts:329:26)

  ● Testing the task functions › Testing the setDiscription function

    expect(received).toEqual(expected) // deep equality

    - Expected  - 1
    + Received  + 1

    @@ -1,9 +1,9 @@
      Object {
        "description": "taskfunc test task",
        "difficulty": 0,
    -   "id": 1,
    +   "id": 0,
        "image": "blank",
        "name": "test",
        "numUsers": 0,
        "pendingMode": false,
        "status": false,

      327 |     });
      328 |     afterEach(() => {
    > 329 |         expect(TESTTASK).toEqual(BACKUPTASK);
          |                          ^
      330 |         expect(TASKARR).toEqual(BACKUPTASKARR);
      331 |         expect(STEPS).toEqual(BACKUPSTEPS);
      332 |     });

      at Object.<anonymous> (src/TaskFunctions.test.ts:329:26)

  ● Testing the task functions › Testing the setStatus function

    expect(received).toEqual(expected) // deep equality

    - Expected  - 1
    + Received  + 1

    @@ -1,9 +1,9 @@
      Object {
        "description": "taskarr ind 1",
        "difficulty": 1,
    -   "id": 0,
    +   "id": 3,
        "image": "dog",
        "name": "test2",
        "numUsers": 0,
        "pendingMode": false,
        "status": false,

      273 |             pendingMode: false
      274 |         });
    > 275 |         expect(setStatus(false, TASK2)).toEqual({
          |                                         ^
      276 |             id: 0,
      277 |             name: "test2",
      278 |             description: "taskarr ind 1",

      at Object.<anonymous> (src/TaskFunctions.test.ts:275:41)

  ● Testing the task functions › Testing the setStatus function

    expect(received).toEqual(expected) // deep equality

    - Expected  - 1
    + Received  + 1

    @@ -1,9 +1,9 @@
      Object {
        "description": "taskfunc test task",
        "difficulty": 0,
    -   "id": 1,
    +   "id": 0,
        "image": "blank",
        "name": "test",
        "numUsers": 0,
        "pendingMode": false,
        "status": false,

      327 |     });
      328 |     afterEach(() => {
    > 329 |         expect(TESTTASK).toEqual(BACKUPTASK);
          |                          ^
      330 |         expect(TASKARR).toEqual(BACKUPTASKARR);
      331 |         expect(STEPS).toEqual(BACKUPSTEPS);
      332 |     });

      at Object.<anonymous> (src/TaskFunctions.test.ts:329:26)

  ● Testing the task functions › Testing the setImage function

    expect(received).toEqual(expected) // deep equality

    - Expected  - 1
    + Received  + 1

    @@ -1,9 +1,9 @@
      Object {
        "description": "taskfunc test task",
        "difficulty": 0,
    -   "id": 1,
    +   "id": 0,
        "image": "blank",
        "name": "test",
        "numUsers": 0,
        "pendingMode": false,
        "status": false,

      327 |     });
      328 |     afterEach(() => {
    > 329 |         expect(TESTTASK).toEqual(BACKUPTASK);
          |                          ^
      330 |         expect(TASKARR).toEqual(BACKUPTASKARR);
      331 |         expect(STEPS).toEqual(BACKUPSTEPS);
      332 |     });

      at Object.<anonymous> (src/TaskFunctions.test.ts:329:26)

  ● Testing the task functions › Testing the addTask function

    expect(received).toEqual(expected) // deep equality

    - Expected  - 1
    + Received  + 1

    @@ -1,9 +1,9 @@
      Object {
        "description": "taskfunc test task",
        "difficulty": 0,
    -   "id": 1,
    +   "id": 0,
        "image": "blank",
        "name": "test",
        "numUsers": 0,
        "pendingMode": false,
        "status": false,

      327 |     });
      328 |     afterEach(() => {
    > 329 |         expect(TESTTASK).toEqual(BACKUPTASK);
          |                          ^
      330 |         expect(TASKARR).toEqual(BACKUPTASKARR);
      331 |         expect(STEPS).toEqual(BACKUPSTEPS);
      332 |     });

      at Object.<anonymous> (src/TaskFunctions.test.ts:329:26)

FAIL src/dist/TaskFunctions.test.js
  ● Testing the task functions › Testing the makeTask function

    expect(received).toEqual(expected) // deep equality

    - Expected  - 1
    + Received  + 1

    @@ -1,9 +1,9 @@
      Object {
        "description": "taskfunc test task",
        "difficulty": 0,
    -   "id": 1,
    +   "id": 0,
        "image": "blank",
        "name": "test",
        "numUsers": 0,
        "status": false,
        "steps": Array [

      263 |     });
      264 |     afterEach(function () {
    > 265 |         expect(TESTTASK).toEqual(BACKUPTASK);
          |                          ^
      266 |         expect(TASKARR).toEqual(BACKUPTASKARR);
      267 |         expect(STEPS).toEqual(BACKUPSTEPS);
      268 |     });

      at Object.<anonymous> (src/dist/TaskFunctions.test.js:265:26)

  ● Testing the task functions › Testing the delTask function

    expect(received).toEqual(expected) // deep equality

    - Expected  - 1
    + Received  + 1

    @@ -1,9 +1,9 @@
      Object {
        "description": "taskfunc test task",
        "difficulty": 0,
    -   "id": 1,
    +   "id": 0,
        "image": "blank",
        "name": "test",
        "numUsers": 0,
        "status": false,
        "steps": Array [

      263 |     });
      264 |     afterEach(function () {
    > 265 |         expect(TESTTASK).toEqual(BACKUPTASK);
          |                          ^
      266 |         expect(TASKARR).toEqual(BACKUPTASKARR);
      267 |         expect(STEPS).toEqual(BACKUPSTEPS);
      268 |     });

      at Object.<anonymous> (src/dist/TaskFunctions.test.js:265:26)

  ● Testing the task functions › Testing the setSteps function

    expect(received).toEqual(expected) // deep equality

    - Expected  - 1
    + Received  + 1

    @@ -1,9 +1,9 @@
      Object {
        "description": "taskfunc test task",
        "difficulty": 0,
    -   "id": 1,
    +   "id": 0,
        "image": "blank",
        "name": "test",
        "numUsers": 0,
        "status": false,
        "steps": Array [

      263 |     });
      264 |     afterEach(function () {
    > 265 |         expect(TESTTASK).toEqual(BACKUPTASK);
          |                          ^
      266 |         expect(TASKARR).toEqual(BACKUPTASKARR);
      267 |         expect(STEPS).toEqual(BACKUPSTEPS);
      268 |     });

      at Object.<anonymous> (src/dist/TaskFunctions.test.js:265:26)

  ● Testing the task functions › Testing the setDifficultly function

    expect(received).toEqual(expected) // deep equality

    - Expected  - 1
    + Received  + 1

    @@ -1,9 +1,9 @@
      Object {
        "description": "taskfunc test task",
        "difficulty": 0,
    -   "id": 1,
    +   "id": 0,
        "image": "blank",
        "name": "test",
        "numUsers": 0,
        "status": false,
        "steps": Array [

      263 |     });
      264 |     afterEach(function () {
    > 265 |         expect(TESTTASK).toEqual(BACKUPTASK);
          |                          ^
      266 |         expect(TASKARR).toEqual(BACKUPTASKARR);
      267 |         expect(STEPS).toEqual(BACKUPSTEPS);
      268 |     });

      at Object.<anonymous> (src/dist/TaskFunctions.test.js:265:26)

  ● Testing the task functions › Testing the setNumUsers function

    expect(received).toEqual(expected) // deep equality

    - Expected  - 1
    + Received  + 1

    @@ -1,9 +1,9 @@
      Object {
        "description": "taskfunc test task",
        "difficulty": 0,
    -   "id": 1,
    +   "id": 0,
        "image": "blank",
        "name": "test",
        "numUsers": 0,
        "status": false,
        "steps": Array [

      263 |     });
      264 |     afterEach(function () {
    > 265 |         expect(TESTTASK).toEqual(BACKUPTASK);
          |                          ^
      266 |         expect(TASKARR).toEqual(BACKUPTASKARR);
      267 |         expect(STEPS).toEqual(BACKUPSTEPS);
      268 |     });

      at Object.<anonymous> (src/dist/TaskFunctions.test.js:265:26)

  ● Testing the task functions › Testing the setTime function

    expect(received).toEqual(expected) // deep equality

    - Expected  - 1
    + Received  + 1

    @@ -1,9 +1,9 @@
      Object {
        "description": "taskfunc test task",
        "difficulty": 0,
    -   "id": 1,
    +   "id": 0,
        "image": "blank",
        "name": "test",
        "numUsers": 0,
        "status": false,
        "steps": Array [

      263 |     });
      264 |     afterEach(function () {
    > 265 |         expect(TESTTASK).toEqual(BACKUPTASK);
          |                          ^
      266 |         expect(TASKARR).toEqual(BACKUPTASKARR);
      267 |         expect(STEPS).toEqual(BACKUPSTEPS);
      268 |     });

      at Object.<anonymous> (src/dist/TaskFunctions.test.js:265:26)

  ● Testing the task functions › Testing the setName function

    expect(received).toEqual(expected) // deep equality

    - Expected  - 1
    + Received  + 1

    @@ -1,9 +1,9 @@
      Object {
        "description": "taskfunc test task",
        "difficulty": 0,
    -   "id": 1,
    +   "id": 0,
        "image": "blank",
        "name": "test",
        "numUsers": 0,
        "status": false,
        "steps": Array [

      263 |     });
      264 |     afterEach(function () {
    > 265 |         expect(TESTTASK).toEqual(BACKUPTASK);
          |                          ^
      266 |         expect(TASKARR).toEqual(BACKUPTASKARR);
      267 |         expect(STEPS).toEqual(BACKUPSTEPS);
      268 |     });

      at Object.<anonymous> (src/dist/TaskFunctions.test.js:265:26)

  ● Testing the task functions › Testing the setDiscription function

    expect(received).toEqual(expected) // deep equality

    - Expected  - 1
    + Received  + 1

    @@ -1,9 +1,9 @@
      Object {
        "description": "taskfunc test task",
        "difficulty": 0,
    -   "id": 1,
    +   "id": 0,
        "image": "blank",
        "name": "test",
        "numUsers": 0,
        "status": false,
        "steps": Array [

      263 |     });
      264 |     afterEach(function () {
    > 265 |         expect(TESTTASK).toEqual(BACKUPTASK);
          |                          ^
      266 |         expect(TASKARR).toEqual(BACKUPTASKARR);
      267 |         expect(STEPS).toEqual(BACKUPSTEPS);
      268 |     });

      at Object.<anonymous> (src/dist/TaskFunctions.test.js:265:26)

  ● Testing the task functions › Testing the setStatus function

    expect(received).toEqual(expected) // deep equality

    - Expected  - 1
    + Received  + 1

    @@ -1,9 +1,9 @@
      Object {
        "description": "taskarr ind 1",
        "difficulty": 1,
    -   "id": 0,
    +   "id": 3,
        "image": "dog",
        "name": "test2",
        "numUsers": 0,
        "status": false,
        "steps": Array [

      212 |             time: "0"
      213 |         });
    > 214 |         expect(TaskFunctions_1.setStatus(false, TASK2)).toEqual({
          |                                                         ^
      215 |             id: 0,
      216 |             name: "test2",
      217 |             description: "taskarr ind 1",

      at Object.<anonymous> (src/dist/TaskFunctions.test.js:214:57)

  ● Testing the task functions › Testing the setStatus function

    expect(received).toEqual(expected) // deep equality

    - Expected  - 1
    + Received  + 1

    @@ -1,9 +1,9 @@
      Object {
        "description": "taskfunc test task",
        "difficulty": 0,
    -   "id": 1,
    +   "id": 0,
        "image": "blank",
        "name": "test",
        "numUsers": 0,
        "status": false,
        "steps": Array [

      263 |     });
      264 |     afterEach(function () {
    > 265 |         expect(TESTTASK).toEqual(BACKUPTASK);
          |                          ^
      266 |         expect(TASKARR).toEqual(BACKUPTASKARR);
      267 |         expect(STEPS).toEqual(BACKUPSTEPS);
      268 |     });

      at Object.<anonymous> (src/dist/TaskFunctions.test.js:265:26)

  ● Testing the task functions › Testing the setImage function

    expect(received).toEqual(expected) // deep equality

    - Expected  - 1
    + Received  + 1

    @@ -1,9 +1,9 @@
      Object {
        "description": "taskfunc test task",
        "difficulty": 0,
    -   "id": 1,
    +   "id": 0,
        "image": "blank",
        "name": "test",
        "numUsers": 0,
        "status": false,
        "steps": Array [

      263 |     });
      264 |     afterEach(function () {
    > 265 |         expect(TESTTASK).toEqual(BACKUPTASK);
          |                          ^
      266 |         expect(TASKARR).toEqual(BACKUPTASKARR);
      267 |         expect(STEPS).toEqual(BACKUPSTEPS);
      268 |     });

      at Object.<anonymous> (src/dist/TaskFunctions.test.js:265:26)

  ● Testing the task functions › Testing the addTask function

    expect(received).toEqual(expected) // deep equality

    - Expected  - 1
    + Received  + 1

    @@ -1,9 +1,9 @@
      Object {
        "description": "taskfunc test task",
        "difficulty": 0,
    -   "id": 1,
    +   "id": 0,
        "image": "blank",
        "name": "test",
        "numUsers": 0,
        "status": false,
        "steps": Array [

      263 |     });
      264 |     afterEach(function () {
    > 265 |         expect(TESTTASK).toEqual(BACKUPTASK);
          |                          ^
      266 |         expect(TASKARR).toEqual(BACKUPTASKARR);
      267 |         expect(STEPS).toEqual(BACKUPSTEPS);
      268 |     });

      at Object.<anonymous> (src/dist/TaskFunctions.test.js:265:26)

FAIL src/dist/App.test.js
  ● Test suite failed to run

    Cannot find module './list-components/CentralItemList' from 'src/dist/App.test.js'

       7 | var react_2 = require("@testing-library/react");
       8 | var TASKS_1 = require("./TASKS");
    >  9 | var CentralItemList_1 = require("./list-components/CentralItemList");
         |                         ^
      10 | var UserList_1 = require("./list-components/UserList");
      11 | var adminlist_1 = require("./list-components/adminlist");
      12 | var deleteTask_component_1 = require("./list-components/deleteTask-component");

      at Resolver.resolveModule (node_modules/jest-resolve/build/resolver.js:324:11)
      at Object.<anonymous> (src/dist/App.test.js:9:25)

FAIL src/App.test.tsx (5.034 s)
  ● Console

    console.error
      Warning: ReactDOM.render is no longer supported in React 18. Use createRoot instead. Until you switch to the new API, your app will behave as if it's running React 17. Learn more: https://reactjs.org/link/switch-to-createroot

       7 | export const renderWithDnd = (ui: {} | null | undefined) => {
       8 |     // eslint-disable-next-line react/prop-types
    >  9 |     return render(<DndProvider backend={HTML5Backend}>{ui}</DndProvider>);
         |            ^
      10 | };
      11 |

      at printWarning (node_modules/react-dom/cjs/react-dom.development.js:86:30)
      at error (node_modules/react-dom/cjs/react-dom.development.js:60:7)
      at Object.render (node_modules/react-dom/cjs/react-dom.development.js:29670:5)
      at node_modules/@testing-library/react/dist/pure.js:101:25
      at act (node_modules/react/cjs/react.development.js:2512:16)
      at render (node_modules/@testing-library/react/dist/pure.js:97:26)
      at renderWithDnd (src/CustomRender.tsx:9:12)
      at Object.<anonymous> (src/App.test.tsx:63:9)

    console.error
      Warning: validateDOMNesting(...): <div> cannot appear as a descendant of <p>.
          at div
          at /home/runner/work/team18/team18/node_modules/react-bootstrap/cjs/FormCheck.js:31:3
          at div
          at EditStatus (/home/runner/work/team18/team18/src/editing-components/EditStatus.tsx:17:56)
          at p
          at div
          at div
          at DisplayTask (/home/runner/work/team18/team18/src/list-components/DisplayTask.tsx:31:43)
          at div
          at DisplayCorrectList
          at div
          at CentralItemList (/home/runner/work/team18/team18/src/list-components/CentralItemList.tsx:20:35)
          at DndProvider (/home/runner/work/team18/team18/node_modules/react-dnd/src/core/DndProvider.tsx:28:25)

      at printWarning (node_modules/react-dom/cjs/react-dom.development.js:86:30)
      at error (node_modules/react-dom/cjs/react-dom.development.js:60:7)
      at validateDOMNesting (node_modules/react-dom/cjs/react-dom.development.js:10849:7)
      at createInstance (node_modules/react-dom/cjs/react-dom.development.js:10930:5)
      at completeWork (node_modules/react-dom/cjs/react-dom.development.js:22187:28)
      at completeUnitOfWork (node_modules/react-dom/cjs/react-dom.development.js:26593:16)
      at performUnitOfWork (node_modules/react-dom/cjs/react-dom.development.js:26568:5)
      at workLoopSync (node_modules/react-dom/cjs/react-dom.development.js:26466:5)

    console.error
      Warning: validateDOMNesting(...): <ol> cannot appear as a descendant of <p>.
          at ol
          at p
          at div
          at div
          at DisplayTask (/home/runner/work/team18/team18/src/list-components/DisplayTask.tsx:31:43)
          at div
          at DisplayCorrectList
          at div
          at CentralItemList (/home/runner/work/team18/team18/src/list-components/CentralItemList.tsx:20:35)
          at DndProvider (/home/runner/work/team18/team18/node_modules/react-dnd/src/core/DndProvider.tsx:28:25)

      at printWarning (node_modules/react-dom/cjs/react-dom.development.js:86:30)
      at error (node_modules/react-dom/cjs/react-dom.development.js:60:7)
      at validateDOMNesting (node_modules/react-dom/cjs/react-dom.development.js:10849:7)
      at createInstance (node_modules/react-dom/cjs/react-dom.development.js:10930:5)
      at completeWork (node_modules/react-dom/cjs/react-dom.development.js:22187:28)
      at completeUnitOfWork (node_modules/react-dom/cjs/react-dom.development.js:26593:16)
      at performUnitOfWork (node_modules/react-dom/cjs/react-dom.development.js:26568:5)
      at workLoopSync (node_modules/react-dom/cjs/react-dom.development.js:26466:5)

    console.error
      Warning: ReactDOM.render is no longer supported in React 18. Use createRoot instead. Until you switch to the new API, your app will behave as if it's running React 17. Learn more: https://reactjs.org/link/switch-to-createroot

       7 | export const renderWithDnd = (ui: {} | null | undefined) => {
       8 |     // eslint-disable-next-line react/prop-types
    >  9 |     return render(<DndProvider backend={HTML5Backend}>{ui}</DndProvider>);
         |            ^
      10 | };
      11 |

      at printWarning (node_modules/react-dom/cjs/react-dom.development.js:86:30)
      at error (node_modules/react-dom/cjs/react-dom.development.js:60:7)
      at Object.render (node_modules/react-dom/cjs/react-dom.development.js:29670:5)
      at node_modules/@testing-library/react/dist/pure.js:101:25
      at act (node_modules/react/cjs/react.development.js:2512:16)
      at render (node_modules/@testing-library/react/dist/pure.js:97:26)
      at renderWithDnd (src/CustomRender.tsx:9:12)
      at Object.<anonymous> (src/App.test.tsx:79:9)

    console.error
      Warning: ReactDOM.render is no longer supported in React 18. Use createRoot instead. Until you switch to the new API, your app will behave as if it's running React 17. Learn more: https://reactjs.org/link/switch-to-createroot

       7 | export const renderWithDnd = (ui: {} | null | undefined) => {
       8 |     // eslint-disable-next-line react/prop-types
    >  9 |     return render(<DndProvider backend={HTML5Backend}>{ui}</DndProvider>);
         |            ^
      10 | };
      11 |

      at printWarning (node_modules/react-dom/cjs/react-dom.development.js:86:30)
      at error (node_modules/react-dom/cjs/react-dom.development.js:60:7)
      at Object.render (node_modules/react-dom/cjs/react-dom.development.js:29670:5)
      at node_modules/@testing-library/react/dist/pure.js:101:25
      at act (node_modules/react/cjs/react.development.js:2512:16)
      at render (node_modules/@testing-library/react/dist/pure.js:97:26)
      at renderWithDnd (src/CustomRender.tsx:9:12)
      at Object.<anonymous> (src/App.test.tsx:79:9)

    console.error
      Warning: ReactDOM.render is no longer supported in React 18. Use createRoot instead. Until you switch to the new API, your app will behave as if it's running React 17. Learn more: https://reactjs.org/link/switch-to-createroot

       7 | export const renderWithDnd = (ui: {} | null | undefined) => {
       8 |     // eslint-disable-next-line react/prop-types
    >  9 |     return render(<DndProvider backend={HTML5Backend}>{ui}</DndProvider>);
         |            ^
      10 | };
      11 |

      at printWarning (node_modules/react-dom/cjs/react-dom.development.js:86:30)
      at error (node_modules/react-dom/cjs/react-dom.development.js:60:7)
      at Object.render (node_modules/react-dom/cjs/react-dom.development.js:29670:5)
      at node_modules/@testing-library/react/dist/pure.js:101:25
      at act (node_modules/react/cjs/react.development.js:2512:16)
      at render (node_modules/@testing-library/react/dist/pure.js:97:26)
      at renderWithDnd (src/CustomRender.tsx:9:12)
      at Object.<anonymous> (src/App.test.tsx:95:31)

    console.error
      Warning: ReactDOM.render is no longer supported in React 18. Use createRoot instead. Until you switch to the new API, your app will behave as if it's running React 17. Learn more: https://reactjs.org/link/switch-to-createroot

       7 | export const renderWithDnd = (ui: {} | null | undefined) => {
       8 |     // eslint-disable-next-line react/prop-types
    >  9 |     return render(<DndProvider backend={HTML5Backend}>{ui}</DndProvider>);
         |            ^
      10 | };
      11 |

      at printWarning (node_modules/react-dom/cjs/react-dom.development.js:86:30)
      at error (node_modules/react-dom/cjs/react-dom.development.js:60:7)
      at Object.render (node_modules/react-dom/cjs/react-dom.development.js:29670:5)
      at node_modules/@testing-library/react/dist/pure.js:101:25
      at act (node_modules/react/cjs/react.development.js:2512:16)
      at render (node_modules/@testing-library/react/dist/pure.js:97:26)
      at renderWithDnd (src/CustomRender.tsx:9:12)
      at Object.<anonymous> (src/App.test.tsx:79:9)

    console.error
      Warning: ReactDOM.render is no longer supported in React 18. Use createRoot instead. Until you switch to the new API, your app will behave as if it's running React 17. Learn more: https://reactjs.org/link/switch-to-createroot

       7 | export const renderWithDnd = (ui: {} | null | undefined) => {
       8 |     // eslint-disable-next-line react/prop-types
    >  9 |     return render(<DndProvider backend={HTML5Backend}>{ui}</DndProvider>);
         |            ^
      10 | };
      11 |

      at printWarning (node_modules/react-dom/cjs/react-dom.development.js:86:30)
      at error (node_modules/react-dom/cjs/react-dom.development.js:60:7)
      at Object.render (node_modules/react-dom/cjs/react-dom.development.js:29670:5)
      at node_modules/@testing-library/react/dist/pure.js:101:25
      at act (node_modules/react/cjs/react.development.js:2512:16)
      at render (node_modules/@testing-library/react/dist/pure.js:97:26)
      at renderWithDnd (src/CustomRender.tsx:9:12)
      at Object.<anonymous> (src/App.test.tsx:108:31)

    console.error
      Warning: ReactDOM.render is no longer supported in React 18. Use createRoot instead. Until you switch to the new API, your app will behave as if it's running React 17. Learn more: https://reactjs.org/link/switch-to-createroot

       7 | export const renderWithDnd = (ui: {} | null | undefined) => {
       8 |     // eslint-disable-next-line react/prop-types
    >  9 |     return render(<DndProvider backend={HTML5Backend}>{ui}</DndProvider>);
         |            ^
      10 | };
      11 |

      at printWarning (node_modules/react-dom/cjs/react-dom.development.js:86:30)
      at error (node_modules/react-dom/cjs/react-dom.development.js:60:7)
      at Object.render (node_modules/react-dom/cjs/react-dom.development.js:29670:5)
      at node_modules/@testing-library/react/dist/pure.js:101:25
      at act (node_modules/react/cjs/react.development.js:2512:16)
      at render (node_modules/@testing-library/react/dist/pure.js:97:26)
      at renderWithDnd (src/CustomRender.tsx:9:12)
      at Object.<anonymous> (src/App.test.tsx:124:9)

    console.error
      Warning: ReactDOM.render is no longer supported in React 18. Use createRoot instead. Until you switch to the new API, your app will behave as if it's running React 17. Learn more: https://reactjs.org/link/switch-to-createroot

       7 | export const renderWithDnd = (ui: {} | null | undefined) => {
       8 |     // eslint-disable-next-line react/prop-types
    >  9 |     return render(<DndProvider backend={HTML5Backend}>{ui}</DndProvider>);
         |            ^
      10 | };
      11 |

      at printWarning (node_modules/react-dom/cjs/react-dom.development.js:86:30)
      at error (node_modules/react-dom/cjs/react-dom.development.js:60:7)
      at Object.render (node_modules/react-dom/cjs/react-dom.development.js:29670:5)
      at node_modules/@testing-library/react/dist/pure.js:101:25
      at act (node_modules/react/cjs/react.development.js:2512:16)
      at render (node_modules/@testing-library/react/dist/pure.js:97:26)
      at renderWithDnd (src/CustomRender.tsx:9:12)
      at Object.<anonymous> (src/App.test.tsx:124:9)

    console.error
      Warning: ReactDOM.render is no longer supported in React 18. Use createRoot instead. Until you switch to the new API, your app will behave as if it's running React 17. Learn more: https://reactjs.org/link/switch-to-createroot

      137 |     });
      138 |     test("list not seen by super", () => {
    > 139 |         const { container } = render(
          |                               ^
      140 |             <AdminList
      141 |                 users={users}
      142 |                 setUsers={setUsers}

      at printWarning (node_modules/react-dom/cjs/react-dom.development.js:86:30)
      at error (node_modules/react-dom/cjs/react-dom.development.js:60:7)
      at Object.render (node_modules/react-dom/cjs/react-dom.development.js:29670:5)
      at node_modules/@testing-library/react/dist/pure.js:101:25
      at act (node_modules/react/cjs/react.development.js:2512:16)
      at render (node_modules/@testing-library/react/dist/pure.js:97:26)
      at Object.<anonymous> (src/App.test.tsx:139:31)

    console.error
      Error: Uncaught [Invariant Violation: Expected drag drop context]
          at reportException (/home/runner/work/team18/team18/node_modules/jsdom/lib/jsdom/living/helpers/runtime-script-errors.js:66:24)
          at innerInvokeEventListeners (/home/runner/work/team18/team18/node_modules/jsdom/lib/jsdom/living/events/EventTarget-impl.js:341:9)
          at invokeEventListeners (/home/runner/work/team18/team18/node_modules/jsdom/lib/jsdom/living/events/EventTarget-impl.js:274:3)
          at HTMLUnknownElementImpl._dispatch (/home/runner/work/team18/team18/node_modules/jsdom/lib/jsdom/living/events/EventTarget-impl.js:221:9)
          at HTMLUnknownElementImpl.dispatchEvent (/home/runner/work/team18/team18/node_modules/jsdom/lib/jsdom/living/events/EventTarget-impl.js:94:17)
          at HTMLUnknownElement.dispatchEvent (/home/runner/work/team18/team18/node_modules/jsdom/lib/jsdom/living/generated/EventTarget.js:231:34)
          at Object.invokeGuardedCallbackDev (/home/runner/work/team18/team18/node_modules/react-dom/cjs/react-dom.development.js:4213:16)
          at invokeGuardedCallback (/home/runner/work/team18/team18/node_modules/react-dom/cjs/react-dom.development.js:4277:31)
          at beginWork$1 (/home/runner/work/team18/team18/node_modules/react-dom/cjs/react-dom.development.js:27451:7)
          at performUnitOfWork (/home/runner/work/team18/team18/node_modules/react-dom/cjs/react-dom.development.js:26560:12) Invariant Violation: Expected drag drop context
          at invariant (/home/runner/work/team18/team18/node_modules/@react-dnd/invariant/src/index.ts:28:12)
          at useDragDropManager (/home/runner/work/team18/team18/node_modules/react-dnd/src/hooks/useDragDropManager.ts:12:2)
          at useDropTargetMonitor (/home/runner/work/team18/team18/node_modules/react-dnd/src/hooks/useDrop/useDropTargetMonitor.ts:8:18)
          at useDrop (/home/runner/work/team18/team18/node_modules/react-dnd/src/hooks/useDrop/useDrop.ts:26:18)
          at AdminList (/home/runner/work/team18/team18/src/list-components/adminlist.tsx:29:32)
          at renderWithHooks (/home/runner/work/team18/team18/node_modules/react-dom/cjs/react-dom.development.js:16305:18)
          at mountIndeterminateComponent (/home/runner/work/team18/team18/node_modules/react-dom/cjs/react-dom.development.js:20074:13)
          at beginWork (/home/runner/work/team18/team18/node_modules/react-dom/cjs/react-dom.development.js:21587:16)
          at HTMLUnknownElement.callCallback (/home/runner/work/team18/team18/node_modules/react-dom/cjs/react-dom.development.js:4164:14)
          at HTMLUnknownElement.callTheUserObjectsOperation (/home/runner/work/team18/team18/node_modules/jsdom/lib/jsdom/living/generated/EventListener.js:26:30)
          at innerInvokeEventListeners (/home/runner/work/team18/team18/node_modules/jsdom/lib/jsdom/living/events/EventTarget-impl.js:338:25)
          at invokeEventListeners (/home/runner/work/team18/team18/node_modules/jsdom/lib/jsdom/living/events/EventTarget-impl.js:274:3)
          at HTMLUnknownElementImpl._dispatch (/home/runner/work/team18/team18/node_modules/jsdom/lib/jsdom/living/events/EventTarget-impl.js:221:9)
          at HTMLUnknownElementImpl.dispatchEvent (/home/runner/work/team18/team18/node_modules/jsdom/lib/jsdom/living/events/EventTarget-impl.js:94:17)
          at HTMLUnknownElement.dispatchEvent (/home/runner/work/team18/team18/node_modules/jsdom/lib/jsdom/living/generated/EventTarget.js:231:34)
          at Object.invokeGuardedCallbackDev (/home/runner/work/team18/team18/node_modules/react-dom/cjs/react-dom.development.js:4213:16)
          at invokeGuardedCallback (/home/runner/work/team18/team18/node_modules/react-dom/cjs/react-dom.development.js:4277:31)
          at beginWork$1 (/home/runner/work/team18/team18/node_modules/react-dom/cjs/react-dom.development.js:27451:7)
          at performUnitOfWork (/home/runner/work/team18/team18/node_modules/react-dom/cjs/react-dom.development.js:26560:12)
          at workLoopSync (/home/runner/work/team18/team18/node_modules/react-dom/cjs/react-dom.development.js:26466:5)
          at renderRootSync (/home/runner/work/team18/team18/node_modules/react-dom/cjs/react-dom.development.js:26434:7)
          at performSyncWorkOnRoot (/home/runner/work/team18/team18/node_modules/react-dom/cjs/react-dom.development.js:26085:20)
          at flushSyncCallbacks (/home/runner/work/team18/team18/node_modules/react-dom/cjs/react-dom.development.js:12042:22)
          at flushSync (/home/runner/work/team18/team18/node_modules/react-dom/cjs/react-dom.development.js:26201:7)
          at legacyCreateRootFromDOMContainer (/home/runner/work/team18/team18/node_modules/react-dom/cjs/react-dom.development.js:29575:5)
          at legacyRenderSubtreeIntoContainer (/home/runner/work/team18/team18/node_modules/react-dom/cjs/react-dom.development.js:29601:12)
          at Object.render (/home/runner/work/team18/team18/node_modules/react-dom/cjs/react-dom.development.js:29685:10)
          at /home/runner/work/team18/team18/node_modules/@testing-library/react/dist/pure.js:101:25
          at act (/home/runner/work/team18/team18/node_modules/react/cjs/react.development.js:2512:16)
          at render (/home/runner/work/team18/team18/node_modules/@testing-library/react/dist/pure.js:97:26)
          at Object.<anonymous> (/home/runner/work/team18/team18/src/App.test.tsx:139:31)
          at Promise.then.completed (/home/runner/work/team18/team18/node_modules/jest-circus/build/utils.js:391:28)
          at new Promise (<anonymous>)
          at callAsyncCircusFn (/home/runner/work/team18/team18/node_modules/jest-circus/build/utils.js:316:10)
          at _callCircusTest (/home/runner/work/team18/team18/node_modules/jest-circus/build/run.js:218:40)
          at _runTest (/home/runner/work/team18/team18/node_modules/jest-circus/build/run.js:155:3)
          at _runTestsForDescribeBlock (/home/runner/work/team18/team18/node_modules/jest-circus/build/run.js:66:9)
          at _runTestsForDescribeBlock (/home/runner/work/team18/team18/node_modules/jest-circus/build/run.js:60:9)
          at run (/home/runner/work/team18/team18/node_modules/jest-circus/build/run.js:25:3)
          at runAndTransformResultsToJestFormat (/home/runner/work/team18/team18/node_modules/jest-circus/build/legacy-code-todo-rewrite/jestAdapterInit.js:170:21)
          at jestAdapter (/home/runner/work/team18/team18/node_modules/jest-circus/build/legacy-code-todo-rewrite/jestAdapter.js:82:19)
          at runTestInternal (/home/runner/work/team18/team18/node_modules/jest-runner/build/runTest.js:389:16)
          at runTest (/home/runner/work/team18/team18/node_modules/jest-runner/build/runTest.js:475:34) {
        framesToPop: 1
      }

      at VirtualConsole.<anonymous> (node_modules/jsdom/lib/jsdom/virtual-console.js:29:45)
      at reportException (node_modules/jsdom/lib/jsdom/living/helpers/runtime-script-errors.js:70:28)
      at innerInvokeEventListeners (node_modules/jsdom/lib/jsdom/living/events/EventTarget-impl.js:341:9)
      at invokeEventListeners (node_modules/jsdom/lib/jsdom/living/events/EventTarget-impl.js:274:3)
      at HTMLUnknownElementImpl._dispatch (node_modules/jsdom/lib/jsdom/living/events/EventTarget-impl.js:221:9)
      at HTMLUnknownElementImpl.dispatchEvent (node_modules/jsdom/lib/jsdom/living/events/EventTarget-impl.js:94:17)
      at HTMLUnknownElement.dispatchEvent (node_modules/jsdom/lib/jsdom/living/generated/EventTarget.js:231:34)

    console.error
      The above error occurred in the <AdminList> component:
      
          at AdminList (/home/runner/work/team18/team18/src/list-components/adminlist.tsx:23:29)
      
      Consider adding an error boundary to your tree to customize error handling behavior.
      Visit https://reactjs.org/link/error-boundaries to learn more about error boundaries.

      at logCapturedError (node_modules/react-dom/cjs/react-dom.development.js:18687:23)
      at update.callback (node_modules/react-dom/cjs/react-dom.development.js:18720:5)
      at callCallback (node_modules/react-dom/cjs/react-dom.development.js:13923:12)
      at commitUpdateQueue (node_modules/react-dom/cjs/react-dom.development.js:13944:9)
      at commitLayoutEffectOnFiber (node_modules/react-dom/cjs/react-dom.development.js:23391:13)
      at commitLayoutMountEffects_complete (node_modules/react-dom/cjs/react-dom.development.js:24688:9)
      at commitLayoutEffects_begin (node_modules/react-dom/cjs/react-dom.development.js:24674:7)
      at commitLayoutEffects (node_modules/react-dom/cjs/react-dom.development.js:24612:3)

    console.error
      Warning: ReactDOM.render is no longer supported in React 18. Use createRoot instead. Until you switch to the new API, your app will behave as if it's running React 17. Learn more: https://reactjs.org/link/switch-to-createroot

       7 | export const renderWithDnd = (ui: {} | null | undefined) => {
       8 |     // eslint-disable-next-line react/prop-types
    >  9 |     return render(<DndProvider backend={HTML5Backend}>{ui}</DndProvider>);
         |            ^
      10 | };
      11 |

      at printWarning (node_modules/react-dom/cjs/react-dom.development.js:86:30)
      at error (node_modules/react-dom/cjs/react-dom.development.js:60:7)
      at Object.render (node_modules/react-dom/cjs/react-dom.development.js:29670:5)
      at node_modules/@testing-library/react/dist/pure.js:101:25
      at act (node_modules/react/cjs/react.development.js:2512:16)
      at render (node_modules/@testing-library/react/dist/pure.js:97:26)
      at renderWithDnd (src/CustomRender.tsx:9:12)
      at Object.<anonymous> (src/App.test.tsx:124:9)

    console.error
      Warning: ReactDOM.render is no longer supported in React 18. Use createRoot instead. Until you switch to the new API, your app will behave as if it's running React 17. Learn more: https://reactjs.org/link/switch-to-createroot

       7 | export const renderWithDnd = (ui: {} | null | undefined) => {
       8 |     // eslint-disable-next-line react/prop-types
    >  9 |     return render(<DndProvider backend={HTML5Backend}>{ui}</DndProvider>);
         |            ^
      10 | };
      11 |

      at printWarning (node_modules/react-dom/cjs/react-dom.development.js:86:30)
      at error (node_modules/react-dom/cjs/react-dom.development.js:60:7)
      at Object.render (node_modules/react-dom/cjs/react-dom.development.js:29670:5)
      at node_modules/@testing-library/react/dist/pure.js:101:25
      at act (node_modules/react/cjs/react.development.js:2512:16)
      at render (node_modules/@testing-library/react/dist/pure.js:97:26)
      at renderWithDnd (src/CustomRender.tsx:9:12)
      at Object.<anonymous> (src/App.test.tsx:151:31)

    console.error
      Warning: ReactDOM.render is no longer supported in React 18. Use createRoot instead. Until you switch to the new API, your app will behave as if it's running React 17. Learn more: https://reactjs.org/link/switch-to-createroot

       7 | export const renderWithDnd = (ui: {} | null | undefined) => {
       8 |     // eslint-disable-next-line react/prop-types
    >  9 |     return render(<DndProvider backend={HTML5Backend}>{ui}</DndProvider>);
         |            ^
      10 | };
      11 |

      at printWarning (node_modules/react-dom/cjs/react-dom.development.js:86:30)
      at error (node_modules/react-dom/cjs/react-dom.development.js:60:7)
      at Object.render (node_modules/react-dom/cjs/react-dom.development.js:29670:5)
      at node_modules/@testing-library/react/dist/pure.js:101:25
      at act (node_modules/react/cjs/react.development.js:2512:16)
      at render (node_modules/@testing-library/react/dist/pure.js:97:26)
      at renderWithDnd (src/CustomRender.tsx:9:12)
      at Object.<anonymous> (src/App.test.tsx:165:9)

    console.error
      Warning: ReactDOM.render is no longer supported in React 18. Use createRoot instead. Until you switch to the new API, your app will behave as if it's running React 17. Learn more: https://reactjs.org/link/switch-to-createroot

      180 | describe("Add tasks tests", () => {
      181 |     beforeEach(() =>
    > 182 |         render(
          |         ^
      183 |             <AddTask
      184 |                 tasks={TASKS}
      185 |                 setTasks={

      at printWarning (node_modules/react-dom/cjs/react-dom.development.js:86:30)
      at error (node_modules/react-dom/cjs/react-dom.development.js:60:7)
      at Object.render (node_modules/react-dom/cjs/react-dom.development.js:29670:5)
      at node_modules/@testing-library/react/dist/pure.js:101:25
      at act (node_modules/react/cjs/react.development.js:2512:16)
      at render (node_modules/@testing-library/react/dist/pure.js:97:26)
      at Object.<anonymous> (src/App.test.tsx:182:9)

    console.error
      Warning: ReactDOM.render is no longer supported in React 18. Use createRoot instead. Until you switch to the new API, your app will behave as if it's running React 17. Learn more: https://reactjs.org/link/switch-to-createroot

      199 | describe("Testing EditTask", () => {
      200 |     beforeEach(() => {
    > 201 |         render(
          |         ^
      202 |             <EditTask tasks={TASKS} updateTasks={setTasks} task={testTask} />
      203 |         );
      204 |     });

      at printWarning (node_modules/react-dom/cjs/react-dom.development.js:86:30)
      at error (node_modules/react-dom/cjs/react-dom.development.js:60:7)
      at Object.render (node_modules/react-dom/cjs/react-dom.development.js:29670:5)
      at node_modules/@testing-library/react/dist/pure.js:101:25
      at act (node_modules/react/cjs/react.development.js:2512:16)
      at render (node_modules/@testing-library/react/dist/pure.js:97:26)
      at Object.<anonymous> (src/App.test.tsx:201:9)

  ● Tesing Central Item List in App › list is displayed

    TestingLibraryElementError: Unable to find an element with the text: Sample Tasks. This could be because the text is broken up by multiple elements. In this case, you can provide a function for your text matcher to make your matcher more flexible.

    Ignored nodes: comments, <script />, <style />
    [36m<body>[39m
      [36m<div>[39m
        [36m<div[39m
          [33mclass[39m=[32m"central-list"[39m
        [36m>[39m
          [36m<div[39m
            [33mclass[39m=[32m"row"[39m
          [36m>[39m
            [36m<div[39m
              [33mclass[39m=[32m"col"[39m
            [36m>[39m
              [36m<h2>[39m
                [0m Central Item List [0m
              [36m</h2>[39m
            [36m</div>[39m
            [36m<div[39m
              [33mclass[39m=[32m"col"[39m
            [36m>[39m
              [36m<div[39m
                [33mclass[39m=[32m"Centralsort-dropdown"[39m
              [36m>[39m
                [36m<button[39m
                  [33mclass[39m=[32m"Centralsort-dropbtn"[39m
                [36m>[39m
                  [0mSort by ▾[0m
                [36m</button>[39m
                [36m<div[39m
                  [33mclass[39m=[32m"Centralsort-options"[39m
                [36m>[39m
                  [36m<button[39m
                    [33mclass[39m=[32m"btn btn-primary"[39m
                    [33mtype[39m=[32m"button"[39m
                  [36m>[39m
                    [0mAlphabetical[0m
                    [0m [0m
                  [36m</button>[39m
                  [36m<button[39m
                    [33mclass[39m=[32m"btn btn-primary"[39m
                    [33mtype[39m=[32m"button"[39m
                  [36m>[39m
                    [0mDifficulty[0m
                    [0m [0m
                  [36m</button>[39m
                  [36m<button[39m
                    [33mclass[39m=[32m"btn btn-primary"[39m
                    [33mtype[39m=[32m"button"[39m
                  [36m>[39m
                    [0mTime [0m
                  [36m</button>[39m
                  [36m<button[39m
                    [33mclass[39m=[32m"btn btn-primary"[39m
                    [33mtype[39m=[32m"button"[39m
                  [36m>[39m
                    [0mNumber Users (Low to High)[0m
                    [0m [0m
                  [36m</button>[39m
                  [36m<button[39m
                    [33mclass[39m=[32m"btn btn-primary"[39m
                    [33mtype[39m=[32m"button"[39m
                  [36m>[39m
                    [0mReset[0m
                  [36m</button>[39m
                [36m</div>[39m
              [36m</div>[39m
            [36m</div>[39m
          [36m</div>[39m
          [36m<div[39m
            [33mclass[39m=[32m"central-tasks"[39m
          [36m>[39m
            [36m<div[39m
              [33mclass[39m=[32m"Task"[39m
              [33mdraggable[39m=[32m"true"[39m
            [36m>[39m
              [36m<button[39m
                [33mclass[39m=[32m"Task-Button btn btn-primary"[39m
                [33mstyle[39m=[32m"border: 0px;"[39m
                [33mtype[39m=[32m"button"[39m
              [36m>[39m
                [36m<div>[39m
                  [36m<h4>[39m
                    [0mHomework[0m
                  [36m</h4>[39m
                  [36m<img[39m
                    [33malt[39m=[32m""[39m
                    [33msrc[39m=[32m"homework.jpg"[39m
                    [33mwidth[39m=[32m"100px"[39m
                  [36m/>[39m
                [36m</div>[39m
              [36m</button>[39m
              [36m<div[39m
                [33mclass[39m=[32m"Task-Desc"[39m
                [33mhidden[39m=[32m""[39m
                [33mstyle[39m=[32m"border: 5px solid rgb(255, 239, 195);"[39m
              [36m>[39m
                [36m<p>[39m
                  [36m<strong>[39m
                    [0mTask: [0m
                    [0mHomework[0m
                  [36m</strong>[39m
                  [36m<br />[39m
                  [0mGet it done before the deadline.[0m
                  [36m<br />[39m
                  [36m<div>[39m
                    [36m<div[39m
                      [33mclass[39m=[32m"form-check"[39m
                    [36m>[39m
                      [36m<input[39m
                        [33mclass[39m=[32m"form-check-input"[39m
                        [33mid[39m=[32m"is-done-check"[39m
                        [33mtype[39m=[32m"checkbox"[39m
                      [36m/>[39m
                      [36m<label[39m
                        [33mclass[39m=[32m"form-check-label"[39m
                        [33mfor[39m=[32m"is-done-check"[39m
                        [33mtitle[39m=[32m""[39m
                      [36m>[39m
                        [0mCompletion Status: ❌[0m
                      [36m</label>[39m
                    [36m</div>[39m
                    [36m<div>[39m
                      [36m<button[39m
                        [33mclass[39m=[32m"btn btn-primary"[39m
                        [33mhidden[39m=[32m""[39m
                        [33mtype[39m=[32m"button"[39m
                      [36m>[39m
                        [0mConfirm[0m
                      [36m</button>[39m
                    [36m</div>[39m
                  [36m</div>[39m
                  [36m<br />[39m
                  [0mDifficulty: [0m
                  [0m0[0m
                  [36m<br />[39m
                  [0mTime: [0m
                  [0m1800[0m
                  [36m<br />[39m
                  [0mSteps:[0m
                  [36m<ol[39m
                    [33mstyle[39m=[32m"list-style-type: decimal;"[39m
                  [36m/>[39m
                  [36m<div>[39m
                    [36m<div>[39m
                      [0mNumber of Users: [0m
                      [0m0[0m
                    [36m</div>[39m
                  [36m</div>[39m
                  [36m<div>[39m
                    [36m<div>[39m
                      [36m<div>[39m
                        [36m<button[39m
                          [33mclass[39m=[32m"btn btn-primary"[39m
                          [33mstyle[39m=[32m"background-color: red; width: 100px; height: 40px; display: inline-block; margin-left: 220px;"[39m
                          [33mtype[39m=[32m"button"[39m
                        [36m>[39m
                          [0mEdit ✏️[0m
                        [36m</button>[39m
                      [36m</div>[39m
                    [36m</div>[39m
                  [36m</div>[39m
                [36m</p>[39m
              [36m</div>[39m
            [36m</div>[39m
            [36m<div[39m
              [33mclass[39m=[32m"Task"[39m
              [33mdraggable[39m=[32m"true"[39m
            [36m>[39m
              [36m<button[39m
                [33mclass[39m=[32m"Task-Button btn btn-primary"[39m
                [33mstyle[39m=[32m"border: 0px;"[39m
                [33mtype[39m=[32m"button"[39m
              [36m>[39m
                [36m<div>[39m
                  [36m<h4>[39m
                    [0mGet gas[0m
                  [36m</h4>[39m
                  [36m<img[39m
                    [33malt[39m=[32m""[39m
                    [33msrc[39m=[32m"gas.jpg"[39m
                    [33mwidth[39m=[32m"100px"[39m
                  [36m/>[39m
                [36m</div>[39m
              [36m</button>[39m
              [36m<div[39m
                [33mclass[39m=[32m"Task-Desc"[39m
                [33mhidden[39m=[32m""[39m
                [33mstyle[39m=[32m"border: 5px solid rgb(255, 239, 195);"[39m
              [36m>[39m
                [36m<p>[39m
                  [36m<strong>[39m
                    [0mTask...

      70 |     });
      71 |     test("list is displayed", () => {
    > 72 |         const listDisplayed = screen.getByText("Sample Tasks");
         |                                      ^
      73 |         expect(listDisplayed).toBeInTheDocument();
      74 |     });
      75 | });

      at Object.getElementError (node_modules/@testing-library/dom/dist/config.js:38:19)
      at node_modules/@testing-library/dom/dist/query-helpers.js:90:38
      at node_modules/@testing-library/dom/dist/query-helpers.js:62:17
      at getByText (node_modules/@testing-library/dom/dist/query-helpers.js:111:19)
      at Object.<anonymous> (src/App.test.tsx:72:38)

  ● Tesing Admin List in App › list not seen by super

    Invariant Violation: Expected drag drop context

      27 |     const [byDifficulty, setByDifficulty] = useState<boolean>(false);
      28 |
    > 29 |     const [{ isOver }, drop] = useDrop({
         |                                ^
      30 |         accept: "task",
      31 |         drop: (item: Task) => addTaskToAdminList(item.id),
      32 |         collect: (monitor) => ({

      at invariant (node_modules/@react-dnd/invariant/src/index.ts:28:12)
      at useDragDropManager (node_modules/react-dnd/src/hooks/useDragDropManager.ts:12:2)
      at useDropTargetMonitor (node_modules/react-dnd/src/hooks/useDrop/useDropTargetMonitor.ts:8:18)
      at useDrop (node_modules/react-dnd/src/hooks/useDrop/useDrop.ts:26:18)
      at AdminList (src/list-components/adminlist.tsx:29:32)
      at renderWithHooks (node_modules/react-dom/cjs/react-dom.development.js:16305:18)
      at mountIndeterminateComponent (node_modules/react-dom/cjs/react-dom.development.js:20074:13)
      at beginWork (node_modules/react-dom/cjs/react-dom.development.js:21587:16)
      at beginWork$1 (node_modules/react-dom/cjs/react-dom.development.js:27426:14)
      at performUnitOfWork (node_modules/react-dom/cjs/react-dom.development.js:26560:12)
      at workLoopSync (node_modules/react-dom/cjs/react-dom.development.js:26466:5)
      at renderRootSync (node_modules/react-dom/cjs/react-dom.development.js:26434:7)
      at performSyncWorkOnRoot (node_modules/react-dom/cjs/react-dom.development.js:26085:20)
      at flushSyncCallbacks (node_modules/react-dom/cjs/react-dom.development.js:12042:22)
      at flushSync (node_modules/react-dom/cjs/react-dom.development.js:26201:7)
      at legacyCreateRootFromDOMContainer (node_modules/react-dom/cjs/react-dom.development.js:29575:5)
      at legacyRenderSubtreeIntoContainer (node_modules/react-dom/cjs/react-dom.development.js:29601:12)
      at Object.render (node_modules/react-dom/cjs/react-dom.development.js:29685:10)
      at node_modules/@testing-library/react/dist/pure.js:101:25
      at act (node_modules/react/cjs/react.development.js:2512:16)
      at render (node_modules/@testing-library/react/dist/pure.js:97:26)
      at Object.<anonymous> (src/App.test.tsx:139:31)

  ● Tesing Admin List in App › list not seen by user

    expect(element).toBeEmptyDOMElement()

    Received:
      "<div class=\"pending-list\"><div class=\"row\"><div class=\"col\"><div class=\"trashClosed\"><img src=\"trashCanClosed.jpg\" width=\"100px\"></div></div><div class=\"col\"><h2> Pending List </h2></div><div class=\"col\"><div class=\"Pendingsort-dropdown\"><button class=\"Pendingsort-dropbtn\">Sort by ▾</button><div class=\"Pendingsort-options\"><button type=\"button\" class=\"btn btn-primary\">Alphabetical </button><button type=\"button\" class=\"btn btn-primary\">Difficulty </button><button type=\"button\" class=\"btn btn-primary\">Time </button><button type=\"button\" class=\"btn btn-primary\">Reset</button></div></div></div></div><div class=\"pending-tasks\" style=\"background-color: white;\"></div></div>"

      158 |             ></AdminList>
      159 |         );
    > 160 |         expect(container).toBeEmptyDOMElement();
          |                           ^
      161 |     });
      162 | });
      163 | describe("Testing Delete task in App", () => {

      at Object.<anonymous> (src/App.test.tsx:160:27)

  ● Testing EditTask › edit Task button appears

    TestingLibraryElementError: Unable to find an accessible element with the role "button" and name "Edit Task"

    Here are the accessible roles:

      button:

      Name "Edit ✏️":
      [36m<button[39m
        [33mclass[39m=[32m"btn btn-primary"[39m
        [33mstyle[39m=[32m"background-color: red; width: 100px; height: 40px; display: inline-block; margin-left: 220px;"[39m
        [33mtype[39m=[32m"button"[39m
      [36m/>[39m

      --------------------------------------------------

    Ignored nodes: comments, <script />, <style />
    [36m<body>[39m
      [36m<div>[39m
        [36m<div>[39m
          [36m<button[39m
            [33mclass[39m=[32m"btn btn-primary"[39m
            [33mstyle[39m=[32m"background-color: red; width: 100px; height: 40px; display: inline-block; margin-left: 220px;"[39m
            [33mtype[39m=[32m"button"[39m
          [36m>[39m
            [0mEdit ✏️[0m
          [36m</button>[39m
        [36m</div>[39m
      [36m</div>[39m
    [36m</body>[39m

      204 |     });
      205 |     test("edit Task button appears", () => {
    > 206 |         const editButton = screen.getByRole("button", { name: "Edit Task" });
          |                                   ^
      207 |         expect(editButton).toBeInTheDocument();
      208 |     });
      209 | });

      at Object.getElementError (node_modules/@testing-library/dom/dist/config.js:38:19)
      at node_modules/@testing-library/dom/dist/query-helpers.js:90:38
      at node_modules/@testing-library/dom/dist/query-helpers.js:62:17
      at getByRole (node_modules/@testing-library/dom/dist/query-helpers.js:111:19)
      at Object.<anonymous> (src/App.test.tsx:206:35)

FAIL src/list-components/filterlists.test.tsx
  ● filter › Testing the filter by time needed function

    expect(received).toEqual(expected) // deep equality

    - Expected  - 3
    + Received  + 6

    @@ -1,9 +1,10 @@
      Array [
        Object {
          "description": "a good description",
          "difficulty": 5,
    +     "id": 12,
          "image": "picture",
          "name": "test3",
          "numUsers": 1,
          "pendingMode": false,
          "status": false,
    @@ -12,15 +13,16 @@
            "b",
            "c",
            "GutenTag",
            "469476",
          ],
    -     "time": 875,
    +     "time": "875",
        },
        Object {
          "description": "this is the description",
          "difficulty": 4,
    +     "id": 1,
          "image": "picture",
          "name": "test2",
          "numUsers": 0,
          "pendingMode": false,
          "status": false,
    @@ -29,15 +31,16 @@
            "b",
            "c",
            "GutenTag",
            "469476",
          ],
    -     "time": 1300,
    +     "time": "1300",
        },
        Object {
          "description": "description a",
          "difficulty": 8,
    +     "id": 1,
          "image": "picture",
          "name": "test1",
          "numUsers": 3,
          "pendingMode": false,
          "status": false,
    @@ -46,8 +49,8 @@
            "b",
            "c",
            "GutenTag",
            "469476",
          ],
    -     "time": 1346,
    +     "time": "1346",
        },
      ]

      46 | describe("filter", () => {
      47 |     test("Testing the filter by time needed function", () => {
    > 48 |         expect(filter_by_time_needed(TaskList)).toEqual([
         |                                                 ^
      49 |             {
      50 |                 name: "test3",
      51 |                 description: "a good description",

      at Object.<anonymous> (src/list-components/filterlists.test.tsx:48:49)

  ● filter › Testing the filter by alphabetical order function

    expect(received).toEqual(expected) // deep equality

    - Expected  - 3
    + Received  + 6

    @@ -1,9 +1,10 @@
      Array [
        Object {
          "description": "description a",
          "difficulty": 8,
    +     "id": 1,
          "image": "picture",
          "name": "test1",
          "numUsers": 3,
          "pendingMode": false,
          "status": false,
    @@ -12,15 +13,16 @@
            "b",
            "c",
            "GutenTag",
            "469476",
          ],
    -     "time": 1346,
    +     "time": "1346",
        },
        Object {
          "description": "this is the description",
          "difficulty": 4,
    +     "id": 1,
          "image": "picture",
          "name": "test2",
          "numUsers": 0,
          "pendingMode": false,
          "status": false,
    @@ -29,15 +31,16 @@
            "b",
            "c",
            "GutenTag",
            "469476",
          ],
    -     "time": 1300,
    +     "time": "1300",
        },
        Object {
          "description": "a good description",
          "difficulty": 5,
    +     "id": 12,
          "image": "picture",
          "name": "test3",
          "numUsers": 1,
          "pendingMode": false,
          "status": false,
    @@ -46,8 +49,8 @@
            "b",
            "c",
            "GutenTag",
            "469476",
          ],
    -     "time": 875,
    +     "time": "875",
        },
      ]

      83 |     });
      84 |     test("Testing the filter by alphabetical order function", () => {
    > 85 |         expect(filter_by_alphabetical_order(TaskList)).toEqual([
         |                                                        ^
      86 |             {
      87 |                 name: "test1",
      88 |                 description: "description a",

      at Object.<anonymous> (src/list-components/filterlists.test.tsx:85:56)

  ● filter › Testing the filter by dificulty function

    expect(received).toEqual(expected) // deep equality

    - Expected  - 3
    + Received  + 6

    @@ -1,9 +1,10 @@
      Array [
        Object {
          "description": "this is the description",
          "difficulty": 4,
    +     "id": 1,
          "image": "picture",
          "name": "test2",
          "numUsers": 0,
          "pendingMode": false,
          "status": false,
    @@ -12,15 +13,16 @@
            "b",
            "c",
            "GutenTag",
            "469476",
          ],
    -     "time": 1300,
    +     "time": "1300",
        },
        Object {
          "description": "a good description",
          "difficulty": 5,
    +     "id": 12,
          "image": "picture",
          "name": "test3",
          "numUsers": 1,
          "pendingMode": false,
          "status": false,
    @@ -29,15 +31,16 @@
            "b",
            "c",
            "GutenTag",
            "469476",
          ],
    -     "time": 875,
    +     "time": "875",
        },
        Object {
          "description": "description a",
          "difficulty": 8,
    +     "id": 1,
          "image": "picture",
          "name": "test1",
          "numUsers": 3,
          "pendingMode": false,
          "status": false,
    @@ -46,8 +49,8 @@
            "b",
            "c",
            "GutenTag",
            "469476",
          ],
    -     "time": 1346,
    +     "time": "1346",
        },
      ]

      120 |     });
      121 |     test("Testing the filter by dificulty function", () => {
    > 122 |         expect(filter_by_difficulty(TaskList)).toEqual([
          |                                                ^
      123 |             {
      124 |                 name: "test2",
      125 |                 description: "this is the description",

      at Object.<anonymous> (src/list-components/filterlists.test.tsx:122:48)

  ● filter › Testing the filter by NumUser function

    expect(received).toEqual(expected) // deep equality

    - Expected  - 3
    + Received  + 6

    @@ -1,9 +1,10 @@
      Array [
        Object {
          "description": "this is the description",
          "difficulty": 4,
    +     "id": 1,
          "image": "picture",
          "name": "test2",
          "numUsers": 0,
          "pendingMode": false,
          "status": false,
    @@ -12,15 +13,16 @@
            "b",
            "c",
            "GutenTag",
            "469476",
          ],
    -     "time": 1300,
    +     "time": "1300",
        },
        Object {
          "description": "a good description",
          "difficulty": 5,
    +     "id": 12,
          "image": "picture",
          "name": "test3",
          "numUsers": 1,
          "pendingMode": false,
          "status": false,
    @@ -29,15 +31,16 @@
            "b",
            "c",
            "GutenTag",
            "469476",
          ],
    -     "time": 875,
    +     "time": "875",
        },
        Object {
          "description": "description a",
          "difficulty": 8,
    +     "id": 1,
          "image": "picture",
          "name": "test1",
          "numUsers": 3,
          "pendingMode": false,
          "status": false,
    @@ -46,8 +49,8 @@
            "b",
            "c",
            "GutenTag",
            "469476",
          ],
    -     "time": 1346,
    +     "time": "1346",
        },
      ]

      157 |     });
      158 |     test("Testing the filter by NumUser function", () => {
    > 159 |         expect(filter_by_numUsers(TaskList)).toEqual([
          |                                              ^
      160 |             {
      161 |                 name: "test2",
      162 |                 description: "this is the description",

      at Object.<anonymous> (src/list-components/filterlists.test.tsx:159:46)

FAIL src/list-components/UserList.test.tsx
  ● Console

    console.error
      Warning: ReactDOM.render is no longer supported in React 18. Use createRoot instead. Until you switch to the new API, your app will behave as if it's running React 17. Learn more: https://reactjs.org/link/switch-to-createroot

       7 | export const renderWithDnd = (ui: {} | null | undefined) => {
       8 |     // eslint-disable-next-line react/prop-types
    >  9 |     return render(<DndProvider backend={HTML5Backend}>{ui}</DndProvider>);
         |            ^
      10 | };
      11 |

      at printWarning (node_modules/react-dom/cjs/react-dom.development.js:86:30)
      at error (node_modules/react-dom/cjs/react-dom.development.js:60:7)
      at Object.render (node_modules/react-dom/cjs/react-dom.development.js:29670:5)
      at node_modules/@testing-library/react/dist/pure.js:101:25
      at act (node_modules/react/cjs/react.development.js:2512:16)
      at render (node_modules/@testing-library/react/dist/pure.js:97:26)
      at renderWithDnd (src/CustomRender.tsx:9:12)
      at Object.<anonymous> (src/list-components/UserList.test.tsx:70:9)

    console.error
      Warning: validateDOMNesting(...): <div> cannot appear as a descendant of <p>.
          at div
          at /home/runner/work/team18/team18/node_modules/react-bootstrap/cjs/FormCheck.js:31:3
          at div
          at EditStatus (/home/runner/work/team18/team18/src/editing-components/EditStatus.tsx:17:56)
          at p
          at div
          at div
          at DisplayTask (/home/runner/work/team18/team18/src/list-components/DisplayTask.tsx:31:43)
          at div
          at div
          at UserList (/home/runner/work/team18/team18/src/list-components/UserList.tsx:27:5)
          at DndProvider (/home/runner/work/team18/team18/node_modules/react-dnd/src/core/DndProvider.tsx:28:25)

      at printWarning (node_modules/react-dom/cjs/react-dom.development.js:86:30)
      at error (node_modules/react-dom/cjs/react-dom.development.js:60:7)
      at validateDOMNesting (node_modules/react-dom/cjs/react-dom.development.js:10849:7)
      at createInstance (node_modules/react-dom/cjs/react-dom.development.js:10930:5)
      at completeWork (node_modules/react-dom/cjs/react-dom.development.js:22187:28)
      at completeUnitOfWork (node_modules/react-dom/cjs/react-dom.development.js:26593:16)
      at performUnitOfWork (node_modules/react-dom/cjs/react-dom.development.js:26568:5)
      at workLoopSync (node_modules/react-dom/cjs/react-dom.development.js:26466:5)

    console.error
      Warning: validateDOMNesting(...): <ol> cannot appear as a descendant of <p>.
          at ol
          at p
          at div
          at div
          at DisplayTask (/home/runner/work/team18/team18/src/list-components/DisplayTask.tsx:31:43)
          at div
          at div
          at UserList (/home/runner/work/team18/team18/src/list-components/UserList.tsx:27:5)
          at DndProvider (/home/runner/work/team18/team18/node_modules/react-dnd/src/core/DndProvider.tsx:28:25)

      at printWarning (node_modules/react-dom/cjs/react-dom.development.js:86:30)
      at error (node_modules/react-dom/cjs/react-dom.development.js:60:7)
      at validateDOMNesting (node_modules/react-dom/cjs/react-dom.development.js:10849:7)
      at createInstance (node_modules/react-dom/cjs/react-dom.development.js:10930:5)
      at completeWork (node_modules/react-dom/cjs/react-dom.development.js:22187:28)
      at completeUnitOfWork (node_modules/react-dom/cjs/react-dom.development.js:26593:16)
      at performUnitOfWork (node_modules/react-dom/cjs/react-dom.development.js:26568:5)
      at workLoopSync (node_modules/react-dom/cjs/react-dom.development.js:26466:5)

    console.error
      Warning: ReactDOM.render is no longer supported in React 18. Use createRoot instead. Until you switch to the new API, your app will behave as if it's running React 17. Learn more: https://reactjs.org/link/switch-to-createroot

       7 | export const renderWithDnd = (ui: {} | null | undefined) => {
       8 |     // eslint-disable-next-line react/prop-types
    >  9 |     return render(<DndProvider backend={HTML5Backend}>{ui}</DndProvider>);
         |            ^
      10 | };
      11 |

      at printWarning (node_modules/react-dom/cjs/react-dom.development.js:86:30)
      at error (node_modules/react-dom/cjs/react-dom.development.js:60:7)
      at Object.render (node_modules/react-dom/cjs/react-dom.development.js:29670:5)
      at node_modules/@testing-library/react/dist/pure.js:101:25
      at act (node_modules/react/cjs/react.development.js:2512:16)
      at render (node_modules/@testing-library/react/dist/pure.js:97:26)
      at renderWithDnd (src/CustomRender.tsx:9:12)
      at Object.<anonymous> (src/list-components/UserList.test.tsx:70:9)

    console.error
      Warning: ReactDOM.render is no longer supported in React 18. Use createRoot instead. Until you switch to the new API, your app will behave as if it's running React 17. Learn more: https://reactjs.org/link/switch-to-createroot

       7 | export const renderWithDnd = (ui: {} | null | undefined) => {
       8 |     // eslint-disable-next-line react/prop-types
    >  9 |     return render(<DndProvider backend={HTML5Backend}>{ui}</DndProvider>);
         |            ^
      10 | };
      11 |

      at printWarning (node_modules/react-dom/cjs/react-dom.development.js:86:30)
      at error (node_modules/react-dom/cjs/react-dom.development.js:60:7)
      at Object.render (node_modules/react-dom/cjs/react-dom.development.js:29670:5)
      at node_modules/@testing-library/react/dist/pure.js:101:25
      at act (node_modules/react/cjs/react.development.js:2512:16)
      at render (node_modules/@testing-library/react/dist/pure.js:97:26)
      at renderWithDnd (src/CustomRender.tsx:9:12)
      at Object.<anonymous> (src/list-components/UserList.test.tsx:70:9)

    console.error
      Warning: ReactDOM.render is no longer supported in React 18. Use createRoot instead. Until you switch to the new API, your app will behave as if it's running React 17. Learn more: https://reactjs.org/link/switch-to-createroot

       7 | export const renderWithDnd = (ui: {} | null | undefined) => {
       8 |     // eslint-disable-next-line react/prop-types
    >  9 |     return render(<DndProvider backend={HTML5Backend}>{ui}</DndProvider>);
         |            ^
      10 | };
      11 |

      at printWarning (node_modules/react-dom/cjs/react-dom.development.js:86:30)
      at error (node_modules/react-dom/cjs/react-dom.development.js:60:7)
      at Object.render (node_modules/react-dom/cjs/react-dom.development.js:29670:5)
      at node_modules/@testing-library/react/dist/pure.js:101:25
      at act (node_modules/react/cjs/react.development.js:2512:16)
      at render (node_modules/@testing-library/react/dist/pure.js:97:26)
      at renderWithDnd (src/CustomRender.tsx:9:12)
      at Object.<anonymous> (src/list-components/UserList.test.tsx:99:31)

    console.error
      Warning: ReactDOM.render is no longer supported in React 18. Use createRoot instead. Until you switch to the new API, your app will behave as if it's running React 17. Learn more: https://reactjs.org/link/switch-to-createroot

       7 | export const renderWithDnd = (ui: {} | null | undefined) => {
       8 |     // eslint-disable-next-line react/prop-types
    >  9 |     return render(<DndProvider backend={HTML5Backend}>{ui}</DndProvider>);
         |            ^
      10 | };
      11 |

      at printWarning (node_modules/react-dom/cjs/react-dom.development.js:86:30)
      at error (node_modules/react-dom/cjs/react-dom.development.js:60:7)
      at Object.render (node_modules/react-dom/cjs/react-dom.development.js:29670:5)
      at node_modules/@testing-library/react/dist/pure.js:101:25
      at act (node_modules/react/cjs/react.development.js:2512:16)
      at render (node_modules/@testing-library/react/dist/pure.js:97:26)
      at renderWithDnd (src/CustomRender.tsx:9:12)
      at Object.<anonymous> (src/list-components/UserList.test.tsx:115:31)

  ● Testing User List › Check presence of header

    TestingLibraryElementError: Unable to find an accessible element with the role "heading" and name `/List/i`

    Here are the accessible roles:

      img:

      Name "":
      [36m<img[39m
        [33msrc[39m=[32m"trashCanClosed.jpg"[39m
        [33mwidth[39m=[32m"100px"[39m
      [36m/>[39m

      Name "":
      [36m<img[39m
        [33malt[39m=[32m""[39m
        [33msrc[39m=[32m"picture"[39m
        [33mwidth[39m=[32m"100px"[39m
      [36m/>[39m

      Name "":
      [36m<img[39m
        [33malt[39m=[32m""[39m
        [33msrc[39m=[32m"picture"[39m
        [33mwidth[39m=[32m"100px"[39m
      [36m/>[39m

      Name "":
      [36m<img[39m
        [33malt[39m=[32m""[39m
        [33msrc[39m=[32m"picture"[39m
        [33mwidth[39m=[32m"100px"[39m
      [36m/>[39m

      --------------------------------------------------
      heading:

      Name "user1's Schedule":
      [36m<h2 />[39m

      Name "test1":
      [36m<h4 />[39m

      Name "test2":
      [36m<h4 />[39m

      Name "test3":
      [36m<h4 />[39m

      --------------------------------------------------
      button:

      Name "Sort by ▾":
      [36m<button[39m
        [33mclass[39m=[32m"Usersort-dropbtn"[39m
      [36m/>[39m

      Name "Alphabetical":
      [36m<button[39m
        [33mclass[39m=[32m"btn btn-primary"[39m
        [33mtype[39m=[32m"button"[39m
      [36m/>[39m

      Name "Difficulty":
      [36m<button[39m
        [33mclass[39m=[32m"btn btn-primary"[39m
        [33mtype[39m=[32m"button"[39m
      [36m/>[39m

      Name "Time Needed":
      [36m<button[39m
        [33mclass[39m=[32m"btn btn-primary"[39m
        [33mtype[39m=[32m"button"[39m
      [36m/>[39m

      Name "Search:":
      [36m<button[39m
        [33mclass[39m=[32m"btn btn-primary"[39m
        [33mtype[39m=[32m"button"[39m
      [36m/>[39m

      Name "test1":
      [36m<button[39m
        [33mclass[39m=[32m"Task-Button btn btn-primary"[39m
        [33mstyle[39m=[32m"border: 0px;"[39m
        [33mtype[39m=[32m"button"[39m
      [36m/>[39m

      Name "test2":
      [36m<button[39m
        [33mclass[39m=[32m"Task-Button btn btn-primary"[39m
        [33mstyle[39m=[32m"border: 0px;"[39m
        [33mtype[39m=[32m"button"[39m
      [36m/>[39m

      Name "test3":
      [36m<button[39m
        [33mclass[39m=[32m"Task-Button btn btn-primary"[39m
        [33mstyle[39m=[32m"border: 0px;"[39m
        [33mtype[39m=[32m"button"[39m
      [36m/>[39m

      --------------------------------------------------

    Ignored nodes: comments, <script />, <style />
    [36m<body>[39m
      [36m<div>[39m
        [36m<div[39m
          [33mclass[39m=[32m"UserList"[39m
        [36m>[39m
          [36m<div[39m
            [33mclass[39m=[32m"row"[39m
          [36m>[39m
            [36m<div[39m
              [33mclass[39m=[32m"col"[39m
            [36m>[39m
              [36m<div[39m
                [33mclass[39m=[32m"trashClosed"[39m
              [36m>[39m
                [36m<img[39m
                  [33msrc[39m=[32m"trashCanClosed.jpg"[39m
                  [33mwidth[39m=[32m"100px"[39m
                [36m/>[39m
              [36m</div>[39m
            [36m</div>[39m
            [36m<div[39m
              [33mclass[39m=[32m"col"[39m
            [36m>[39m
              [36m<h2>[39m
                [0muser1[0m
                [0m's Schedule[0m
              [36m</h2>[39m
            [36m</div>[39m
            [36m<div[39m
              [33mclass[39m=[32m"col"[39m
            [36m>[39m
              [36m<div[39m
                [33mclass[39m=[32m"Usersort-dropdown"[39m
              [36m>[39m
                [36m<button[39m
                  [33mclass[39m=[32m"Usersort-dropbtn"[39m
                [36m>[39m
                  [0mSort by ▾[0m
                [36m</button>[39m
                [36m<div[39m
                  [33mclass[39m=[32m"Usersort-options"[39m
                [36m>[39m
                  [36m<button[39m
                    [33mclass[39m=[32m"btn btn-primary"[39m
                    [33mtype[39m=[32m"button"[39m
                  [36m>[39m
                    [0mAlphabetical[0m
                    [0m [0m
                  [36m</button>[39m
                  [36m<button[39m
                    [33mclass[39m=[32m"btn btn-primary"[39m
                    [33mtype[39m=[32m"button"[39m
                  [36m>[39m
                    [0mDifficulty[0m
                    [0m [0m
                  [36m</button>[39m
                  [36m<button[39m
                    [33mclass[39m=[32m"btn btn-primary"[39m
                    [33mtype[39m=[32m"button"[39m
                  [36m>[39m
                    [0mTime Needed[0m
                    [0m [0m
                  [36m</button>[39m
                [36m</div>[39m
              [36m</div>[39m
            [36m</div>[39m
          [36m</div>[39m
          [36m<div[39m
            [33mclass[39m=[32m"row"[39m
          [36m>[39m
            [36m<button[39m
              [33mclass[39m=[32m"btn btn-primary"[39m
              [33mtype[39m=[32m"button"[39m
            [36m>[39m
              [0mSearch:[0m
            [36m</button>[39m
          [36m</div>[39m
          [36m<div[39m
            [33mclass[39m=[32m"userTaskList"[39m
            [33mstyle[39m=[32m"background-color: white;"[39m
          [36m>[39m
            [36m<div[39m
              [33mclass[39m=[32m"Task"[39m
              [33mdraggable[39m=[32m"true"[39m
            [36m>[39m
              [36m<button[39m
                [33mclass[39m=[32m"Task-Button btn btn-primary"[39m
                [33mstyle[39m=[32m"border: 0px;"[39m
                [33mtype[39m=[32m"button"[39m
              [36m>[39m
                [36m<div>[39m
                  [36m<h4>[39m
                    [0mtest1[0m
                  [36m</h4>[39m
                  [36m<img[39m
                    [33malt[39m=[32m""[39m
                    [33msrc[39m=[32m"picture"[39m
                    [33mwidth[39m=[32m"100px"[39m
                  [36m/>[39m
                [36m</div>[39m
              [36m</button>[39m
              [36m<div[39m
                [33mclass[39m=[32m"Task-Desc"[39m
                [33mhidden[39m=[32m""[39m
                [33mstyle[39m=[32m"border: 5px solid rgb(255, 239, 195);"[39m
              [36m>[39m
                [36m<p>[39m
                  [36m<strong>[39m
                    [0mTask: [0m
                    [0mtest1[0m
                  [36m</strong>[39m
                  [36m<br />[39m
                  [0mdescription a[0m
                  [36m<br />[39m
                  [36m<div>[39m
                    [36m<div[39m
                      [33mclass[39m=[32m"form-check"[39m
                    [36m>[39m
                      [36m<input[39m
                        [33mclass[39m=[32m"form-check-input"[39m
                        [33mid[39m=[32m"is-done-check"[39m
                        [33mtype[39m=[32m"checkbox"[39m
                      [36m/>[39m
                      [36m<label[39m
                        [33mclass[39m=[32m"form-check-label"[39m
                        [33mfor[39m=[32m"is-done-check"[39m
                        [33mtitle[39m=[32m""[39m
                      [36m>[39m
                        [0mCompletion Status: ❌[0m
                      [36m</label>[39m
                    [36m</div>[39m
                    [36m<div>[39m
                      [36m<button[39m
                        [33mclass[39m=[32m"btn btn-primary"[39m
                        [33mhidden[39m=[32m""[39m
                        [33mtype[39m=[32m"button"[39m
                      [36m>[39m
                        [0mConfirm[0m
                      [36m</button>[39m
                    [36m</div>[39m
                  [36m</div>[39m
                  [36m<br />[39m
                  [0mDifficulty: [0m
                  [0m3[0m
                  [36m<br />[39m
                  [0mTime: [0m
                  [0m1345[0m
                  [36m<br />[39m
                  [0mSteps:[0m
                  [36m<ol[39m
                    [33mstyle[39m=[32m"list-style-type: decimal;"[39m
                  [36m>[39m
                    [36m<li>[39m
                      [0ma[0m
                    [36m</li>[39m
                    [36m<li>[39m
                      [0mb[0m
                    [36m</li>[39m
                    [36m<li>[39m
                      [0mc[0m
                    [36m</li>[39m
                    [36m<li>[39m
                      [0mGutenTag[0m
                    [36m</li>[39m
                    [36m<li>[39m
                      [0m469476[0m
                    [36m</li>[39m
                  [36m</ol>[39m
                  [36m<div>[39m
                    [36m<div />[39m
                  [36m</div>[39m
                  [36m<div>[39m
                    [36m<div>[39m
                      [36m<div>[39m
                        [36m<button[39m
                          [33mclass[39m=[32m"btn btn-primary"[39m
                          [33mstyle[39m=[32m"background-color: red; width: 100px; height: 40px; display: inline-block; margin-left: 220px;"[39m
                          [33mtype[39m=[32m"button"[39m
                        [36m>[39m
                          [0mEdit ✏️[0m
                        [36m</button>[39m
                      [36m</div>[39m
                    [36m</div>[39m
                  [36m</div>[39m
                [36m</p>[39m
              [36m</div>[39m
            [36m</div>[39m
            [36m<div[39m
              [33mclass[39m=[32m"Task"[39m
              [33mdraggable[39m=[32m"true"[39m
            [36m>[39m
              [36m<button[39m
                [33mclass[39m=[32m"Task-Button btn btn-primary"[39m
                [33mstyle[39m=[32m"border: 0px;"[39m
                [33mtype[39m=[32m"button"[39m
              [36m>[39m
                [36m<div>[39m
                  [36m<h4>[39m
                    [0mtest2[0m
                  [36m</h4>[39m
                  [36m<img[39m
                    [33malt[39m=[32m""[39m
                    [33msrc[39m=[32m"picture"[39m
                    [33mwidth[39m=[32m"100px"[39m
                  [36m/>[39m
                [36m</div>[39m
              [36m</button>[39m
              [36m<div[39m
                [33mclass[39m=[32m"Task-Desc"[39m
                [33mhidden[39m=[32m""[39m
                [33mstyle[39m=[32m"border: 5px solid rgb(255, 239, 195);"[39m
              [36m>[39m
                [36m<p>[39m
                  [36m<strong>[39m
                    [0mTask: [0m
                    [0mtest2[0m
                  [36m</strong>[39m
                  [36m<br />[39m
                  [0mthis is the description[0m
                  [36m<br />[39m
                  [36m<div>[39m
                    [36m<div[39m
                      [33mclass[39m=[32m"form-check"[39m
                    [36m>[39m
                      [36m<input[39m
                        [33mclass[39m=[32m"form-check-input"[39m
                        [33mid[39m=[32m"is-done-check"[39m
                        [33mtype[39m=[32m"checkbox"[39m
                      [36m/>[39m
                      [36m<label[39m
                        [33mclass[39m=[32m"form-check-label"[39m
                        [33mfor[39m=[32m"is-done-check"[39m
                        [33mtitle[39m=[32m""[39m
                      [36m>[39m
                        [0mCompletion Status: ❌[0m
                      [36m</label>[39m
                    [36m</div>[39m
                    [36m<div>[39m
                      [36m<button[39m
                        [33mclass[39m=[32m"btn btn-primary"[39m
                        [33mhidden[39m=[32m""[39m
                        [33mtype[39m=[32m"button"[39m
                      [36m>[39m
                        [0mConfirm[0m
                      [36m</button>[39m
                    [36m</div>[39m
                  [36m</div>[39m
                  [36m<br />[39m
                  [0mDifficulty: [0m
                  [0m3[0m
                  [36m<br />[39m
                  [0mTime: [0m
                  [0m1345[0m
                  [36m<br />[39m
                  [0mSteps:[0m
                  [36m<ol[39m
                    [33mstyle[39m=[32m"list-style-type: decimal;"[39m
                  [36m>[39m
                    [36m<li>[39m
                      [0ma[0m
                    [36m</li>[39m
                    [36m<li>[39m
                      [0mb[0m
                    [36m</li>[39m
                    [36m<li>[39m
                      [0mc[0m
                    [36m</li>[39m
                    [36m<li>[39m
                      [0mGutenTag[0m
                    [36m</li>[39m
                    [36m<li>[39m
                      [0m469476[0m
                    [36m</li>[39m
                  [36m</ol>[39m
                  [36m<div>[39m
                    [36m<div />[39m
                  [36m</div>[39m
                  [36m<div>[39m
                    [36m<div>[39m
                      [36m<div>[39m
                        [36m<button[39m
                          [33mclass[39m=[32m"btn btn-primary"[39m
                          [33mstyle[39m=[32m"background-color: red; width: 100px; height: 40px; display: inline-block; margin-left: 220px;"[39m
                          [33mtype[39m=[32m"button"[39m
                        [36m>[39m
                          [0mEdit ✏️[0m
                        [36m</button>[39m
                      [36m</div>[39m
                    [36m</div>[39m
                  [36m</div>[39m
                [36m</p>[39m
              [36m</div>[39m
            [36m</div>[39m
            [36m<div[39m
              [33mclass[39m=[32m"Task"[39m
              [33mdraggable[39m=[32m"true"[39m
            [36m>[39m
              [36m<button[39m
                [33mclass[39m=[32m"Task-Button btn btn-primary"[39m
                [33mstyle[39m=[32m"border: 0px;"[39m
                [33mtype[39m=[32m"button"[39m
              [36m>[39m
                [36m<div>[39m
                  [36m<h4>[39m
                    [0mtest3[0m
                  [36m</h4>[39m
                  [36m<img[39m
                    [33malt[39m=[32m""[39m
                    [33msrc[39m=[32m"picture"[39m
                    [33mwidth[39m=[32m"100px"[39m
                  [36m/>[39m
                [36m</div>[39m
              [36m</button>[39m
              [36m<div[39m
                [33mclass[39m=[32m"Task-Desc"[39m
                [33mhidden[39m=[32m""[39m
                [33mstyle[39m=[32m"border: 5px solid rgb(255, 239, 195);"[39m
              [36m>[39m
                [36m<p>[39m
                  [36m<strong>[39m
                    [0mTask: [0m
                    [0mtest3[0m
                  [36m</strong>[39m
                  [36m<br />[39m
                  [0ma good description[0m
                  [36m<br />[39m
                  [36m<div>[39m
                    [36m<div[39m
                      [33mclass[39m=[32m"form-check"[39m
                    [36m>[39m
                      [36m<input[39m
                        [33mclass[39m=[32m"form-check-input"[39m
                        [33mid[39m=[32m"is-done-check"[39m
                        [33mtype[39m=[32m"checkbox"[39m
                      [36m/>[39m
                      [36m<label[39m
                        [33mclass[39m=[32m"form-check-label"[39m
                        [33mfor[39m=[32m"is-done-check"[39m
                        [33mtitle[39m=[32m""[39m
                      [36m>[39m
                        [0mCompletion Status: ❌[0m
                      [36m</label>[39m
                    [36m</div>[39m
                    [36m<div>[39m
                      [36m<button[39m
                        [33mclass[39m=[32m"btn btn-primary"[39m
                        [33mhidden[39m=[32m""[39m
                        [33mtype[39m=[32m"button"[39m
                      [36m>[39m
                        [0mConfirm[0m
                      [36m</button>[39m
                    [36m</div>[39m
                  [36m</div>[39m
                  [36m<br />[39m
                  [0mDifficulty: [0m
                  [0m3[0m
                  [36m<br />[39m
                  [0mTime: [0m
                  [0m1345[0m
                  [36m<br />[39m
                  [0mSteps:[0m
                  [36m<ol[39m
                    [33mstyle[39m=[32m"list-style-type: decimal;"[39m
                  [36m>[39m
                    [36m<li>[39m
                      [0ma[0m
                    [36m</li>[39m
                    [36m<li>[39m
                      [0mb[0m
                    [36m</li>[39m
                    [36m<li>[39m
                      [0mc[0m
                    [36m</li>[39m
                    [36m<li>[39m
                      [0mGutenTag[0m
                    [36m</li>[39m
                    [36m<li>[39m
                      [0m469476[0m
                    [36m</li>[39m
                  [36m</ol>[39m
                  [36m<div>[39m
                    [36m<div />[39m
                  [36m</div>[39m
                  [36m<div>[39m
                    [36m<div>[39m
                      [36m<div>[39m
                        [36m<button[39m
                          [33mclass[39m=[32m"btn btn-primary"[39m
                          [33mstyle[39m=[32m"background-color: red; width: 100px; height: 40px; display: inline-block; margin-left: 220px;"[39m
                          [33mtype[39m=[32m"button"[39m
                        [36m>[39m
                          [0mEdit ✏️[0m
                        [36m</button>[39m
                      [36m</div>[39m
                    [36m</div>[39m
                  [36m</div>[39m
                [36m</p>[39m
              [36m</div>[39m
            [36m</div>[39m
          [36m</div>[39m
        [36m</div>[39m
      [36m</div>[39m
    [36m</body>[39m

      90 |     });
      91 |     test("Check presence of header", () => {
    > 92 |         const header = screen.getByRole("heading", { name: /List/i });
         |                               ^
      93 |         expect(header).toBeInTheDocument();
      94 |     });
      95 | });

      at Object.getElementError (node_modules/@testing-library/dom/dist/config.js:38:19)
      at node_modules/@testing-library/dom/dist/query-helpers.js:90:38
      at node_modules/@testing-library/dom/dist/query-helpers.js:62:17
      at getByRole (node_modules/@testing-library/dom/dist/query-helpers.js:111:19)
      at Object.<anonymous> (src/list-components/UserList.test.tsx:92:31)

FAIL src/list-components/CentralItemList.test.tsx
  ● Console

    console.error
      Warning: ReactDOM.render is no longer supported in React 18. Use createRoot instead. Until you switch to the new API, your app will behave as if it's running React 17. Learn more: https://reactjs.org/link/switch-to-createroot

       7 | export const renderWithDnd = (ui: {} | null | undefined) => {
       8 |     // eslint-disable-next-line react/prop-types
    >  9 |     return render(<DndProvider backend={HTML5Backend}>{ui}</DndProvider>);
         |            ^
      10 | };
      11 |

      at printWarning (node_modules/react-dom/cjs/react-dom.development.js:86:30)
      at error (node_modules/react-dom/cjs/react-dom.development.js:60:7)
      at Object.render (node_modules/react-dom/cjs/react-dom.development.js:29670:5)
      at node_modules/@testing-library/react/dist/pure.js:101:25
      at act (node_modules/react/cjs/react.development.js:2512:16)
      at render (node_modules/@testing-library/react/dist/pure.js:97:26)
      at renderWithDnd (src/CustomRender.tsx:9:12)
      at Object.<anonymous> (src/list-components/CentralItemList.test.tsx:60:9)

    console.log
      Central Item List

      at CentralItemList (src/list-components/CentralItemList.tsx:118:26)

    console.log
      {
        id: 0,
        name: 'test1',
        description: 'description a',
        status: false,
        image: 'picture',
        steps: [ 'a', 'b', 'c', 'GutenTag', '469476' ],
        difficulty: 3,
        numUsers: 2,
        time: '1345',
        pendingMode: false
      } {
        id: 0,
        name: 'test2',
        description: 'this is the description',
        status: false,
        image: 'picture',
        steps: [ 'a', 'b', 'c', 'GutenTag', '469476' ],
        difficulty: 3,
        numUsers: 2,
        time: '1345',
        pendingMode: false
      } {
        id: 2,
        name: 'test3',
        description: 'a good description',
        status: false,
        image: 'picture',
        steps: [ 'a', 'b', 'c', 'GutenTag', '469476' ],
        difficulty: 3,
        numUsers: 2,
        time: '1345',
        pendingMode: false
      }

      at CentralItemList (src/list-components/CentralItemList.tsx:119:26)

    console.error
      Warning: validateDOMNesting(...): <div> cannot appear as a descendant of <p>.
          at div
          at /home/runner/work/team18/team18/node_modules/react-bootstrap/cjs/FormCheck.js:31:3
          at div
          at EditStatus (/home/runner/work/team18/team18/src/editing-components/EditStatus.tsx:17:56)
          at p
          at div
          at div
          at DisplayTask (/home/runner/work/team18/team18/src/list-components/DisplayTask.tsx:31:43)
          at div
          at div
          at CentralItemList (/home/runner/work/team18/team18/src/list-components/CentralItemList.tsx:20:35)
          at DndProvider (/home/runner/work/team18/team18/node_modules/react-dnd/src/core/DndProvider.tsx:28:25)

      at printWarning (node_modules/react-dom/cjs/react-dom.development.js:86:30)
      at error (node_modules/react-dom/cjs/react-dom.development.js:60:7)
      at validateDOMNesting (node_modules/react-dom/cjs/react-dom.development.js:10849:7)
      at createInstance (node_modules/react-dom/cjs/react-dom.development.js:10930:5)
      at completeWork (node_modules/react-dom/cjs/react-dom.development.js:22187:28)
      at completeUnitOfWork (node_modules/react-dom/cjs/react-dom.development.js:26593:16)
      at performUnitOfWork (node_modules/react-dom/cjs/react-dom.development.js:26568:5)
      at workLoopSync (node_modules/react-dom/cjs/react-dom.development.js:26466:5)

    console.error
      Warning: validateDOMNesting(...): <ol> cannot appear as a descendant of <p>.
          at ol
          at p
          at div
          at div
          at DisplayTask (/home/runner/work/team18/team18/src/list-components/DisplayTask.tsx:31:43)
          at div
          at div
          at CentralItemList (/home/runner/work/team18/team18/src/list-components/CentralItemList.tsx:20:35)
          at DndProvider (/home/runner/work/team18/team18/node_modules/react-dnd/src/core/DndProvider.tsx:28:25)

      at printWarning (node_modules/react-dom/cjs/react-dom.development.js:86:30)
      at error (node_modules/react-dom/cjs/react-dom.development.js:60:7)
      at validateDOMNesting (node_modules/react-dom/cjs/react-dom.development.js:10849:7)
      at createInstance (node_modules/react-dom/cjs/react-dom.development.js:10930:5)
      at completeWork (node_modules/react-dom/cjs/react-dom.development.js:22187:28)
      at completeUnitOfWork (node_modules/react-dom/cjs/react-dom.development.js:26593:16)
      at performUnitOfWork (node_modules/react-dom/cjs/react-dom.development.js:26568:5)
      at workLoopSync (node_modules/react-dom/cjs/react-dom.development.js:26466:5)

    console.error
      Warning: ReactDOM.render is no longer supported in React 18. Use createRoot instead. Until you switch to the new API, your app will behave as if it's running React 17. Learn more: https://reactjs.org/link/switch-to-createroot

       7 | export const renderWithDnd = (ui: {} | null | undefined) => {
       8 |     // eslint-disable-next-line react/prop-types
    >  9 |     return render(<DndProvider backend={HTML5Backend}>{ui}</DndProvider>);
         |            ^
      10 | };
      11 |

      at printWarning (node_modules/react-dom/cjs/react-dom.development.js:86:30)
      at error (node_modules/react-dom/cjs/react-dom.development.js:60:7)
      at Object.render (node_modules/react-dom/cjs/react-dom.development.js:29670:5)
      at node_modules/@testing-library/react/dist/pure.js:101:25
      at act (node_modules/react/cjs/react.development.js:2512:16)
      at render (node_modules/@testing-library/react/dist/pure.js:97:26)
      at renderWithDnd (src/CustomRender.tsx:9:12)
      at Object.<anonymous> (src/list-components/CentralItemList.test.tsx:60:9)

    console.log
      Central Item List

      at CentralItemList (src/list-components/CentralItemList.tsx:118:26)

    console.log
      {
        id: 0,
        name: 'test1',
        description: 'description a',
        status: false,
        image: 'picture',
        steps: [ 'a', 'b', 'c', 'GutenTag', '469476' ],
        difficulty: 3,
        numUsers: 2,
        time: '1345',
        pendingMode: false
      } {
        id: 0,
        name: 'test2',
        description: 'this is the description',
        status: false,
        image: 'picture',
        steps: [ 'a', 'b', 'c', 'GutenTag', '469476' ],
        difficulty: 3,
        numUsers: 2,
        time: '1345',
        pendingMode: false
      } {
        id: 2,
        name: 'test3',
        description: 'a good description',
        status: false,
        image: 'picture',
        steps: [ 'a', 'b', 'c', 'GutenTag', '469476' ],
        difficulty: 3,
        numUsers: 2,
        time: '1345',
        pendingMode: false
      }

      at CentralItemList (src/list-components/CentralItemList.tsx:119:26)

    console.error
      Warning: ReactDOM.render is no longer supported in React 18. Use createRoot instead. Until you switch to the new API, your app will behave as if it's running React 17. Learn more: https://reactjs.org/link/switch-to-createroot

       7 | export const renderWithDnd = (ui: {} | null | undefined) => {
       8 |     // eslint-disable-next-line react/prop-types
    >  9 |     return render(<DndProvider backend={HTML5Backend}>{ui}</DndProvider>);
         |            ^
      10 | };
      11 |

      at printWarning (node_modules/react-dom/cjs/react-dom.development.js:86:30)
      at error (node_modules/react-dom/cjs/react-dom.development.js:60:7)
      at Object.render (node_modules/react-dom/cjs/react-dom.development.js:29670:5)
      at node_modules/@testing-library/react/dist/pure.js:101:25
      at act (node_modules/react/cjs/react.development.js:2512:16)
      at render (node_modules/@testing-library/react/dist/pure.js:97:26)
      at renderWithDnd (src/CustomRender.tsx:9:12)
      at Object.<anonymous> (src/list-components/CentralItemList.test.tsx:60:9)

    console.log
      Central Item List

      at CentralItemList (src/list-components/CentralItemList.tsx:118:26)

    console.log
      {
        id: 0,
        name: 'test1',
        description: 'description a',
        status: false,
        image: 'picture',
        steps: [ 'a', 'b', 'c', 'GutenTag', '469476' ],
        difficulty: 3,
        numUsers: 2,
        time: '1345',
        pendingMode: false
      } {
        id: 0,
        name: 'test2',
        description: 'this is the description',
        status: false,
        image: 'picture',
        steps: [ 'a', 'b', 'c', 'GutenTag', '469476' ],
        difficulty: 3,
        numUsers: 2,
        time: '1345',
        pendingMode: false
      } {
        id: 2,
        name: 'test3',
        description: 'a good description',
        status: false,
        image: 'picture',
        steps: [ 'a', 'b', 'c', 'GutenTag', '469476' ],
        difficulty: 3,
        numUsers: 2,
        time: '1345',
        pendingMode: false
      }

      at CentralItemList (src/list-components/CentralItemList.tsx:119:26)

    console.error
      Warning: ReactDOM.render is no longer supported in React 18. Use createRoot instead. Until you switch to the new API, your app will behave as if it's running React 17. Learn more: https://reactjs.org/link/switch-to-createroot

       7 | export const renderWithDnd = (ui: {} | null | undefined) => {
       8 |     // eslint-disable-next-line react/prop-types
    >  9 |     return render(<DndProvider backend={HTML5Backend}>{ui}</DndProvider>);
         |            ^
      10 | };
      11 |

      at printWarning (node_modules/react-dom/cjs/react-dom.development.js:86:30)
      at error (node_modules/react-dom/cjs/react-dom.development.js:60:7)
      at Object.render (node_modules/react-dom/cjs/react-dom.development.js:29670:5)
      at node_modules/@testing-library/react/dist/pure.js:101:25
      at act (node_modules/react/cjs/react.development.js:2512:16)
      at render (node_modules/@testing-library/react/dist/pure.js:97:26)
      at renderWithDnd (src/CustomRender.tsx:9:12)
      at Object.<anonymous> (src/list-components/CentralItemList.test.tsx:87:9)

    console.log
      Central Item List

      at CentralItemList (src/list-components/CentralItemList.tsx:118:26)

    console.log
      {
        id: 0,
        name: 'test1',
        description: 'description a',
        status: false,
        image: 'picture',
        steps: [ 'a', 'b', 'c', 'GutenTag', '469476' ],
        difficulty: 3,
        numUsers: 2,
        time: '1345',
        pendingMode: false
      } {
        id: 0,
        name: 'test2',
        description: 'this is the description',
        status: false,
        image: 'picture',
        steps: [ 'a', 'b', 'c', 'GutenTag', '469476' ],
        difficulty: 3,
        numUsers: 2,
        time: '1345',
        pendingMode: false
      } {
        id: 2,
        name: 'test3',
        description: 'a good description',
        status: false,
        image: 'picture',
        steps: [ 'a', 'b', 'c', 'GutenTag', '469476' ],
        difficulty: 3,
        numUsers: 2,
        time: '1345',
        pendingMode: false
      }

      at CentralItemList (src/list-components/CentralItemList.tsx:119:26)

    console.error
      Warning: ReactDOM.render is no longer supported in React 18. Use createRoot instead. Until you switch to the new API, your app will behave as if it's running React 17. Learn more: https://reactjs.org/link/switch-to-createroot

       7 | export const renderWithDnd = (ui: {} | null | undefined) => {
       8 |     // eslint-disable-next-line react/prop-types
    >  9 |     return render(<DndProvider backend={HTML5Backend}>{ui}</DndProvider>);
         |            ^
      10 | };
      11 |

      at printWarning (node_modules/react-dom/cjs/react-dom.development.js:86:30)
      at error (node_modules/react-dom/cjs/react-dom.development.js:60:7)
      at Object.render (node_modules/react-dom/cjs/react-dom.development.js:29670:5)
      at node_modules/@testing-library/react/dist/pure.js:101:25
      at act (node_modules/react/cjs/react.development.js:2512:16)
      at render (node_modules/@testing-library/react/dist/pure.js:97:26)
      at renderWithDnd (src/CustomRender.tsx:9:12)
      at Object.<anonymous> (src/list-components/CentralItemList.test.tsx:87:9)

    console.log
      Central Item List

      at CentralItemList (src/list-components/CentralItemList.tsx:118:26)

    console.log
      {
        id: 0,
        name: 'test1',
        description: 'description a',
        status: false,
        image: 'picture',
        steps: [ 'a', 'b', 'c', 'GutenTag', '469476' ],
        difficulty: 3,
        numUsers: 2,
        time: '1345',
        pendingMode: false
      } {
        id: 0,
        name: 'test2',
        description: 'this is the description',
        status: false,
        image: 'picture',
        steps: [ 'a', 'b', 'c', 'GutenTag', '469476' ],
        difficulty: 3,
        numUsers: 2,
        time: '1345',
        pendingMode: false
      } {
        id: 2,
        name: 'test3',
        description: 'a good description',
        status: false,
        image: 'picture',
        steps: [ 'a', 'b', 'c', 'GutenTag', '469476' ],
        difficulty: 3,
        numUsers: 2,
        time: '1345',
        pendingMode: false
      }

      at CentralItemList (src/list-components/CentralItemList.tsx:119:26)

    console.error
      Warning: ReactDOM.render is no longer supported in React 18. Use createRoot instead. Until you switch to the new API, your app will behave as if it's running React 17. Learn more: https://reactjs.org/link/switch-to-createroot

       7 | export const renderWithDnd = (ui: {} | null | undefined) => {
       8 |     // eslint-disable-next-line react/prop-types
    >  9 |     return render(<DndProvider backend={HTML5Backend}>{ui}</DndProvider>);
         |            ^
      10 | };
      11 |

      at printWarning (node_modules/react-dom/cjs/react-dom.development.js:86:30)
      at error (node_modules/react-dom/cjs/react-dom.development.js:60:7)
      at Object.render (node_modules/react-dom/cjs/react-dom.development.js:29670:5)
      at node_modules/@testing-library/react/dist/pure.js:101:25
      at act (node_modules/react/cjs/react.development.js:2512:16)
      at render (node_modules/@testing-library/react/dist/pure.js:97:26)
      at renderWithDnd (src/CustomRender.tsx:9:12)
      at Object.<anonymous> (src/list-components/CentralItemList.test.tsx:110:9)

    console.log
      Central Item List

      at CentralItemList (src/list-components/CentralItemList.tsx:118:26)

    console.log
      {
        id: 0,
        name: 'test1',
        description: 'description a',
        status: false,
        image: 'picture',
        steps: [ 'a', 'b', 'c', 'GutenTag', '469476' ],
        difficulty: 3,
        numUsers: 2,
        time: '1345',
        pendingMode: false
      } {
        id: 0,
        name: 'test2',
        description: 'this is the description',
        status: false,
        image: 'picture',
        steps: [ 'a', 'b', 'c', 'GutenTag', '469476' ],
        difficulty: 3,
        numUsers: 2,
        time: '1345',
        pendingMode: false
      } {
        id: 2,
        name: 'test3',
        description: 'a good description',
        status: false,
        image: 'picture',
        steps: [ 'a', 'b', 'c', 'GutenTag', '469476' ],
        difficulty: 3,
        numUsers: 2,
        time: '1345',
        pendingMode: false
      }

      at CentralItemList (src/list-components/CentralItemList.tsx:119:26)

  ● CentralItemList with Role super › There is a button to add tasks if role is super

    TestingLibraryElementError: Unable to find an accessible element with the role "button" and name `/Add Task/i`

    Here are the accessible roles:

      heading:

      Name "Sample Tasks":
      [36m<h2 />[39m

      Name "test1":
      [36m<h4 />[39m

      Name "test2":
      [36m<h4 />[39m

      Name "test3":
      [36m<h4 />[39m

      --------------------------------------------------
      button:

      Name "test1":
      [36m<button[39m
        [33mclass[39m=[32m"Task-Button btn btn-primary"[39m
        [33mstyle[39m=[32m"border: 0px;"[39m
        [33mtype[39m=[32m"button"[39m
      [36m/>[39m

      Name "test2":
      [36m<button[39m
        [33mclass[39m=[32m"Task-Button btn btn-primary"[39m
        [33mstyle[39m=[32m"border: 0px;"[39m
        [33mtype[39m=[32m"button"[39m
      [36m/>[39m

      Name "test3":
      [36m<button[39m
        [33mclass[39m=[32m"Task-Button btn btn-primary"[39m
        [33mstyle[39m=[32m"border: 0px;"[39m
        [33mtype[39m=[32m"button"[39m
      [36m/>[39m

      --------------------------------------------------
      img:

      Name "":
      [36m<img[39m
        [33malt[39m=[32m""[39m
        [33msrc[39m=[32m"picture"[39m
        [33mwidth[39m=[32m"100px"[39m
      [36m/>[39m

      Name "":
      [36m<img[39m
        [33malt[39m=[32m""[39m
        [33msrc[39m=[32m"picture"[39m
        [33mwidth[39m=[32m"100px"[39m
      [36m/>[39m

      Name "":
      [36m<img[39m
        [33malt[39m=[32m""[39m
        [33msrc[39m=[32m"picture"[39m
        [33mwidth[39m=[32m"100px"[39m
      [36m/>[39m

      --------------------------------------------------

    Ignored nodes: comments, <script />, <style />
    [36m<body>[39m
      [36m<div>[39m
        [36m<div[39m
          [33mclass[39m=[32m"central-list"[39m
        [36m>[39m
          [36m<h2>[39m
            [0m Sample Tasks [0m
          [36m</h2>[39m
          [36m<div[39m
            [33mclass[39m=[32m"central-tasks"[39m
          [36m>[39m
            [36m<div[39m
              [33mclass[39m=[32m"Task"[39m
              [33mdraggable[39m=[32m"true"[39m
            [36m>[39m
              [36m<button[39m
                [33mclass[39m=[32m"Task-Button btn btn-primary"[39m
                [33mstyle[39m=[32m"border: 0px;"[39m
                [33mtype[39m=[32m"button"[39m
              [36m>[39m
                [36m<div>[39m
                  [36m<h4>[39m
                    [0mtest1[0m
                  [36m</h4>[39m
                  [36m<img[39m
                    [33malt[39m=[32m""[39m
                    [33msrc[39m=[32m"picture"[39m
                    [33mwidth[39m=[32m"100px"[39m
                  [36m/>[39m
                [36m</div>[39m
              [36m</button>[39m
              [36m<div[39m
                [33mclass[39m=[32m"Task-Desc"[39m
                [33mhidden[39m=[32m""[39m
                [33mstyle[39m=[32m"border: 5px solid rgb(255, 239, 195);"[39m
              [36m>[39m
                [36m<p>[39m
                  [36m<strong>[39m
                    [0mTask: [0m
                    [0mtest1[0m
                  [36m</strong>[39m
                  [36m<br />[39m
                  [0mdescription a[0m
                  [36m<br />[39m
                  [36m<div>[39m
                    [36m<div[39m
                      [33mclass[39m=[32m"form-check"[39m
                    [36m>[39m
                      [36m<input[39m
                        [33mclass[39m=[32m"form-check-input"[39m
                        [33mid[39m=[32m"is-done-check"[39m
                        [33mtype[39m=[32m"checkbox"[39m
                      [36m/>[39m
                      [36m<label[39m
                        [33mclass[39m=[32m"form-check-label"[39m
                        [33mfor[39m=[32m"is-done-check"[39m
                        [33mtitle[39m=[32m""[39m
                      [36m>[39m
                        [0mCompletion Status: ❌[0m
                      [36m</label>[39m
                    [36m</div>[39m
                    [36m<div>[39m
                      [36m<button[39m
                        [33mclass[39m=[32m"btn btn-primary"[39m
                        [33mhidden[39m=[32m""[39m
                        [33mtype[39m=[32m"button"[39m
                      [36m>[39m
                        [0mConfirm[0m
                      [36m</button>[39m
                    [36m</div>[39m
                  [36m</div>[39m
                  [36m<br />[39m
                  [0mDifficulty: [0m
                  [0m3[0m
                  [36m<br />[39m
                  [0mTime: [0m
                  [0m1345[0m
                  [36m<br />[39m
                  [0mSteps:[0m
                  [36m<ol[39m
                    [33mstyle[39m=[32m"list-style-type: decimal;"[39m
                  [36m>[39m
                    [36m<li>[39m
                      [0ma[0m
                    [36m</li>[39m
                    [36m<li>[39m
                      [0mb[0m
                    [36m</li>[39m
                    [36m<li>[39m
                      [0mc[0m
                    [36m</li>[39m
                    [36m<li>[39m
                      [0mGutenTag[0m
                    [36m</li>[39m
                    [36m<li>[39m
                      [0m469476[0m
                    [36m</li>[39m
                  [36m</ol>[39m
                  [36m<div>[39m
                    [36m<div />[39m
                  [36m</div>[39m
                  [36m<div>[39m
                    [36m<div[39m
                      [33mhidden[39m=[32m""[39m
                    [36m>[39m
                      [36m<div>[39m
                        [36m<button[39m
                          [33mclass[39m=[32m"btn btn-primary"[39m
                          [33mstyle[39m=[32m"background-color: red; width: 100px; height: 40px; display: inline-block; margin-left: 220px;"[39m
                          [33mtype[39m=[32m"button"[39m
                        [36m>[39m
                          [0mEdit ✏️[0m
                        [36m</button>[39m
                      [36m</div>[39m
                    [36m</div>[39m
                  [36m</div>[39m
                [36m</p>[39m
              [36m</div>[39m
            [36m</div>[39m
            [36m<div[39m
              [33mclass[39m=[32m"Task"[39m
              [33mdraggable[39m=[32m"true"[39m
            [36m>[39m
              [36m<button[39m
                [33mclass[39m=[32m"Task-Button btn btn-primary"[39m
                [33mstyle[39m=[32m"border: 0px;"[39m
                [33mtype[39m=[32m"button"[39m
              [36m>[39m
                [36m<div>[39m
                  [36m<h4>[39m
                    [0mtest2[0m
                  [36m</h4>[39m
                  [36m<img[39m
                    [33malt[39m=[32m""[39m
                    [33msrc[39m=[32m"picture"[39m
                    [33mwidth[39m=[32m"100px"[39m
                  [36m/>[39m
                [36m</div>[39m
              [36m</button>[39m
              [36m<div[39m
                [33mclass[39m=[32m"Task-Desc"[39m
                [33mhidden[39m=[32m""[39m
                [33mstyle[39m=[32m"border: 5px solid rgb(255, 239, 195);"[39m
              [36m>[39m
                [36m<p>[39m
                  [36m<strong>[39m
                    [0mTask: [0m
                    [0mtest2[0m
                  [36m</strong>[39m
                  [36m<br />[39m
                  [0mthis is the description[0m
                  [36m<br />[39m
                  [36m<div>[39m
                    [36m<div[39m
                      [33mclass[39m=[32m"form-check"[39m
                    [36m>[39m
                      [36m<input[39m
                        [33mclass[39m=[32m"form-check-input"[39m
                        [33mid[39m=[32m"is-done-check"[39m
                        [33mtype[39m=[32m"checkbox"[39m
                      [36m/>[39m
                      [36m<label[39m
                        [33mclass[39m=[32m"form-check-label"[39m
                        [33mfor[39m=[32m"is-done-check"[39m
                        [33mtitle[39m=[32m""[39m
                      [36m>[39m
                        [0mCompletion Status: ❌[0m
                      [36m</label>[39m
                    [36m</div>[39m
                    [36m<div>[39m
                      [36m<button[39m
                        [33mclass[39m=[32m"btn btn-primary"[39m
                        [33mhidden[39m=[32m""[39m
                        [33mtype[39m=[32m"button"[39m
                      [36m>[39m
                        [0mConfirm[0m
                      [36m</button>[39m
                    [36m</div>[39m
                  [36m</div>[39m
                  [36m<br />[39m
                  [0mDifficulty: [0m
                  [0m3[0m
                  [36m<br />[39m
                  [0mTime: [0m
                  [0m1345[0m
                  [36m<br />[39m
                  [0mSteps:[0m
                  [36m<ol[39m
                    [33mstyle[39m=[32m"list-style-type: decimal;"[39m
                  [36m>[39m
                    [36m<li>[39m
                      [0ma[0m
                    [36m</li>[39m
                    [36m<li>[39m
                      [0mb[0m
                    [36m</li>[39m
                    [36m<li>[39m
                      [0mc[0m
                    [36m</li>[39m
                    [36m<li>[39m
                      [0mGutenTag[0m
                    [36m</li>[39m
                    [36m<li>[39m
                      [0m469476[0m
                    [36m</li>[39m
                  [36m</ol>[39m
                  [36m<div>[39m
                    [36m<div />[39m
                  [36m</div>[39m
                  [36m<div>[39m
                    [36m<div[39m
                      [33mhidden[39m=[32m""[39m
                    [36m>[39m
                      [36m<div>[39m
                        [36m<button[39m
                          [33mclass[39m=[32m"btn btn-primary"[39m
                          [33mstyle[39m=[32m"background-color: red; width: 100px; height: 40px; display: inline-block; margin-left: 220px;"[39m
                          [33mtype[39m=[32m"button"[39m
                        [36m>[39m
                          [0mEdit ✏️[0m
                        [36m</button>[39m
                      [36m</div>[39m
                    [36m</div>[39m
                  [36m</div>[39m
                [36m</p>[39m
              [36m</div>[39m
            [36m</div>[39m
            [36m<div[39m
              [33mclass[39m=[32m"Task"[39m
              [33mdraggable[39m=[32m"true"[39m
            [36m>[39m
              [36m<button[39m
                [33mclass[39m=[32m"Task-Button btn btn-primary"[39m
                [33mstyle[39m=[32m"border: 0px;"[39m
                [33mtype[39m=[32m"button"[39m
              [36m>[39m
                [36m<div>[39m
                  [36m<h4>[39m
                    [0mtest3[0m
                  [36m</h4>[39m
                  [36m<img[39m
                    [33malt[39m=[32m""[39m
                    [33msrc[39m=[32m"picture"[39m
                    [33mwidth[39m=[32m"100px"[39m
                  [36m/>[39m
                [36m</div>[39m
              [36m</button>[39m
              [36m<div[39m
                [33mclass[39m=[32m"Task-Desc"[39m
                [33mhidden[39m=[32m""[39m
                [33mstyle[39m=[32m"border: 5px solid rgb(255, 239, 195);"[39m
              [36m>[39m
                [36m<p>[39m
                  [36m<strong>[39m
                    [0mTask: [0m
                    [0mtest3[0m
                  [36m</strong>[39m
                  [36m<br />[39m
                  [0ma good description[0m
                  [36m<br />[39m
                  [36m<div>[39m
                    [36m<div[39m
                      [33mclass[39m=[32m"form-check"[39m
                    [36m>[39m
                      [36m<input[39m
                        [33mclass[39m=[32m"form-check-input"[39m
                        [33mid[39m=[32m"is-done-check"[39m
                        [33mtype[39m=[32m"checkbox"[39m
                      [36m/>[39m
                      [36m<label[39m
                        [33mclass[39m=[32m"form-check-label"[39m
                        [33mfor[39m=[32m"is-done-check"[39m
                        [33mtitle[39m=[32m""[39m
                      [36m>[39m
                        [0mCompletion Status: ❌[0m
                      [36m</label>[39m
                    [36m</div>[39m
                    [36m<div>[39m
                      [36m<button[39m
                        [33mclass[39m=[32m"btn btn-primary"[39m
                        [33mhidden[39m=[32m""[39m
                        [33mtype[39m=[32m"button"[39m
                      [36m>[39m
                        [0mConfirm[0m
                      [36m</button>[39m
                    [36m</div>[39m
                  [36m</div>[39m
                  [36m<br />[39m
                  [0mDifficulty: [0m
                  [0m3[0m
                  [36m<br />[39m
                  [0mTime: [0m
                  [0m1345[0m
                  [36m<br />[39m
                  [0mSteps:[0m
                  [36m<ol[39m
                    [33mstyle[39m=[32m"list-style-type: decimal;"[39m
                  [36m>[39m
                    [36m<li>[39m
                      [0ma[0m
                    [36m</li>[39m
                    [36m<li>[39m
                      [0mb[0m
                    [36m</li>[39m
                    [36m<li>[39m
                      [0mc[0m
                    [36m</li>[39m
                    [36m<li>[39m
                      [0mGutenTag[0m
                    [36m</li>[39m
                    [36m<li>[39m
                      [0m469476[0m
                    [36m</li>[39m
                  [36m</ol>[39m
                  [36m<div>[39m
                    [36m<div />[39m
                  [36m</div>[39m
                  [36m<div>[39m
                    [36m<div[39m
                      [33mhidden[39m=[32m""[39m
                    [36m>[39m
                      [36m<div>[39m
                        [36m<button[39m
                          [33mclass[39m=[32m"btn btn-primary"[39m
                          [33mstyle[39m=[32m"background-color: red; width: 100px; height: 40px; display: inline-block; margin-left: 220px;"[39m
                          [33mtype[39m=[32m"button"[39m
                        [36m>[39m
                          [0mEdit ✏️[0m
                        [36m</button>[39m
                      [36m</div>[39m
                    [36m</div>[39m
                  [36m</div>[39m
                [36m</p>[39m
              [36m</div>[39m
            [36m</div>[39m
          [36m</div>[39m
        [36m</div>[39m
      [36m</div>[39m
    [36m</body>[39m

      71 |     //test2: check that there is a button to add a task if role is super
      72 |     test("There is a button to add tasks if role is super", () => {
    > 73 |         const addTButton = screen.getByRole("button", { name: /Add Task/i });
         |                                   ^
      74 |         expect(addTButton).toBeInTheDocument();
      75 |     });
      76 |     //test3: there is a button to add a user if the role is super

      at Object.getElementError (node_modules/@testing-library/dom/dist/config.js:38:19)
      at node_modules/@testing-library/dom/dist/query-helpers.js:90:38
      at node_modules/@testing-library/dom/dist/query-helpers.js:62:17
      at getByRole (node_modules/@testing-library/dom/dist/query-helpers.js:111:19)
      at Object.<anonymous> (src/list-components/CentralItemList.test.tsx:73:35)

  ● CentralItemList with Role super › There is a button to add a user

    TestingLibraryElementError: Unable to find an accessible element with the role "button" and name `/Add User/i`

    Here are the accessible roles:

      heading:

      Name "Sample Tasks":
      [36m<h2 />[39m

      Name "test1":
      [36m<h4 />[39m

      Name "test2":
      [36m<h4 />[39m

      Name "test3":
      [36m<h4 />[39m

      --------------------------------------------------
      button:

      Name "test1":
      [36m<button[39m
        [33mclass[39m=[32m"Task-Button btn btn-primary"[39m
        [33mstyle[39m=[32m"border: 0px;"[39m
        [33mtype[39m=[32m"button"[39m
      [36m/>[39m

      Name "test2":
      [36m<button[39m
        [33mclass[39m=[32m"Task-Button btn btn-primary"[39m
        [33mstyle[39m=[32m"border: 0px;"[39m
        [33mtype[39m=[32m"button"[39m
      [36m/>[39m

      Name "test3":
      [36m<button[39m
        [33mclass[39m=[32m"Task-Button btn btn-primary"[39m
        [33mstyle[39m=[32m"border: 0px;"[39m
        [33mtype[39m=[32m"button"[39m
      [36m/>[39m

      --------------------------------------------------
      img:

      Name "":
      [36m<img[39m
        [33malt[39m=[32m""[39m
        [33msrc[39m=[32m"picture"[39m
        [33mwidth[39m=[32m"100px"[39m
      [36m/>[39m

      Name "":
      [36m<img[39m
        [33malt[39m=[32m""[39m
        [33msrc[39m=[32m"picture"[39m
        [33mwidth[39m=[32m"100px"[39m
      [36m/>[39m

      Name "":
      [36m<img[39m
        [33malt[39m=[32m""[39m
        [33msrc[39m=[32m"picture"[39m
        [33mwidth[39m=[32m"100px"[39m
      [36m/>[39m

      --------------------------------------------------

    Ignored nodes: comments, <script />, <style />
    [36m<body>[39m
      [36m<div>[39m
        [36m<div[39m
          [33mclass[39m=[32m"central-list"[39m
        [36m>[39m
          [36m<h2>[39m
            [0m Sample Tasks [0m
          [36m</h2>[39m
          [36m<div[39m
            [33mclass[39m=[32m"central-tasks"[39m
          [36m>[39m
            [36m<div[39m
              [33mclass[39m=[32m"Task"[39m
              [33mdraggable[39m=[32m"true"[39m
            [36m>[39m
              [36m<button[39m
                [33mclass[39m=[32m"Task-Button btn btn-primary"[39m
                [33mstyle[39m=[32m"border: 0px;"[39m
                [33mtype[39m=[32m"button"[39m
              [36m>[39m
                [36m<div>[39m
                  [36m<h4>[39m
                    [0mtest1[0m
                  [36m</h4>[39m
                  [36m<img[39m
                    [33malt[39m=[32m""[39m
                    [33msrc[39m=[32m"picture"[39m
                    [33mwidth[39m=[32m"100px"[39m
                  [36m/>[39m
                [36m</div>[39m
              [36m</button>[39m
              [36m<div[39m
                [33mclass[39m=[32m"Task-Desc"[39m
                [33mhidden[39m=[32m""[39m
                [33mstyle[39m=[32m"border: 5px solid rgb(255, 239, 195);"[39m
              [36m>[39m
                [36m<p>[39m
                  [36m<strong>[39m
                    [0mTask: [0m
                    [0mtest1[0m
                  [36m</strong>[39m
                  [36m<br />[39m
                  [0mdescription a[0m
                  [36m<br />[39m
                  [36m<div>[39m
                    [36m<div[39m
                      [33mclass[39m=[32m"form-check"[39m
                    [36m>[39m
                      [36m<input[39m
                        [33mclass[39m=[32m"form-check-input"[39m
                        [33mid[39m=[32m"is-done-check"[39m
                        [33mtype[39m=[32m"checkbox"[39m
                      [36m/>[39m
                      [36m<label[39m
                        [33mclass[39m=[32m"form-check-label"[39m
                        [33mfor[39m=[32m"is-done-check"[39m
                        [33mtitle[39m=[32m""[39m
                      [36m>[39m
                        [0mCompletion Status: ❌[0m
                      [36m</label>[39m
                    [36m</div>[39m
                    [36m<div>[39m
                      [36m<button[39m
                        [33mclass[39m=[32m"btn btn-primary"[39m
                        [33mhidden[39m=[32m""[39m
                        [33mtype[39m=[32m"button"[39m
                      [36m>[39m
                        [0mConfirm[0m
                      [36m</button>[39m
                    [36m</div>[39m
                  [36m</div>[39m
                  [36m<br />[39m
                  [0mDifficulty: [0m
                  [0m3[0m
                  [36m<br />[39m
                  [0mTime: [0m
                  [0m1345[0m
                  [36m<br />[39m
                  [0mSteps:[0m
                  [36m<ol[39m
                    [33mstyle[39m=[32m"list-style-type: decimal;"[39m
                  [36m>[39m
                    [36m<li>[39m
                      [0ma[0m
                    [36m</li>[39m
                    [36m<li>[39m
                      [0mb[0m
                    [36m</li>[39m
                    [36m<li>[39m
                      [0mc[0m
                    [36m</li>[39m
                    [36m<li>[39m
                      [0mGutenTag[0m
                    [36m</li>[39m
                    [36m<li>[39m
                      [0m469476[0m
                    [36m</li>[39m
                  [36m</ol>[39m
                  [36m<div>[39m
                    [36m<div />[39m
                  [36m</div>[39m
                  [36m<div>[39m
                    [36m<div[39m
                      [33mhidden[39m=[32m""[39m
                    [36m>[39m
                      [36m<div>[39m
                        [36m<button[39m
                          [33mclass[39m=[32m"btn btn-primary"[39m
                          [33mstyle[39m=[32m"background-color: red; width: 100px; height: 40px; display: inline-block; margin-left: 220px;"[39m
                          [33mtype[39m=[32m"button"[39m
                        [36m>[39m
                          [0mEdit ✏️[0m
                        [36m</button>[39m
                      [36m</div>[39m
                    [36m</div>[39m
                  [36m</div>[39m
                [36m</p>[39m
              [36m</div>[39m
            [36m</div>[39m
            [36m<div[39m
              [33mclass[39m=[32m"Task"[39m
              [33mdraggable[39m=[32m"true"[39m
            [36m>[39m
              [36m<button[39m
                [33mclass[39m=[32m"Task-Button btn btn-primary"[39m
                [33mstyle[39m=[32m"border: 0px;"[39m
                [33mtype[39m=[32m"button"[39m
              [36m>[39m
                [36m<div>[39m
                  [36m<h4>[39m
                    [0mtest2[0m
                  [36m</h4>[39m
                  [36m<img[39m
                    [33malt[39m=[32m""[39m
                    [33msrc[39m=[32m"picture"[39m
                    [33mwidth[39m=[32m"100px"[39m
                  [36m/>[39m
                [36m</div>[39m
              [36m</button>[39m
              [36m<div[39m
                [33mclass[39m=[32m"Task-Desc"[39m
                [33mhidden[39m=[32m""[39m
                [33mstyle[39m=[32m"border: 5px solid rgb(255, 239, 195);"[39m
              [36m>[39m
                [36m<p>[39m
                  [36m<strong>[39m
                    [0mTask: [0m
                    [0mtest2[0m
                  [36m</strong>[39m
                  [36m<br />[39m
                  [0mthis is the description[0m
                  [36m<br />[39m
                  [36m<div>[39m
                    [36m<div[39m
                      [33mclass[39m=[32m"form-check"[39m
                    [36m>[39m
                      [36m<input[39m
                        [33mclass[39m=[32m"form-check-input"[39m
                        [33mid[39m=[32m"is-done-check"[39m
                        [33mtype[39m=[32m"checkbox"[39m
                      [36m/>[39m
                      [36m<label[39m
                        [33mclass[39m=[32m"form-check-label"[39m
                        [33mfor[39m=[32m"is-done-check"[39m
                        [33mtitle[39m=[32m""[39m
                      [36m>[39m
                        [0mCompletion Status: ❌[0m
                      [36m</label>[39m
                    [36m</div>[39m
                    [36m<div>[39m
                      [36m<button[39m
                        [33mclass[39m=[32m"btn btn-primary"[39m
                        [33mhidden[39m=[32m""[39m
                        [33mtype[39m=[32m"button"[39m
                      [36m>[39m
                        [0mConfirm[0m
                      [36m</button>[39m
                    [36m</div>[39m
                  [36m</div>[39m
                  [36m<br />[39m
                  [0mDifficulty: [0m
                  [0m3[0m
                  [36m<br />[39m
                  [0mTime: [0m
                  [0m1345[0m
                  [36m<br />[39m
                  [0mSteps:[0m
                  [36m<ol[39m
                    [33mstyle[39m=[32m"list-style-type: decimal;"[39m
                  [36m>[39m
                    [36m<li>[39m
                      [0ma[0m
                    [36m</li>[39m
                    [36m<li>[39m
                      [0mb[0m
                    [36m</li>[39m
                    [36m<li>[39m
                      [0mc[0m
                    [36m</li>[39m
                    [36m<li>[39m
                      [0mGutenTag[0m
                    [36m</li>[39m
                    [36m<li>[39m
                      [0m469476[0m
                    [36m</li>[39m
                  [36m</ol>[39m
                  [36m<div>[39m
                    [36m<div />[39m
                  [36m</div>[39m
                  [36m<div>[39m
                    [36m<div[39m
                      [33mhidden[39m=[32m""[39m
                    [36m>[39m
                      [36m<div>[39m
                        [36m<button[39m
                          [33mclass[39m=[32m"btn btn-primary"[39m
                          [33mstyle[39m=[32m"background-color: red; width: 100px; height: 40px; display: inline-block; margin-left: 220px;"[39m
                          [33mtype[39m=[32m"button"[39m
                        [36m>[39m
                          [0mEdit ✏️[0m
                        [36m</button>[39m
                      [36m</div>[39m
                    [36m</div>[39m
                  [36m</div>[39m
                [36m</p>[39m
              [36m</div>[39m
            [36m</div>[39m
            [36m<div[39m
              [33mclass[39m=[32m"Task"[39m
              [33mdraggable[39m=[32m"true"[39m
            [36m>[39m
              [36m<button[39m
                [33mclass[39m=[32m"Task-Button btn btn-primary"[39m
                [33mstyle[39m=[32m"border: 0px;"[39m
                [33mtype[39m=[32m"button"[39m
              [36m>[39m
                [36m<div>[39m
                  [36m<h4>[39m
                    [0mtest3[0m
                  [36m</h4>[39m
                  [36m<img[39m
                    [33malt[39m=[32m""[39m
                    [33msrc[39m=[32m"picture"[39m
                    [33mwidth[39m=[32m"100px"[39m
                  [36m/>[39m
                [36m</div>[39m
              [36m</button>[39m
              [36m<div[39m
                [33mclass[39m=[32m"Task-Desc"[39m
                [33mhidden[39m=[32m""[39m
                [33mstyle[39m=[32m"border: 5px solid rgb(255, 239, 195);"[39m
              [36m>[39m
                [36m<p>[39m
                  [36m<strong>[39m
                    [0mTask: [0m
                    [0mtest3[0m
                  [36m</strong>[39m
                  [36m<br />[39m
                  [0ma good description[0m
                  [36m<br />[39m
                  [36m<div>[39m
                    [36m<div[39m
                      [33mclass[39m=[32m"form-check"[39m
                    [36m>[39m
                      [36m<input[39m
                        [33mclass[39m=[32m"form-check-input"[39m
                        [33mid[39m=[32m"is-done-check"[39m
                        [33mtype[39m=[32m"checkbox"[39m
                      [36m/>[39m
                      [36m<label[39m
                        [33mclass[39m=[32m"form-check-label"[39m
                        [33mfor[39m=[32m"is-done-check"[39m
                        [33mtitle[39m=[32m""[39m
                      [36m>[39m
                        [0mCompletion Status: ❌[0m
                      [36m</label>[39m
                    [36m</div>[39m
                    [36m<div>[39m
                      [36m<button[39m
                        [33mclass[39m=[32m"btn btn-primary"[39m
                        [33mhidden[39m=[32m""[39m
                        [33mtype[39m=[32m"button"[39m
                      [36m>[39m
                        [0mConfirm[0m
                      [36m</button>[39m
                    [36m</div>[39m
                  [36m</div>[39m
                  [36m<br />[39m
                  [0mDifficulty: [0m
                  [0m3[0m
                  [36m<br />[39m
                  [0mTime: [0m
                  [0m1345[0m
                  [36m<br />[39m
                  [0mSteps:[0m
                  [36m<ol[39m
                    [33mstyle[39m=[32m"list-style-type: decimal;"[39m
                  [36m>[39m
                    [36m<li>[39m
                      [0ma[0m
                    [36m</li>[39m
                    [36m<li>[39m
                      [0mb[0m
                    [36m</li>[39m
                    [36m<li>[39m
                      [0mc[0m
                    [36m</li>[39m
                    [36m<li>[39m
                      [0mGutenTag[0m
                    [36m</li>[39m
                    [36m<li>[39m
                      [0m469476[0m
                    [36m</li>[39m
                  [36m</ol>[39m
                  [36m<div>[39m
                    [36m<div />[39m
                  [36m</div>[39m
                  [36m<div>[39m
                    [36m<div[39m
                      [33mhidden[39m=[32m""[39m
                    [36m>[39m
                      [36m<div>[39m
                        [36m<button[39m
                          [33mclass[39m=[32m"btn btn-primary"[39m
                          [33mstyle[39m=[32m"background-color: red; width: 100px; height: 40px; display: inline-block; margin-left: 220px;"[39m
                          [33mtype[39m=[32m"button"[39m
                        [36m>[39m
                          [0mEdit ✏️[0m
                        [36m</button>[39m
                      [36m</div>[39m
                    [36m</div>[39m
                  [36m</div>[39m
                [36m</p>[39m
              [36m</div>[39m
            [36m</div>[39m
          [36m</div>[39m
        [36m</div>[39m
      [36m</div>[39m
    [36m</body>[39m

      76 |     //test3: there is a button to add a user if the role is super
      77 |     test("There is a button to add a user", () => {
    > 78 |         const addUButton = screen.getByRole("button", { name: /Add User/i });
         |                                   ^
      79 |         expect(addUButton).toBeInTheDocument();
      80 |     });
      81 |     //

      at Object.getElementError (node_modules/@testing-library/dom/dist/config.js:38:19)
      at node_modules/@testing-library/dom/dist/query-helpers.js:90:38
      at node_modules/@testing-library/dom/dist/query-helpers.js:62:17
      at getByRole (node_modules/@testing-library/dom/dist/query-helpers.js:111:19)
      at Object.<anonymous> (src/list-components/CentralItemList.test.tsx:78:35)

  ● CentralItemList with Role admin › There is a button to addTasks if role is admin

    TestingLibraryElementError: Unable to find an accessible element with the role "button" and name `/Add Task/i`

    Here are the accessible roles:

      heading:

      Name "Sample Tasks":
      [36m<h2 />[39m

      Name "test1":
      [36m<h4 />[39m

      Name "test2":
      [36m<h4 />[39m

      Name "test3":
      [36m<h4 />[39m

      --------------------------------------------------
      button:

      Name "test1":
      [36m<button[39m
        [33mclass[39m=[32m"Task-Button btn btn-primary"[39m
        [33mstyle[39m=[32m"border: 0px;"[39m
        [33mtype[39m=[32m"button"[39m
      [36m/>[39m

      Name "test2":
      [36m<button[39m
        [33mclass[39m=[32m"Task-Button btn btn-primary"[39m
        [33mstyle[39m=[32m"border: 0px;"[39m
        [33mtype[39m=[32m"button"[39m
      [36m/>[39m

      Name "test3":
      [36m<button[39m
        [33mclass[39m=[32m"Task-Button btn btn-primary"[39m
        [33mstyle[39m=[32m"border: 0px;"[39m
        [33mtype[39m=[32m"button"[39m
      [36m/>[39m

      --------------------------------------------------
      img:

      Name "":
      [36m<img[39m
        [33malt[39m=[32m""[39m
        [33msrc[39m=[32m"picture"[39m
        [33mwidth[39m=[32m"100px"[39m
      [36m/>[39m

      Name "":
      [36m<img[39m
        [33malt[39m=[32m""[39m
        [33msrc[39m=[32m"picture"[39m
        [33mwidth[39m=[32m"100px"[39m
      [36m/>[39m

      Name "":
      [36m<img[39m
        [33malt[39m=[32m""[39m
        [33msrc[39m=[32m"picture"[39m
        [33mwidth[39m=[32m"100px"[39m
      [36m/>[39m

      --------------------------------------------------

    Ignored nodes: comments, <script />, <style />
    [36m<body>[39m
      [36m<div>[39m
        [36m<div[39m
          [33mclass[39m=[32m"central-list"[39m
        [36m>[39m
          [36m<h2>[39m
            [0m Sample Tasks [0m
          [36m</h2>[39m
          [36m<div[39m
            [33mclass[39m=[32m"central-tasks"[39m
          [36m>[39m
            [36m<div[39m
              [33mclass[39m=[32m"Task"[39m
              [33mdraggable[39m=[32m"true"[39m
            [36m>[39m
              [36m<button[39m
                [33mclass[39m=[32m"Task-Button btn btn-primary"[39m
                [33mstyle[39m=[32m"border: 0px;"[39m
                [33mtype[39m=[32m"button"[39m
              [36m>[39m
                [36m<div>[39m
                  [36m<h4>[39m
                    [0mtest1[0m
                  [36m</h4>[39m
                  [36m<img[39m
                    [33malt[39m=[32m""[39m
                    [33msrc[39m=[32m"picture"[39m
                    [33mwidth[39m=[32m"100px"[39m
                  [36m/>[39m
                [36m</div>[39m
              [36m</button>[39m
              [36m<div[39m
                [33mclass[39m=[32m"Task-Desc"[39m
                [33mhidden[39m=[32m""[39m
                [33mstyle[39m=[32m"border: 5px solid rgb(255, 239, 195);"[39m
              [36m>[39m
                [36m<p>[39m
                  [36m<strong>[39m
                    [0mTask: [0m
                    [0mtest1[0m
                  [36m</strong>[39m
                  [36m<br />[39m
                  [0mdescription a[0m
                  [36m<br />[39m
                  [36m<div>[39m
                    [36m<div[39m
                      [33mclass[39m=[32m"form-check"[39m
                    [36m>[39m
                      [36m<input[39m
                        [33mclass[39m=[32m"form-check-input"[39m
                        [33mid[39m=[32m"is-done-check"[39m
                        [33mtype[39m=[32m"checkbox"[39m
                      [36m/>[39m
                      [36m<label[39m
                        [33mclass[39m=[32m"form-check-label"[39m
                        [33mfor[39m=[32m"is-done-check"[39m
                        [33mtitle[39m=[32m""[39m
                      [36m>[39m
                        [0mCompletion Status: ❌[0m
                      [36m</label>[39m
                    [36m</div>[39m
                    [36m<div>[39m
                      [36m<button[39m
                        [33mclass[39m=[32m"btn btn-primary"[39m
                        [33mhidden[39m=[32m""[39m
                        [33mtype[39m=[32m"button"[39m
                      [36m>[39m
                        [0mConfirm[0m
                      [36m</button>[39m
                    [36m</div>[39m
                  [36m</div>[39m
                  [36m<br />[39m
                  [0mDifficulty: [0m
                  [0m3[0m
                  [36m<br />[39m
                  [0mTime: [0m
                  [0m1345[0m
                  [36m<br />[39m
                  [0mSteps:[0m
                  [36m<ol[39m
                    [33mstyle[39m=[32m"list-style-type: decimal;"[39m
                  [36m>[39m
                    [36m<li>[39m
                      [0ma[0m
                    [36m</li>[39m
                    [36m<li>[39m
                      [0mb[0m
                    [36m</li>[39m
                    [36m<li>[39m
                      [0mc[0m
                    [36m</li>[39m
                    [36m<li>[39m
                      [0mGutenTag[0m
                    [36m</li>[39m
                    [36m<li>[39m
                      [0m469476[0m
                    [36m</li>[39m
                  [36m</ol>[39m
                  [36m<div>[39m
                    [36m<div />[39m
                  [36m</div>[39m
                  [36m<div>[39m
                    [36m<div[39m
                      [33mhidden[39m=[32m""[39m
                    [36m>[39m
                      [36m<div>[39m
                        [36m<button[39m
                          [33mclass[39m=[32m"btn btn-primary"[39m
                          [33mstyle[39m=[32m"background-color: red; width: 100px; height: 40px; display: inline-block; margin-left: 220px;"[39m
                          [33mtype[39m=[32m"button"[39m
                        [36m>[39m
                          [0mEdit ✏️[0m
                        [36m</button>[39m
                      [36m</div>[39m
                    [36m</div>[39m
                  [36m</div>[39m
                [36m</p>[39m
              [36m</div>[39m
            [36m</div>[39m
            [36m<div[39m
              [33mclass[39m=[32m"Task"[39m
              [33mdraggable[39m=[32m"true"[39m
            [36m>[39m
              [36m<button[39m
                [33mclass[39m=[32m"Task-Button btn btn-primary"[39m
                [33mstyle[39m=[32m"border: 0px;"[39m
                [33mtype[39m=[32m"button"[39m
              [36m>[39m
                [36m<div>[39m
                  [36m<h4>[39m
                    [0mtest2[0m
                  [36m</h4>[39m
                  [36m<img[39m
                    [33malt[39m=[32m""[39m
                    [33msrc[39m=[32m"picture"[39m
                    [33mwidth[39m=[32m"100px"[39m
                  [36m/>[39m
                [36m</div>[39m
              [36m</button>[39m
              [36m<div[39m
                [33mclass[39m=[32m"Task-Desc"[39m
                [33mhidden[39m=[32m""[39m
                [33mstyle[39m=[32m"border: 5px solid rgb(255, 239, 195);"[39m
              [36m>[39m
                [36m<p>[39m
                  [36m<strong>[39m
                    [0mTask: [0m
                    [0mtest2[0m
                  [36m</strong>[39m
                  [36m<br />[39m
                  [0mthis is the description[0m
                  [36m<br />[39m
                  [36m<div>[39m
                    [36m<div[39m
                      [33mclass[39m=[32m"form-check"[39m
                    [36m>[39m
                      [36m<input[39m
                        [33mclass[39m=[32m"form-check-input"[39m
                        [33mid[39m=[32m"is-done-check"[39m
                        [33mtype[39m=[32m"checkbox"[39m
                      [36m/>[39m
                      [36m<label[39m
                        [33mclass[39m=[32m"form-check-label"[39m
                        [33mfor[39m=[32m"is-done-check"[39m
                        [33mtitle[39m=[32m""[39m
                      [36m>[39m
                        [0mCompletion Status: ❌[0m
                      [36m</label>[39m
                    [36m</div>[39m
                    [36m<div>[39m
                      [36m<button[39m
                        [33mclass[39m=[32m"btn btn-primary"[39m
                        [33mhidden[39m=[32m""[39m
                        [33mtype[39m=[32m"button"[39m
                      [36m>[39m
                        [0mConfirm[0m
                      [36m</button>[39m
                    [36m</div>[39m
                  [36m</div>[39m
                  [36m<br />[39m
                  [0mDifficulty: [0m
                  [0m3[0m
                  [36m<br />[39m
                  [0mTime: [0m
                  [0m1345[0m
                  [36m<br />[39m
                  [0mSteps:[0m
                  [36m<ol[39m
                    [33mstyle[39m=[32m"list-style-type: decimal;"[39m
                  [36m>[39m
                    [36m<li>[39m
                      [0ma[0m
                    [36m</li>[39m
                    [36m<li>[39m
                      [0mb[0m
                    [36m</li>[39m
                    [36m<li>[39m
                      [0mc[0m
                    [36m</li>[39m
                    [36m<li>[39m
                      [0mGutenTag[0m
                    [36m</li>[39m
                    [36m<li>[39m
                      [0m469476[0m
                    [36m</li>[39m
                  [36m</ol>[39m
                  [36m<div>[39m
                    [36m<div />[39m
                  [36m</div>[39m
                  [36m<div>[39m
                    [36m<div[39m
                      [33mhidden[39m=[32m""[39m
                    [36m>[39m
                      [36m<div>[39m
                        [36m<button[39m
                          [33mclass[39m=[32m"btn btn-primary"[39m
                          [33mstyle[39m=[32m"background-color: red; width: 100px; height: 40px; display: inline-block; margin-left: 220px;"[39m
                          [33mtype[39m=[32m"button"[39m
                        [36m>[39m
                          [0mEdit ✏️[0m
                        [36m</button>[39m
                      [36m</div>[39m
                    [36m</div>[39m
                  [36m</div>[39m
                [36m</p>[39m
              [36m</div>[39m
            [36m</div>[39m
            [36m<div[39m
              [33mclass[39m=[32m"Task"[39m
              [33mdraggable[39m=[32m"true"[39m
            [36m>[39m
              [36m<button[39m
                [33mclass[39m=[32m"Task-Button btn btn-primary"[39m
                [33mstyle[39m=[32m"border: 0px;"[39m
                [33mtype[39m=[32m"button"[39m
              [36m>[39m
                [36m<div>[39m
                  [36m<h4>[39m
                    [0mtest3[0m
                  [36m</h4>[39m
                  [36m<img[39m
                    [33malt[39m=[32m""[39m
                    [33msrc[39m=[32m"picture"[39m
                    [33mwidth[39m=[32m"100px"[39m
                  [36m/>[39m
                [36m</div>[39m
              [36m</button>[39m
              [36m<div[39m
                [33mclass[39m=[32m"Task-Desc"[39m
                [33mhidden[39m=[32m""[39m
                [33mstyle[39m=[32m"border: 5px solid rgb(255, 239, 195);"[39m
              [36m>[39m
                [36m<p>[39m
                  [36m<strong>[39m
                    [0mTask: [0m
                    [0mtest3[0m
                  [36m</strong>[39m
                  [36m<br />[39m
                  [0ma good description[0m
                  [36m<br />[39m
                  [36m<div>[39m
                    [36m<div[39m
                      [33mclass[39m=[32m"form-check"[39m
                    [36m>[39m
                      [36m<input[39m
                        [33mclass[39m=[32m"form-check-input"[39m
                        [33mid[39m=[32m"is-done-check"[39m
                        [33mtype[39m=[32m"checkbox"[39m
                      [36m/>[39m
                      [36m<label[39m
                        [33mclass[39m=[32m"form-check-label"[39m
                        [33mfor[39m=[32m"is-done-check"[39m
                        [33mtitle[39m=[32m""[39m
                      [36m>[39m
                        [0mCompletion Status: ❌[0m
                      [36m</label>[39m
                    [36m</div>[39m
                    [36m<div>[39m
                      [36m<button[39m
                        [33mclass[39m=[32m"btn btn-primary"[39m
                        [33mhidden[39m=[32m""[39m
                        [33mtype[39m=[32m"button"[39m
                      [36m>[39m
                        [0mConfirm[0m
                      [36m</button>[39m
                    [36m</div>[39m
                  [36m</div>[39m
                  [36m<br />[39m
                  [0mDifficulty: [0m
                  [0m3[0m
                  [36m<br />[39m
                  [0mTime: [0m
                  [0m1345[0m
                  [36m<br />[39m
                  [0mSteps:[0m
                  [36m<ol[39m
                    [33mstyle[39m=[32m"list-style-type: decimal;"[39m
                  [36m>[39m
                    [36m<li>[39m
                      [0ma[0m
                    [36m</li>[39m
                    [36m<li>[39m
                      [0mb[0m
                    [36m</li>[39m
                    [36m<li>[39m
                      [0mc[0m
                    [36m</li>[39m
                    [36m<li>[39m
                      [0mGutenTag[0m
                    [36m</li>[39m
                    [36m<li>[39m
                      [0m469476[0m
                    [36m</li>[39m
                  [36m</ol>[39m
                  [36m<div>[39m
                    [36m<div />[39m
                  [36m</div>[39m
                  [36m<div>[39m
                    [36m<div[39m
                      [33mhidden[39m=[32m""[39m
                    [36m>[39m
                      [36m<div>[39m
                        [36m<button[39m
                          [33mclass[39m=[32m"btn btn-primary"[39m
                          [33mstyle[39m=[32m"background-color: red; width: 100px; height: 40px; display: inline-block; margin-left: 220px;"[39m
                          [33mtype[39m=[32m"button"[39m
                        [36m>[39m
                          [0mEdit ✏️[0m
                        [36m</button>[39m
                      [36m</div>[39m
                    [36m</div>[39m
                  [36m</div>[39m
                [36m</p>[39m
              [36m</div>[39m
            [36m</div>[39m
          [36m</div>[39m
        [36m</div>[39m
      [36m</div>[39m
    [36m</body>[39m

       95 |     //testing that there is a button to addTasks if role is admin
       96 |     test("There is a button to addTasks if role is admin", () => {
    >  97 |         const addTButton = screen.getByRole("button", { name: /Add Task/i });
          |                                   ^
       98 |         expect(addTButton).toBeInTheDocument();
       99 |     });
      100 |     //testing that there isn't an addUserButton if role is admin

      at Object.getElementError (node_modules/@testing-library/dom/dist/config.js:38:19)
      at node_modules/@testing-library/dom/dist/query-helpers.js:90:38
      at node_modules/@testing-library/dom/dist/query-helpers.js:62:17
      at getByRole (node_modules/@testing-library/dom/dist/query-helpers.js:111:19)
      at Object.<anonymous> (src/list-components/CentralItemList.test.tsx:97:35)

FAIL src/list-components/DisplayTask.test.tsx
  ● Console

    console.error
      Warning: ReactDOM.render is no longer supported in React 18. Use createRoot instead. Until you switch to the new API, your app will behave as if it's running React 17. Learn more: https://reactjs.org/link/switch-to-createroot

       7 | export const renderWithDnd = (ui: {} | null | undefined) => {
       8 |     // eslint-disable-next-line react/prop-types
    >  9 |     return render(<DndProvider backend={HTML5Backend}>{ui}</DndProvider>);
         |            ^
      10 | };
      11 |

      at printWarning (node_modules/react-dom/cjs/react-dom.development.js:86:30)
      at error (node_modules/react-dom/cjs/react-dom.development.js:60:7)
      at Object.render (node_modules/react-dom/cjs/react-dom.development.js:29670:5)
      at node_modules/@testing-library/react/dist/pure.js:101:25
      at act (node_modules/react/cjs/react.development.js:2512:16)
      at render (node_modules/@testing-library/react/dist/pure.js:97:26)
      at renderWithDnd (src/CustomRender.tsx:9:12)
      at Object.<anonymous> (src/list-components/DisplayTask.test.tsx:72:9)

    console.error
      Warning: validateDOMNesting(...): <div> cannot appear as a descendant of <p>.
          at div
          at /home/runner/work/team18/team18/node_modules/react-bootstrap/cjs/FormCheck.js:31:3
          at div
          at EditStatus (/home/runner/work/team18/team18/src/editing-components/EditStatus.tsx:17:56)
          at p
          at div
          at div
          at DisplayTask (/home/runner/work/team18/team18/src/list-components/DisplayTask.tsx:31:43)
          at DndProvider (/home/runner/work/team18/team18/node_modules/react-dnd/src/core/DndProvider.tsx:28:25)

      at printWarning (node_modules/react-dom/cjs/react-dom.development.js:86:30)
      at error (node_modules/react-dom/cjs/react-dom.development.js:60:7)
      at validateDOMNesting (node_modules/react-dom/cjs/react-dom.development.js:10849:7)
      at createInstance (node_modules/react-dom/cjs/react-dom.development.js:10930:5)
      at completeWork (node_modules/react-dom/cjs/react-dom.development.js:22187:28)
      at completeUnitOfWork (node_modules/react-dom/cjs/react-dom.development.js:26593:16)
      at performUnitOfWork (node_modules/react-dom/cjs/react-dom.development.js:26568:5)
      at workLoopSync (node_modules/react-dom/cjs/react-dom.development.js:26466:5)

    console.error
      Warning: validateDOMNesting(...): <ol> cannot appear as a descendant of <p>.
          at ol
          at p
          at div
          at div
          at DisplayTask (/home/runner/work/team18/team18/src/list-components/DisplayTask.tsx:31:43)
          at DndProvider (/home/runner/work/team18/team18/node_modules/react-dnd/src/core/DndProvider.tsx:28:25)

      at printWarning (node_modules/react-dom/cjs/react-dom.development.js:86:30)
      at error (node_modules/react-dom/cjs/react-dom.development.js:60:7)
      at validateDOMNesting (node_modules/react-dom/cjs/react-dom.development.js:10849:7)
      at createInstance (node_modules/react-dom/cjs/react-dom.development.js:10930:5)
      at completeWork (node_modules/react-dom/cjs/react-dom.development.js:22187:28)
      at completeUnitOfWork (node_modules/react-dom/cjs/react-dom.development.js:26593:16)
      at performUnitOfWork (node_modules/react-dom/cjs/react-dom.development.js:26568:5)
      at workLoopSync (node_modules/react-dom/cjs/react-dom.development.js:26466:5)

    console.error
      Warning: ReactDOM.render is no longer supported in React 18. Use createRoot instead. Until you switch to the new API, your app will behave as if it's running React 17. Learn more: https://reactjs.org/link/switch-to-createroot

       7 | export const renderWithDnd = (ui: {} | null | undefined) => {
       8 |     // eslint-disable-next-line react/prop-types
    >  9 |     return render(<DndProvider backend={HTML5Backend}>{ui}</DndProvider>);
         |            ^
      10 | };
      11 |

      at printWarning (node_modules/react-dom/cjs/react-dom.development.js:86:30)
      at error (node_modules/react-dom/cjs/react-dom.development.js:60:7)
      at Object.render (node_modules/react-dom/cjs/react-dom.development.js:29670:5)
      at node_modules/@testing-library/react/dist/pure.js:101:25
      at act (node_modules/react/cjs/react.development.js:2512:16)
      at render (node_modules/@testing-library/react/dist/pure.js:97:26)
      at renderWithDnd (src/CustomRender.tsx:9:12)
      at Object.<anonymous> (src/list-components/DisplayTask.test.tsx:72:9)

    console.error
      Warning: ReactDOM.render is no longer supported in React 18. Use createRoot instead. Until you switch to the new API, your app will behave as if it's running React 17. Learn more: https://reactjs.org/link/switch-to-createroot

       7 | export const renderWithDnd = (ui: {} | null | undefined) => {
       8 |     // eslint-disable-next-line react/prop-types
    >  9 |     return render(<DndProvider backend={HTML5Backend}>{ui}</DndProvider>);
         |            ^
      10 | };
      11 |

      at printWarning (node_modules/react-dom/cjs/react-dom.development.js:86:30)
      at error (node_modules/react-dom/cjs/react-dom.development.js:60:7)
      at Object.render (node_modules/react-dom/cjs/react-dom.development.js:29670:5)
      at node_modules/@testing-library/react/dist/pure.js:101:25
      at act (node_modules/react/cjs/react.development.js:2512:16)
      at render (node_modules/@testing-library/react/dist/pure.js:97:26)
      at renderWithDnd (src/CustomRender.tsx:9:12)
      at Object.<anonymous> (src/list-components/DisplayTask.test.tsx:72:9)

    console.error
      Warning: ReactDOM.render is no longer supported in React 18. Use createRoot instead. Until you switch to the new API, your app will behave as if it's running React 17. Learn more: https://reactjs.org/link/switch-to-createroot

       7 | export const renderWithDnd = (ui: {} | null | undefined) => {
       8 |     // eslint-disable-next-line react/prop-types
    >  9 |     return render(<DndProvider backend={HTML5Backend}>{ui}</DndProvider>);
         |            ^
      10 | };
      11 |

      at printWarning (node_modules/react-dom/cjs/react-dom.development.js:86:30)
      at error (node_modules/react-dom/cjs/react-dom.development.js:60:7)
      at Object.render (node_modules/react-dom/cjs/react-dom.development.js:29670:5)
      at node_modules/@testing-library/react/dist/pure.js:101:25
      at act (node_modules/react/cjs/react.development.js:2512:16)
      at render (node_modules/@testing-library/react/dist/pure.js:97:26)
      at renderWithDnd (src/CustomRender.tsx:9:12)
      at Object.<anonymous> (src/list-components/DisplayTask.test.tsx:72:9)

    console.error
      Warning: ReactDOM.render is no longer supported in React 18. Use createRoot instead. Until you switch to the new API, your app will behave as if it's running React 17. Learn more: https://reactjs.org/link/switch-to-createroot

       7 | export const renderWithDnd = (ui: {} | null | undefined) => {
       8 |     // eslint-disable-next-line react/prop-types
    >  9 |     return render(<DndProvider backend={HTML5Backend}>{ui}</DndProvider>);
         |            ^
      10 | };
      11 |

      at printWarning (node_modules/react-dom/cjs/react-dom.development.js:86:30)
      at error (node_modules/react-dom/cjs/react-dom.development.js:60:7)
      at Object.render (node_modules/react-dom/cjs/react-dom.development.js:29670:5)
      at node_modules/@testing-library/react/dist/pure.js:101:25
      at act (node_modules/react/cjs/react.development.js:2512:16)
      at render (node_modules/@testing-library/react/dist/pure.js:97:26)
      at renderWithDnd (src/CustomRender.tsx:9:12)
      at Object.<anonymous> (src/list-components/DisplayTask.test.tsx:72:9)

    console.error
      Warning: ReactDOM.render is no longer supported in React 18. Use createRoot instead. Until you switch to the new API, your app will behave as if it's running React 17. Learn more: https://reactjs.org/link/switch-to-createroot

       7 | export const renderWithDnd = (ui: {} | null | undefined) => {
       8 |     // eslint-disable-next-line react/prop-types
    >  9 |     return render(<DndProvider backend={HTML5Backend}>{ui}</DndProvider>);
         |            ^
      10 | };
      11 |

      at printWarning (node_modules/react-dom/cjs/react-dom.development.js:86:30)
      at error (node_modules/react-dom/cjs/react-dom.development.js:60:7)
      at Object.render (node_modules/react-dom/cjs/react-dom.development.js:29670:5)
      at node_modules/@testing-library/react/dist/pure.js:101:25
      at act (node_modules/react/cjs/react.development.js:2512:16)
      at render (node_modules/@testing-library/react/dist/pure.js:97:26)
      at renderWithDnd (src/CustomRender.tsx:9:12)
      at Object.<anonymous> (src/list-components/DisplayTask.test.tsx:72:9)

    console.error
      Warning: ReactDOM.render is no longer supported in React 18. Use createRoot instead. Until you switch to the new API, your app will behave as if it's running React 17. Learn more: https://reactjs.org/link/switch-to-createroot

       7 | export const renderWithDnd = (ui: {} | null | undefined) => {
       8 |     // eslint-disable-next-line react/prop-types
    >  9 |     return render(<DndProvider backend={HTML5Backend}>{ui}</DndProvider>);
         |            ^
      10 | };
      11 |

      at printWarning (node_modules/react-dom/cjs/react-dom.development.js:86:30)
      at error (node_modules/react-dom/cjs/react-dom.development.js:60:7)
      at Object.render (node_modules/react-dom/cjs/react-dom.development.js:29670:5)
      at node_modules/@testing-library/react/dist/pure.js:101:25
      at act (node_modules/react/cjs/react.development.js:2512:16)
      at render (node_modules/@testing-library/react/dist/pure.js:97:26)
      at renderWithDnd (src/CustomRender.tsx:9:12)
      at Object.<anonymous> (src/list-components/DisplayTask.test.tsx:72:9)

    console.error
      Warning: ReactDOM.render is no longer supported in React 18. Use createRoot instead. Until you switch to the new API, your app will behave as if it's running React 17. Learn more: https://reactjs.org/link/switch-to-createroot

       7 | export const renderWithDnd = (ui: {} | null | undefined) => {
       8 |     // eslint-disable-next-line react/prop-types
    >  9 |     return render(<DndProvider backend={HTML5Backend}>{ui}</DndProvider>);
         |            ^
      10 | };
      11 |

      at printWarning (node_modules/react-dom/cjs/react-dom.development.js:86:30)
      at error (node_modules/react-dom/cjs/react-dom.development.js:60:7)
      at Object.render (node_modules/react-dom/cjs/react-dom.development.js:29670:5)
      at node_modules/@testing-library/react/dist/pure.js:101:25
      at act (node_modules/react/cjs/react.development.js:2512:16)
      at render (node_modules/@testing-library/react/dist/pure.js:97:26)
      at renderWithDnd (src/CustomRender.tsx:9:12)
      at Object.<anonymous> (src/list-components/DisplayTask.test.tsx:118:9)

  ● DisplayView Tests › Taskname is displayed

    TestingLibraryElementError: Found multiple elements with the text: /test/i

    Here are the matching elements:

    Ignored nodes: comments, <script />, <style />
    [36m<h4>[39m
      [0mtest[0m
    [36m</h4>[39m

    Ignored nodes: comments, <script />, <style />
    [36m<strong>[39m
      [0mTask: [0m
      [0mtest[0m
    [36m</strong>[39m

    (If this is intentional, then use the `*AllBy*` variant of the query (like `queryAllByText`, `getAllByText`, or `findAllByText`)).

    Ignored nodes: comments, <script />, <style />
    [36m<body>[39m
      [36m<div>[39m
        [36m<div[39m
          [33mclass[39m=[32m"Task"[39m
          [33mdraggable[39m=[32m"true"[39m
        [36m>[39m
          [36m<button[39m
            [33mclass[39m=[32m"Task-Button btn btn-primary"[39m
            [33mstyle[39m=[32m"border: 0px;"[39m
            [33mtype[39m=[32m"button"[39m
          [36m>[39m
            [36m<div>[39m
              [36m<h4>[39m
                [0mtest[0m
              [36m</h4>[39m
              [36m<img[39m
                [33malt[39m=[32m""[39m
                [33msrc[39m=[32m"picture"[39m
                [33mwidth[39m=[32m"100px"[39m
              [36m/>[39m
            [36m</div>[39m
          [36m</button>[39m
          [36m<div[39m
            [33mclass[39m=[32m"Task-Desc"[39m
            [33mhidden[39m=[32m""[39m
            [33mstyle[39m=[32m"border: 5px solid rgb(255, 239, 195);"[39m
          [36m>[39m
            [36m<p>[39m
              [36m<strong>[39m
                [0mTask: [0m
                [0mtest[0m
              [36m</strong>[39m
              [36m<br />[39m
              [0mthis is the description[0m
              [36m<br />[39m
              [36m<div>[39m
                [36m<div[39m
                  [33mclass[39m=[32m"form-check"[39m
                [36m>[39m
                  [36m<input[39m
                    [33mclass[39m=[32m"form-check-input"[39m
                    [33mid[39m=[32m"is-done-check"[39m
                    [33mtype[39m=[32m"checkbox"[39m
                  [36m/>[39m
                  [36m<label[39m
                    [33mclass[39m=[32m"form-check-label"[39m
                    [33mfor[39m=[32m"is-done-check"[39m
                    [33mtitle[39m=[32m""[39m
                  [36m>[39m
                    [0mCompletion Status: ❌[0m
                  [36m</label>[39m
                [36m</div>[39m
                [36m<div>[39m
                  [36m<button[39m
                    [33mclass[39m=[32m"btn btn-primary"[39m
                    [33mhidden[39m=[32m""[39m
                    [33mtype[39m=[32m"button"[39m
                  [36m>[39m
                    [0mConfirm[0m
                  [36m</button>[39m
                [36m</div>[39m
              [36m</div>[39m
              [36m<br />[39m
              [0mDifficulty: [0m
              [0m3[0m
              [36m<br />[39m
              [0mTime: [0m
              [0m1345[0m
              [36m<br />[39m
              [0mSteps:[0m
              [36m<ol[39m
                [33mstyle[39m=[32m"list-style-type: decimal;"[39m
              [36m>[39m
                [36m<li>[39m
                  [0ma[0m
                [36m</li>[39m
                [36m<li>[39m
                  [0mb[0m
                [36m</li>[39m
                [36m<li>[39m
                  [0mc[0m
                [36m</li>[39m
                [36m<li>[39m
                  [0mGutenTag[0m
                [36m</li>[39m
                [36m<li>[39m
                  [0m469476[0m
                [36m</li>[39m
              [36m</ol>[39m
              [36m<div>[39m
                [36m<div />[39m
              [36m</div>[39m
              [36m<div>[39m
                [36m<div>[39m
                  [36m<div>[39m
                    [36m<button[39m
                      [33mclass[39m=[32m"btn btn-primary"[39m
                      [33mstyle[39m=[32m"background-color: red; width: 100px; height: 40px; display: inline-block; margin-left: 220px;"[39m
                      [33mtype[39m=[32m"button"[39m
                    [36m>[39m
                      [0mEdit ✏️[0m
                    [36m</button>[39m
                  [36m</div>[39m
                [36m</div>[39m
              [36m</div>[39m
            [36m</p>[39m
          [36m</div>[39m
        [36m</div>[39m
      [36m</div>[39m
    [36m</body>[39m

      80 |     });
      81 |     test("Taskname is displayed", () => {
    > 82 |         const taskName = screen.getByText(/test/i);
         |                                 ^
      83 |         expect(taskName).toBeInTheDocument();
      84 |     });
      85 |     test("Num of TaskUsers is there if role is super", () => {

      at Object.getElementError (node_modules/@testing-library/dom/dist/config.js:38:19)
      at getElementError (node_modules/@testing-library/dom/dist/query-helpers.js:25:35)
      at getMultipleElementsFoundError (node_modules/@testing-library/dom/dist/query-helpers.js:29:10)
      at node_modules/@testing-library/dom/dist/query-helpers.js:66:13
      at getByText (node_modules/@testing-library/dom/dist/query-helpers.js:111:19)
      at Object.<anonymous> (src/list-components/DisplayTask.test.tsx:82:33)

  ● DisplayView Tests › Num of TaskUsers is there if role is super

    TestingLibraryElementError: Unable to find an element with the text: /Number of Users/i. This could be because the text is broken up by multiple elements. In this case, you can provide a function for your text matcher to make your matcher more flexible.

    Ignored nodes: comments, <script />, <style />
    [36m<body>[39m
      [36m<div>[39m
        [36m<div[39m
          [33mclass[39m=[32m"Task"[39m
          [33mdraggable[39m=[32m"true"[39m
        [36m>[39m
          [36m<button[39m
            [33mclass[39m=[32m"Task-Button btn btn-primary"[39m
            [33mstyle[39m=[32m"border: 0px;"[39m
            [33mtype[39m=[32m"button"[39m
          [36m>[39m
            [36m<div>[39m
              [36m<h4>[39m
                [0mtest[0m
              [36m</h4>[39m
              [36m<img[39m
                [33malt[39m=[32m""[39m
                [33msrc[39m=[32m"picture"[39m
                [33mwidth[39m=[32m"100px"[39m
              [36m/>[39m
            [36m</div>[39m
          [36m</button>[39m
          [36m<div[39m
            [33mclass[39m=[32m"Task-Desc"[39m
            [33mhidden[39m=[32m""[39m
            [33mstyle[39m=[32m"border: 5px solid rgb(255, 239, 195);"[39m
          [36m>[39m
            [36m<p>[39m
              [36m<strong>[39m
                [0mTask: [0m
                [0mtest[0m
              [36m</strong>[39m
              [36m<br />[39m
              [0mthis is the description[0m
              [36m<br />[39m
              [36m<div>[39m
                [36m<div[39m
                  [33mclass[39m=[32m"form-check"[39m
                [36m>[39m
                  [36m<input[39m
                    [33mclass[39m=[32m"form-check-input"[39m
                    [33mid[39m=[32m"is-done-check"[39m
                    [33mtype[39m=[32m"checkbox"[39m
                  [36m/>[39m
                  [36m<label[39m
                    [33mclass[39m=[32m"form-check-label"[39m
                    [33mfor[39m=[32m"is-done-check"[39m
                    [33mtitle[39m=[32m""[39m
                  [36m>[39m
                    [0mCompletion Status: ❌[0m
                  [36m</label>[39m
                [36m</div>[39m
                [36m<div>[39m
                  [36m<button[39m
                    [33mclass[39m=[32m"btn btn-primary"[39m
                    [33mhidden[39m=[32m""[39m
                    [33mtype[39m=[32m"button"[39m
                  [36m>[39m
                    [0mConfirm[0m
                  [36m</button>[39m
                [36m</div>[39m
              [36m</div>[39m
              [36m<br />[39m
              [0mDifficulty: [0m
              [0m3[0m
              [36m<br />[39m
              [0mTime: [0m
              [0m1345[0m
              [36m<br />[39m
              [0mSteps:[0m
              [36m<ol[39m
                [33mstyle[39m=[32m"list-style-type: decimal;"[39m
              [36m>[39m
                [36m<li>[39m
                  [0ma[0m
                [36m</li>[39m
                [36m<li>[39m
                  [0mb[0m
                [36m</li>[39m
                [36m<li>[39m
                  [0mc[0m
                [36m</li>[39m
                [36m<li>[39m
                  [0mGutenTag[0m
                [36m</li>[39m
                [36m<li>[39m
                  [0m469476[0m
                [36m</li>[39m
              [36m</ol>[39m
              [36m<div>[39m
                [36m<div />[39m
              [36m</div>[39m
              [36m<div>[39m
                [36m<div>[39m
                  [36m<div>[39m
                    [36m<button[39m
                      [33mclass[39m=[32m"btn btn-primary"[39m
                      [33mstyle[39m=[32m"background-color: red; width: 100px; height: 40px; display: inline-block; margin-left: 220px;"[39m
                      [33mtype[39m=[32m"button"[39m
                    [36m>[39m
                      [0mEdit ✏️[0m
                    [36m</button>[39m
                  [36m</div>[39m
                [36m</div>[39m
              [36m</div>[39m
            [36m</p>[39m
          [36m</div>[39m
        [36m</div>[39m
      [36m</div>[39m
    [36m</body>[39m

      84 |     });
      85 |     test("Num of TaskUsers is there if role is super", () => {
    > 86 |         const UserNum = screen.getByText(/Number of Users/i);
         |                                ^
      87 |         expect(UserNum).toBeInTheDocument();
      88 |     });
      89 |     test("There is a checkbox", () => {

      at Object.getElementError (node_modules/@testing-library/dom/dist/config.js:38:19)
      at node_modules/@testing-library/dom/dist/query-helpers.js:90:38
      at node_modules/@testing-library/dom/dist/query-helpers.js:62:17
      at getByText (node_modules/@testing-library/dom/dist/query-helpers.js:111:19)
      at Object.<anonymous> (src/list-components/DisplayTask.test.tsx:86:32)

  ● DisplayView Tests › There is a checkbox

    TestingLibraryElementError: Unable to find an accessible element with the role "checkbox" and name `/❌/i`

    Here are the accessible roles:

      button:

      Name "test":
      [36m<button[39m
        [33mclass[39m=[32m"Task-Button btn btn-primary"[39m
        [33mstyle[39m=[32m"border: 0px;"[39m
        [33mtype[39m=[32m"button"[39m
      [36m/>[39m

      --------------------------------------------------
      heading:

      Name "test":
      [36m<h4 />[39m

      --------------------------------------------------
      img:

      Name "":
      [36m<img[39m
        [33malt[39m=[32m""[39m
        [33msrc[39m=[32m"picture"[39m
        [33mwidth[39m=[32m"100px"[39m
      [36m/>[39m

      --------------------------------------------------

    Ignored nodes: comments, <script />, <style />
    [36m<body>[39m
      [36m<div>[39m
        [36m<div[39m
          [33mclass[39m=[32m"Task"[39m
          [33mdraggable[39m=[32m"true"[39m
        [36m>[39m
          [36m<button[39m
            [33mclass[39m=[32m"Task-Button btn btn-primary"[39m
            [33mstyle[39m=[32m"border: 0px;"[39m
            [33mtype[39m=[32m"button"[39m
          [36m>[39m
            [36m<div>[39m
              [36m<h4>[39m
                [0mtest[0m
              [36m</h4>[39m
              [36m<img[39m
                [33malt[39m=[32m""[39m
                [33msrc[39m=[32m"picture"[39m
                [33mwidth[39m=[32m"100px"[39m
              [36m/>[39m
            [36m</div>[39m
          [36m</button>[39m
          [36m<div[39m
            [33mclass[39m=[32m"Task-Desc"[39m
            [33mhidden[39m=[32m""[39m
            [33mstyle[39m=[32m"border: 5px solid rgb(255, 239, 195);"[39m
          [36m>[39m
            [36m<p>[39m
              [36m<strong>[39m
                [0mTask: [0m
                [0mtest[0m
              [36m</strong>[39m
              [36m<br />[39m
              [0mthis is the description[0m
              [36m<br />[39m
              [36m<div>[39m
                [36m<div[39m
                  [33mclass[39m=[32m"form-check"[39m
                [36m>[39m
                  [36m<input[39m
                    [33mclass[39m=[32m"form-check-input"[39m
                    [33mid[39m=[32m"is-done-check"[39m
                    [33mtype[39m=[32m"checkbox"[39m
                  [36m/>[39m
                  [36m<label[39m
                    [33mclass[39m=[32m"form-check-label"[39m
                    [33mfor[39m=[32m"is-done-check"[39m
                    [33mtitle[39m=[32m""[39m
                  [36m>[39m
                    [0mCompletion Status: ❌[0m
                  [36m</label>[39m
                [36m</div>[39m
                [36m<div>[39m
                  [36m<button[39m
                    [33mclass[39m=[32m"btn btn-primary"[39m
                    [33mhidden[39m=[32m""[39m
                    [33mtype[39m=[32m"button"[39m
                  [36m>[39m
                    [0mConfirm[0m
                  [36m</button>[39m
                [36m</div>[39m
              [36m</div>[39m
              [36m<br />[39m
              [0mDifficulty: [0m
              [0m3[0m
              [36m<br />[39m
              [0mTime: [0m
              [0m1345[0m
              [36m<br />[39m
              [0mSteps:[0m
              [36m<ol[39m
                [33mstyle[39m=[32m"list-style-type: decimal;"[39m
              [36m>[39m
                [36m<li>[39m
                  [0ma[0m
                [36m</li>[39m
                [36m<li>[39m
                  [0mb[0m
                [36m</li>[39m
                [36m<li>[39m
                  [0mc[0m
                [36m</li>[39m
                [36m<li>[39m
                  [0mGutenTag[0m
                [36m</li>[39m
                [36m<li>[39m
                  [0m469476[0m
                [36m</li>[39m
              [36m</ol>[39m
              [36m<div>[39m
                [36m<div />[39m
              [36m</div>[39m
              [36m<div>[39m
                [36m<div>[39m
                  [36m<div>[39m
                    [36m<button[39m
                      [33mclass[39m=[32m"btn btn-primary"[39m
                      [33mstyle[39m=[32m"background-color: red; width: 100px; height: 40px; display: inline-block; margin-left: 220px;"[39m
                      [33mtype[39m=[32m"button"[39m
                    [36m>[39m
                      [0mEdit ✏️[0m
                    [36m</button>[39m
                  [36m</div>[39m
                [36m</div>[39m
              [36m</div>[39m
            [36m</p>[39m
          [36m</div>[39m
        [36m</div>[39m
      [36m</div>[39m
    [36m</body>[39m

      88 |     });
      89 |     test("There is a checkbox", () => {
    > 90 |         const doneCheckbox = screen.getByRole("checkbox", {
         |                                     ^
      91 |             name: /❌/i || /✔️/i
      92 |         });
      93 |         expect(doneCheckbox).toBeInTheDocument();

      at Object.getElementError (node_modules/@testing-library/dom/dist/config.js:38:19)
      at node_modules/@testing-library/dom/dist/query-helpers.js:90:38
      at node_modules/@testing-library/dom/dist/query-helpers.js:62:17
      at getByRole (node_modules/@testing-library/dom/dist/query-helpers.js:111:19)
      at Object.<anonymous> (src/list-components/DisplayTask.test.tsx:90:37)

  ● DisplayView Tests › Description of the task is displayed

    TestingLibraryElementError: Unable to find an element with the text: this is the description. This could be because the text is broken up by multiple elements. In this case, you can provide a function for your text matcher to make your matcher more flexible.

    Ignored nodes: comments, <script />, <style />
    [36m<body>[39m
      [36m<div>[39m
        [36m<div[39m
          [33mclass[39m=[32m"Task"[39m
          [33mdraggable[39m=[32m"true"[39m
        [36m>[39m
          [36m<button[39m
            [33mclass[39m=[32m"Task-Button btn btn-primary"[39m
            [33mstyle[39m=[32m"border: 0px;"[39m
            [33mtype[39m=[32m"button"[39m
          [36m>[39m
            [36m<div>[39m
              [36m<h4>[39m
                [0mtest[0m
              [36m</h4>[39m
              [36m<img[39m
                [33malt[39m=[32m""[39m
                [33msrc[39m=[32m"picture"[39m
                [33mwidth[39m=[32m"100px"[39m
              [36m/>[39m
            [36m</div>[39m
          [36m</button>[39m
          [36m<div[39m
            [33mclass[39m=[32m"Task-Desc"[39m
            [33mhidden[39m=[32m""[39m
            [33mstyle[39m=[32m"border: 5px solid rgb(255, 239, 195);"[39m
          [36m>[39m
            [36m<p>[39m
              [36m<strong>[39m
                [0mTask: [0m
                [0mtest[0m
              [36m</strong>[39m
              [36m<br />[39m
              [0mthis is the description[0m
              [36m<br />[39m
              [36m<div>[39m
                [36m<div[39m
                  [33mclass[39m=[32m"form-check"[39m
                [36m>[39m
                  [36m<input[39m
                    [33mclass[39m=[32m"form-check-input"[39m
                    [33mid[39m=[32m"is-done-check"[39m
                    [33mtype[39m=[32m"checkbox"[39m
                  [36m/>[39m
                  [36m<label[39m
                    [33mclass[39m=[32m"form-check-label"[39m
                    [33mfor[39m=[32m"is-done-check"[39m
                    [33mtitle[39m=[32m""[39m
                  [36m>[39m
                    [0mCompletion Status: ❌[0m
                  [36m</label>[39m
                [36m</div>[39m
                [36m<div>[39m
                  [36m<button[39m
                    [33mclass[39m=[32m"btn btn-primary"[39m
                    [33mhidden[39m=[32m""[39m
                    [33mtype[39m=[32m"button"[39m
                  [36m>[39m
                    [0mConfirm[0m
                  [36m</button>[39m
                [36m</div>[39m
              [36m</div>[39m
              [36m<br />[39m
              [0mDifficulty: [0m
              [0m3[0m
              [36m<br />[39m
              [0mTime: [0m
              [0m1345[0m
              [36m<br />[39m
              [0mSteps:[0m
              [36m<ol[39m
                [33mstyle[39m=[32m"list-style-type: decimal;"[39m
              [36m>[39m
                [36m<li>[39m
                  [0ma[0m
                [36m</li>[39m
                [36m<li>[39m
                  [0mb[0m
                [36m</li>[39m
                [36m<li>[39m
                  [0mc[0m
                [36m</li>[39m
                [36m<li>[39m
                  [0mGutenTag[0m
                [36m</li>[39m
                [36m<li>[39m
                  [0m469476[0m
                [36m</li>[39m
              [36m</ol>[39m
              [36m<div>[39m
                [36m<div />[39m
              [36m</div>[39m
              [36m<div>[39m
                [36m<div>[39m
                  [36m<div>[39m
                    [36m<button[39m
                      [33mclass[39m=[32m"btn btn-primary"[39m
                      [33mstyle[39m=[32m"background-color: red; width: 100px; height: 40px; display: inline-block; margin-left: 220px;"[39m
                      [33mtype[39m=[32m"button"[39m
                    [36m>[39m
                      [0mEdit ✏️[0m
                    [36m</button>[39m
                  [36m</div>[39m
                [36m</div>[39m
              [36m</div>[39m
            [36m</p>[39m
          [36m</div>[39m
        [36m</div>[39m
      [36m</div>[39m
    [36m</body>[39m

      94 |     });
      95 |     test("Description of the task is displayed", () => {
    > 96 |         const desc = screen.getByText(testTask.description);
         |                             ^
      97 |         expect(desc).toBeInTheDocument();
      98 |     });
      99 |     test("Steps are displayed", () => {

      at Object.getElementError (node_modules/@testing-library/dom/dist/config.js:38:19)
      at node_modules/@testing-library/dom/dist/query-helpers.js:90:38
      at node_modules/@testing-library/dom/dist/query-helpers.js:62:17
      at getByText (node_modules/@testing-library/dom/dist/query-helpers.js:111:19)
      at Object.<anonymous> (src/list-components/DisplayTask.test.tsx:96:29)

FAIL src/editing-components/EditTask.test.tsx
  ● Console

    console.error
      Warning: ReactDOM.render is no longer supported in React 18. Use createRoot instead. Until you switch to the new API, your app will behave as if it's running React 17. Learn more: https://reactjs.org/link/switch-to-createroot

      63 | describe("Testing EditTask", () => {
      64 |     beforeEach(() => {
    > 65 |         render(
         |         ^
      66 |             <EditTask tasks={TaskList} updateTasks={setTasks} task={testTask} />
      67 |         );
      68 |     });

      at printWarning (node_modules/react-dom/cjs/react-dom.development.js:86:30)
      at error (node_modules/react-dom/cjs/react-dom.development.js:60:7)
      at Object.render (node_modules/react-dom/cjs/react-dom.development.js:29670:5)
      at node_modules/@testing-library/react/dist/pure.js:101:25
      at act (node_modules/react/cjs/react.development.js:2512:16)
      at render (node_modules/@testing-library/react/dist/pure.js:97:26)
      at Object.<anonymous> (src/editing-components/EditTask.test.tsx:65:9)

    console.error
      Warning: ReactDOM.render is no longer supported in React 18. Use createRoot instead. Until you switch to the new API, your app will behave as if it's running React 17. Learn more: https://reactjs.org/link/switch-to-createroot

      76 | describe("Testing EditTask", () => {
      77 |     beforeEach(() => {
    > 78 |         render(
         |         ^
      79 |             <EditTask tasks={TaskList} updateTasks={setTasks} task={testTask} />
      80 |         );
      81 |         const editBut = screen.getByRole("button", { name: "Edit Task" }); //this is finding the edit Task button

      at printWarning (node_modules/react-dom/cjs/react-dom.development.js:86:30)
      at error (node_modules/react-dom/cjs/react-dom.development.js:60:7)
      at Object.render (node_modules/react-dom/cjs/react-dom.development.js:29670:5)
      at node_modules/@testing-library/react/dist/pure.js:101:25
      at act (node_modules/react/cjs/react.development.js:2512:16)
      at render (node_modules/@testing-library/react/dist/pure.js:97:26)
      at Object.<anonymous> (src/editing-components/EditTask.test.tsx:78:9)

    console.error
      Warning: ReactDOM.render is no longer supported in React 18. Use createRoot instead. Until you switch to the new API, your app will behave as if it's running React 17. Learn more: https://reactjs.org/link/switch-to-createroot

      76 | describe("Testing EditTask", () => {
      77 |     beforeEach(() => {
    > 78 |         render(
         |         ^
      79 |             <EditTask tasks={TaskList} updateTasks={setTasks} task={testTask} />
      80 |         );
      81 |         const editBut = screen.getByRole("button", { name: "Edit Task" }); //this is finding the edit Task button

      at printWarning (node_modules/react-dom/cjs/react-dom.development.js:86:30)
      at error (node_modules/react-dom/cjs/react-dom.development.js:60:7)
      at Object.render (node_modules/react-dom/cjs/react-dom.development.js:29670:5)
      at node_modules/@testing-library/react/dist/pure.js:101:25
      at act (node_modules/react/cjs/react.development.js:2512:16)
      at render (node_modules/@testing-library/react/dist/pure.js:97:26)
      at Object.<anonymous> (src/editing-components/EditTask.test.tsx:78:9)

    console.error
      Warning: ReactDOM.render is no longer supported in React 18. Use createRoot instead. Until you switch to the new API, your app will behave as if it's running React 17. Learn more: https://reactjs.org/link/switch-to-createroot

      76 | describe("Testing EditTask", () => {
      77 |     beforeEach(() => {
    > 78 |         render(
         |         ^
      79 |             <EditTask tasks={TaskList} updateTasks={setTasks} task={testTask} />
      80 |         );
      81 |         const editBut = screen.getByRole("button", { name: "Edit Task" }); //this is finding the edit Task button

      at printWarning (node_modules/react-dom/cjs/react-dom.development.js:86:30)
      at error (node_modules/react-dom/cjs/react-dom.development.js:60:7)
      at Object.render (node_modules/react-dom/cjs/react-dom.development.js:29670:5)
      at node_modules/@testing-library/react/dist/pure.js:101:25
      at act (node_modules/react/cjs/react.development.js:2512:16)
      at render (node_modules/@testing-library/react/dist/pure.js:97:26)
      at Object.<anonymous> (src/editing-components/EditTask.test.tsx:78:9)

    console.error
      Warning: ReactDOM.render is no longer supported in React 18. Use createRoot instead. Until you switch to the new API, your app will behave as if it's running React 17. Learn more: https://reactjs.org/link/switch-to-createroot

      76 | describe("Testing EditTask", () => {
      77 |     beforeEach(() => {
    > 78 |         render(
         |         ^
      79 |             <EditTask tasks={TaskList} updateTasks={setTasks} task={testTask} />
      80 |         );
      81 |         const editBut = screen.getByRole("button", { name: "Edit Task" }); //this is finding the edit Task button

      at printWarning (node_modules/react-dom/cjs/react-dom.development.js:86:30)
      at error (node_modules/react-dom/cjs/react-dom.development.js:60:7)
      at Object.render (node_modules/react-dom/cjs/react-dom.development.js:29670:5)
      at node_modules/@testing-library/react/dist/pure.js:101:25
      at act (node_modules/react/cjs/react.development.js:2512:16)
      at render (node_modules/@testing-library/react/dist/pure.js:97:26)
      at Object.<anonymous> (src/editing-components/EditTask.test.tsx:78:9)

    console.error
      Warning: ReactDOM.render is no longer supported in React 18. Use createRoot instead. Until you switch to the new API, your app will behave as if it's running React 17. Learn more: https://reactjs.org/link/switch-to-createroot

      76 | describe("Testing EditTask", () => {
      77 |     beforeEach(() => {
    > 78 |         render(
         |         ^
      79 |             <EditTask tasks={TaskList} updateTasks={setTasks} task={testTask} />
      80 |         );
      81 |         const editBut = screen.getByRole("button", { name: "Edit Task" }); //this is finding the edit Task button

      at printWarning (node_modules/react-dom/cjs/react-dom.development.js:86:30)
      at error (node_modules/react-dom/cjs/react-dom.development.js:60:7)
      at Object.render (node_modules/react-dom/cjs/react-dom.development.js:29670:5)
      at node_modules/@testing-library/react/dist/pure.js:101:25
      at act (node_modules/react/cjs/react.development.js:2512:16)
      at render (node_modules/@testing-library/react/dist/pure.js:97:26)
      at Object.<anonymous> (src/editing-components/EditTask.test.tsx:78:9)

    console.error
      Warning: ReactDOM.render is no longer supported in React 18. Use createRoot instead. Until you switch to the new API, your app will behave as if it's running React 17. Learn more: https://reactjs.org/link/switch-to-createroot

      76 | describe("Testing EditTask", () => {
      77 |     beforeEach(() => {
    > 78 |         render(
         |         ^
      79 |             <EditTask tasks={TaskList} updateTasks={setTasks} task={testTask} />
      80 |         );
      81 |         const editBut = screen.getByRole("button", { name: "Edit Task" }); //this is finding the edit Task button

      at printWarning (node_modules/react-dom/cjs/react-dom.development.js:86:30)
      at error (node_modules/react-dom/cjs/react-dom.development.js:60:7)
      at Object.render (node_modules/react-dom/cjs/react-dom.development.js:29670:5)
      at node_modules/@testing-library/react/dist/pure.js:101:25
      at act (node_modules/react/cjs/react.development.js:2512:16)
      at render (node_modules/@testing-library/react/dist/pure.js:97:26)
      at Object.<anonymous> (src/editing-components/EditTask.test.tsx:78:9)

  ● Testing EditTask › There is a button to save changes

    TestingLibraryElementError: Unable to find an accessible element with the role "button" and name "Edit Task"

    Here are the accessible roles:

      button:

      Name "Edit ✏️":
      [36m<button[39m
        [33mclass[39m=[32m"btn btn-primary"[39m
        [33mstyle[39m=[32m"background-color: red; width: 100px; height: 40px; display: inline-block; margin-left: 220px;"[39m
        [33mtype[39m=[32m"button"[39m
      [36m/>[39m

      --------------------------------------------------

    Ignored nodes: comments, <script />, <style />
    [36m<body>[39m
      [36m<div>[39m
        [36m<div>[39m
          [36m<button[39m
            [33mclass[39m=[32m"btn btn-primary"[39m
            [33mstyle[39m=[32m"background-color: red; width: 100px; height: 40px; display: inline-block; margin-left: 220px;"[39m
            [33mtype[39m=[32m"button"[39m
          [36m>[39m
            [0mEdit ✏️[0m
          [36m</button>[39m
        [36m</div>[39m
      [36m</div>[39m
    [36m</body>[39m

      79 |             <EditTask tasks={TaskList} updateTasks={setTasks} task={testTask} />
      80 |         );
    > 81 |         const editBut = screen.getByRole("button", { name: "Edit Task" }); //this is finding the edit Task button
         |                                ^
      82 |         fireEvent.click(editBut); //This is clicking the edit Task button so that the other editing components get displayed
      83 |     });
      84 |     test("There is a button to save changes", () => {

      at Object.getElementError (node_modules/@testing-library/dom/dist/config.js:38:19)
      at node_modules/@testing-library/dom/dist/query-helpers.js:90:38
      at node_modules/@testing-library/dom/dist/query-helpers.js:62:17
      at getByRole (node_modules/@testing-library/dom/dist/query-helpers.js:111:19)
      at Object.<anonymous> (src/editing-components/EditTask.test.tsx:81:32)

  ● Testing EditTask › There is a textbox to change the description

    TestingLibraryElementError: Unable to find an accessible element with the role "button" and name "Edit Task"

    Here are the accessible roles:

      button:

      Name "Edit ✏️":
      [36m<button[39m
        [33mclass[39m=[32m"btn btn-primary"[39m
        [33mstyle[39m=[32m"background-color: red; width: 100px; height: 40px; display: inline-block; margin-left: 220px;"[39m
        [33mtype[39m=[32m"button"[39m
      [36m/>[39m

      --------------------------------------------------

    Ignored nodes: comments, <script />, <style />
    [36m<body>[39m
      [36m<div>[39m
        [36m<div>[39m
          [36m<button[39m
            [33mclass[39m=[32m"btn btn-primary"[39m
            [33mstyle[39m=[32m"background-color: red; width: 100px; height: 40px; display: inline-block; margin-left: 220px;"[39m
            [33mtype[39m=[32m"button"[39m
          [36m>[39m
            [0mEdit ✏️[0m
          [36m</button>[39m
        [36m</div>[39m
      [36m</div>[39m
    [36m</body>[39m

      79 |             <EditTask tasks={TaskList} updateTasks={setTasks} task={testTask} />
      80 |         );
    > 81 |         const editBut = screen.getByRole("button", { name: "Edit Task" }); //this is finding the edit Task button
         |                                ^
      82 |         fireEvent.click(editBut); //This is clicking the edit Task button so that the other editing components get displayed
      83 |     });
      84 |     test("There is a button to save changes", () => {

      at Object.getElementError (node_modules/@testing-library/dom/dist/config.js:38:19)
      at node_modules/@testing-library/dom/dist/query-helpers.js:90:38
      at node_modules/@testing-library/dom/dist/query-helpers.js:62:17
      at getByRole (node_modules/@testing-library/dom/dist/query-helpers.js:111:19)
      at Object.<anonymous> (src/editing-components/EditTask.test.tsx:81:32)

  ● Testing EditTask › There is a dropdown to edit the time

    TestingLibraryElementError: Unable to find an accessible element with the role "button" and name "Edit Task"

    Here are the accessible roles:

      button:

      Name "Edit ✏️":
      [36m<button[39m
        [33mclass[39m=[32m"btn btn-primary"[39m
        [33mstyle[39m=[32m"background-color: red; width: 100px; height: 40px; display: inline-block; margin-left: 220px;"[39m
        [33mtype[39m=[32m"button"[39m
      [36m/>[39m

      --------------------------------------------------

    Ignored nodes: comments, <script />, <style />
    [36m<body>[39m
      [36m<div>[39m
        [36m<div>[39m
          [36m<button[39m
            [33mclass[39m=[32m"btn btn-primary"[39m
            [33mstyle[39m=[32m"background-color: red; width: 100px; height: 40px; display: inline-block; margin-left: 220px;"[39m
            [33mtype[39m=[32m"button"[39m
          [36m>[39m
            [0mEdit ✏️[0m
          [36m</button>[39m
        [36m</div>[39m
      [36m</div>[39m
    [36m</body>[39m

      79 |             <EditTask tasks={TaskList} updateTasks={setTasks} task={testTask} />
      80 |         );
    > 81 |         const editBut = screen.getByRole("button", { name: "Edit Task" }); //this is finding the edit Task button
         |                                ^
      82 |         fireEvent.click(editBut); //This is clicking the edit Task button so that the other editing components get displayed
      83 |     });
      84 |     test("There is a button to save changes", () => {

      at Object.getElementError (node_modules/@testing-library/dom/dist/config.js:38:19)
      at node_modules/@testing-library/dom/dist/query-helpers.js:90:38
      at node_modules/@testing-library/dom/dist/query-helpers.js:62:17
      at getByRole (node_modules/@testing-library/dom/dist/query-helpers.js:111:19)
      at Object.<anonymous> (src/editing-components/EditTask.test.tsx:81:32)

  ● Testing EditTask › The edit difficulty component is displayed

    TestingLibraryElementError: Unable to find an accessible element with the role "button" and name "Edit Task"

    Here are the accessible roles:

      button:

      Name "Edit ✏️":
      [36m<button[39m
        [33mclass[39m=[32m"btn btn-primary"[39m
        [33mstyle[39m=[32m"background-color: red; width: 100px; height: 40px; display: inline-block; margin-left: 220px;"[39m
        [33mtype[39m=[32m"button"[39m
      [36m/>[39m

      --------------------------------------------------

    Ignored nodes: comments, <script />, <style />
    [36m<body>[39m
      [36m<div>[39m
        [36m<div>[39m
          [36m<button[39m
            [33mclass[39m=[32m"btn btn-primary"[39m
            [33mstyle[39m=[32m"background-color: red; width: 100px; height: 40px; display: inline-block; margin-left: 220px;"[39m
            [33mtype[39m=[32m"button"[39m
          [36m>[39m
            [0mEdit ✏️[0m
          [36m</button>[39m
        [36m</div>[39m
      [36m</div>[39m
    [36m</body>[39m

      79 |             <EditTask tasks={TaskList} updateTasks={setTasks} task={testTask} />
      80 |         );
    > 81 |         const editBut = screen.getByRole("button", { name: "Edit Task" }); //this is finding the edit Task button
         |                                ^
      82 |         fireEvent.click(editBut); //This is clicking the edit Task button so that the other editing components get displayed
      83 |     });
      84 |     test("There is a button to save changes", () => {

      at Object.getElementError (node_modules/@testing-library/dom/dist/config.js:38:19)
      at node_modules/@testing-library/dom/dist/query-helpers.js:90:38
      at node_modules/@testing-library/dom/dist/query-helpers.js:62:17
      at getByRole (node_modules/@testing-library/dom/dist/query-helpers.js:111:19)
      at Object.<anonymous> (src/editing-components/EditTask.test.tsx:81:32)

  ● Testing EditTask › The edit name component is displayed

    TestingLibraryElementError: Unable to find an accessible element with the role "button" and name "Edit Task"

    Here are the accessible roles:

      button:

      Name "Edit ✏️":
      [36m<button[39m
        [33mclass[39m=[32m"btn btn-primary"[39m
        [33mstyle[39m=[32m"background-color: red; width: 100px; height: 40px; display: inline-block; margin-left: 220px;"[39m
        [33mtype[39m=[32m"button"[39m
      [36m/>[39m

      --------------------------------------------------

    Ignored nodes: comments, <script />, <style />
    [36m<body>[39m
      [36m<div>[39m
        [36m<div>[39m
          [36m<button[39m
            [33mclass[39m=[32m"btn btn-primary"[39m
            [33mstyle[39m=[32m"background-color: red; width: 100px; height: 40px; display: inline-block; margin-left: 220px;"[39m
            [33mtype[39m=[32m"button"[39m
          [36m>[39m
            [0mEdit ✏️[0m
          [36m</button>[39m
        [36m</div>[39m
      [36m</div>[39m
    [36m</body>[39m

      79 |             <EditTask tasks={TaskList} updateTasks={setTasks} task={testTask} />
      80 |         );
    > 81 |         const editBut = screen.getByRole("button", { name: "Edit Task" }); //this is finding the edit Task button
         |                                ^
      82 |         fireEvent.click(editBut); //This is clicking the edit Task button so that the other editing components get displayed
      83 |     });
      84 |     test("There is a button to save changes", () => {

      at Object.getElementError (node_modules/@testing-library/dom/dist/config.js:38:19)
      at node_modules/@testing-library/dom/dist/query-helpers.js:90:38
      at node_modules/@testing-library/dom/dist/query-helpers.js:62:17
      at getByRole (node_modules/@testing-library/dom/dist/query-helpers.js:111:19)
      at Object.<anonymous> (src/editing-components/EditTask.test.tsx:81:32)

  ● Testing EditTask › the edit steps component is displayed

    TestingLibraryElementError: Unable to find an accessible element with the role "button" and name "Edit Task"

    Here are the accessible roles:

      button:

      Name "Edit ✏️":
      [36m<button[39m
        [33mclass[39m=[32m"btn btn-primary"[39m
        [33mstyle[39m=[32m"background-color: red; width: 100px; height: 40px; display: inline-block; margin-left: 220px;"[39m
        [33mtype[39m=[32m"button"[39m
      [36m/>[39m

      --------------------------------------------------

    Ignored nodes: comments, <script />, <style />
    [36m<body>[39m
      [36m<div>[39m
        [36m<div>[39m
          [36m<button[39m
            [33mclass[39m=[32m"btn btn-primary"[39m
            [33mstyle[39m=[32m"background-color: red; width: 100px; height: 40px; display: inline-block; margin-left: 220px;"[39m
            [33mtype[39m=[32m"button"[39m
          [36m>[39m
            [0mEdit ✏️[0m
          [36m</button>[39m
        [36m</div>[39m
      [36m</div>[39m
    [36m</body>[39m

      79 |             <EditTask tasks={TaskList} updateTasks={setTasks} task={testTask} />
      80 |         );
    > 81 |         const editBut = screen.getByRole("button", { name: "Edit Task" }); //this is finding the edit Task button
         |                                ^
      82 |         fireEvent.click(editBut); //This is clicking the edit Task button so that the other editing components get displayed
      83 |     });
      84 |     test("There is a button to save changes", () => {

      at Object.getElementError (node_modules/@testing-library/dom/dist/config.js:38:19)
      at node_modules/@testing-library/dom/dist/query-helpers.js:90:38
      at node_modules/@testing-library/dom/dist/query-helpers.js:62:17
      at getByRole (node_modules/@testing-library/dom/dist/query-helpers.js:111:19)
      at Object.<anonymous> (src/editing-components/EditTask.test.tsx:81:32)

FAIL src/list-components/ModifyUsers.test.tsx
  ● Console

    console.error
      Warning: ReactDOM.render is no longer supported in React 18. Use createRoot instead. Until you switch to the new API, your app will behave as if it's running React 17. Learn more: https://reactjs.org/link/switch-to-createroot

      11 | describe("Modify User tests", () => {
      12 |     beforeEach(() =>
    > 13 |         render(
         |         ^
      14 |             <ModifyUsers
      15 |                 Role={ROLE1}
      16 |                 roles={[ROLE1, ROLE2, ROLE3]}

      at printWarning (node_modules/react-dom/cjs/react-dom.development.js:86:30)
      at error (node_modules/react-dom/cjs/react-dom.development.js:60:7)
      at Object.render (node_modules/react-dom/cjs/react-dom.development.js:29670:5)
      at node_modules/@testing-library/react/dist/pure.js:101:25
      at act (node_modules/react/cjs/react.development.js:2512:16)
      at render (node_modules/@testing-library/react/dist/pure.js:97:26)
      at Object.<anonymous> (src/list-components/ModifyUsers.test.tsx:13:9)

    console.error
      Warning: ReactDOM.render is no longer supported in React 18. Use createRoot instead. Until you switch to the new API, your app will behave as if it's running React 17. Learn more: https://reactjs.org/link/switch-to-createroot

      11 | describe("Modify User tests", () => {
      12 |     beforeEach(() =>
    > 13 |         render(
         |         ^
      14 |             <ModifyUsers
      15 |                 Role={ROLE1}
      16 |                 roles={[ROLE1, ROLE2, ROLE3]}

      at printWarning (node_modules/react-dom/cjs/react-dom.development.js:86:30)
      at error (node_modules/react-dom/cjs/react-dom.development.js:60:7)
      at Object.render (node_modules/react-dom/cjs/react-dom.development.js:29670:5)
      at node_modules/@testing-library/react/dist/pure.js:101:25
      at act (node_modules/react/cjs/react.development.js:2512:16)
      at render (node_modules/@testing-library/react/dist/pure.js:97:26)
      at Object.<anonymous> (src/list-components/ModifyUsers.test.tsx:13:9)

    console.error
      Warning: ReactDOM.render is no longer supported in React 18. Use createRoot instead. Until you switch to the new API, your app will behave as if it's running React 17. Learn more: https://reactjs.org/link/switch-to-createroot

      11 | describe("Modify User tests", () => {
      12 |     beforeEach(() =>
    > 13 |         render(
         |         ^
      14 |             <ModifyUsers
      15 |                 Role={ROLE1}
      16 |                 roles={[ROLE1, ROLE2, ROLE3]}

      at printWarning (node_modules/react-dom/cjs/react-dom.development.js:86:30)
      at error (node_modules/react-dom/cjs/react-dom.development.js:60:7)
      at Object.render (node_modules/react-dom/cjs/react-dom.development.js:29670:5)
      at node_modules/@testing-library/react/dist/pure.js:101:25
      at act (node_modules/react/cjs/react.development.js:2512:16)
      at render (node_modules/@testing-library/react/dist/pure.js:97:26)
      at Object.<anonymous> (src/list-components/ModifyUsers.test.tsx:13:9)

    console.error
      Error: Uncaught [Error: Function not implemented.]
          at reportException (/home/runner/work/team18/team18/node_modules/jsdom/lib/jsdom/living/helpers/runtime-script-errors.js:66:24)
          at innerInvokeEventListeners (/home/runner/work/team18/team18/node_modules/jsdom/lib/jsdom/living/events/EventTarget-impl.js:341:9)
          at invokeEventListeners (/home/runner/work/team18/team18/node_modules/jsdom/lib/jsdom/living/events/EventTarget-impl.js:274:3)
          at HTMLUnknownElementImpl._dispatch (/home/runner/work/team18/team18/node_modules/jsdom/lib/jsdom/living/events/EventTarget-impl.js:221:9)
          at HTMLUnknownElementImpl.dispatchEvent (/home/runner/work/team18/team18/node_modules/jsdom/lib/jsdom/living/events/EventTarget-impl.js:94:17)
          at HTMLUnknownElement.dispatchEvent (/home/runner/work/team18/team18/node_modules/jsdom/lib/jsdom/living/generated/EventTarget.js:231:34)
          at Object.invokeGuardedCallbackDev (/home/runner/work/team18/team18/node_modules/react-dom/cjs/react-dom.development.js:4213:16)
          at invokeGuardedCallback (/home/runner/work/team18/team18/node_modules/react-dom/cjs/react-dom.development.js:4277:31)
          at invokeGuardedCallbackAndCatchFirstError (/home/runner/work/team18/team18/node_modules/react-dom/cjs/react-dom.development.js:4291:25)
          at executeDispatch (/home/runner/work/team18/team18/node_modules/react-dom/cjs/react-dom.development.js:9041:3) Error: Function not implemented.
          at Object.setRoles (/home/runner/work/team18/team18/src/list-components/ModifyUsers.test.tsx:19:31)
          at AddUsersandEditMode (/home/runner/work/team18/team18/src/list-components/ModifyUsers.tsx:25:25)
          at HTMLUnknownElement.callCallback (/home/runner/work/team18/team18/node_modules/react-dom/cjs/react-dom.development.js:4164:14)
          at HTMLUnknownElement.callTheUserObjectsOperation (/home/runner/work/team18/team18/node_modules/jsdom/lib/jsdom/living/generated/EventListener.js:26:30)
          at innerInvokeEventListeners (/home/runner/work/team18/team18/node_modules/jsdom/lib/jsdom/living/events/EventTarget-impl.js:338:25)
          at invokeEventListeners (/home/runner/work/team18/team18/node_modules/jsdom/lib/jsdom/living/events/EventTarget-impl.js:274:3)
          at HTMLUnknownElementImpl._dispatch (/home/runner/work/team18/team18/node_modules/jsdom/lib/jsdom/living/events/EventTarget-impl.js:221:9)
          at HTMLUnknownElementImpl.dispatchEvent (/home/runner/work/team18/team18/node_modules/jsdom/lib/jsdom/living/events/EventTarget-impl.js:94:17)
          at HTMLUnknownElement.dispatchEvent (/home/runner/work/team18/team18/node_modules/jsdom/lib/jsdom/living/generated/EventTarget.js:231:34)
          at Object.invokeGuardedCallbackDev (/home/runner/work/team18/team18/node_modules/react-dom/cjs/react-dom.development.js:4213:16)
          at invokeGuardedCallback (/home/runner/work/team18/team18/node_modules/react-dom/cjs/react-dom.development.js:4277:31)
          at invokeGuardedCallbackAndCatchFirstError (/home/runner/work/team18/team18/node_modules/react-dom/cjs/react-dom.development.js:4291:25)
          at executeDispatch (/home/runner/work/team18/team18/node_modules/react-dom/cjs/react-dom.development.js:9041:3)
          at processDispatchQueueItemsInOrder (/home/runner/work/team18/team18/node_modules/react-dom/cjs/react-dom.development.js:9073:7)
          at processDispatchQueue (/home/runner/work/team18/team18/node_modules/react-dom/cjs/react-dom.development.js:9086:5)
          at dispatchEventsForPlugins (/home/runner/work/team18/team18/node_modules/react-dom/cjs/react-dom.development.js:9097:3)
          at /home/runner/work/team18/team18/node_modules/react-dom/cjs/react-dom.development.js:9288:12
          at batchedUpdates$1 (/home/runner/work/team18/team18/node_modules/react-dom/cjs/react-dom.development.js:26140:12)
          at batchedUpdates (/home/runner/work/team18/team18/node_modules/react-dom/cjs/react-dom.development.js:3991:12)
          at dispatchEventForPluginEventSystem (/home/runner/work/team18/team18/node_modules/react-dom/cjs/react-dom.development.js:9287:3)
          at dispatchEventWithEnableCapturePhaseSelectiveHydrationWithoutDiscreteEventReplay (/home/runner/work/team18/team18/node_modules/react-dom/cjs/react-dom.development.js:6465:5)
          at dispatchEvent (/home/runner/work/team18/team18/node_modules/react-dom/cjs/react-dom.development.js:6457:5)
          at dispatchDiscreteEvent (/home/runner/work/team18/team18/node_modules/react-dom/cjs/react-dom.development.js:6430:5)
          at HTMLDivElement.callTheUserObjectsOperation (/home/runner/work/team18/team18/node_modules/jsdom/lib/jsdom/living/generated/EventListener.js:26:30)
          at innerInvokeEventListeners (/home/runner/work/team18/team18/node_modules/jsdom/lib/jsdom/living/events/EventTarget-impl.js:338:25)
          at invokeEventListeners (/home/runner/work/team18/team18/node_modules/jsdom/lib/jsdom/living/events/EventTarget-impl.js:274:3)
          at HTMLButtonElementImpl._dispatch (/home/runner/work/team18/team18/node_modules/jsdom/lib/jsdom/living/events/EventTarget-impl.js:221:9)
          at fireAnEvent (/home/runner/work/team18/team18/node_modules/jsdom/lib/jsdom/living/helpers/events.js:18:36)
          at HTMLButtonElementImpl.click (/home/runner/work/team18/team18/node_modules/jsdom/lib/jsdom/living/nodes/HTMLElement-impl.js:79:5)
          at HTMLButtonElement.click (/home/runner/work/team18/team18/node_modules/jsdom/lib/jsdom/living/generated/HTMLElement.js:110:34)
          at Object.<anonymous> (/home/runner/work/team18/team18/src/list-components/ModifyUsers.test.tsx:52:17)
          at Promise.then.completed (/home/runner/work/team18/team18/node_modules/jest-circus/build/utils.js:391:28)
          at new Promise (<anonymous>)
          at callAsyncCircusFn (/home/runner/work/team18/team18/node_modules/jest-circus/build/utils.js:316:10)
          at _callCircusTest (/home/runner/work/team18/team18/node_modules/jest-circus/build/run.js:218:40)
          at _runTest (/home/runner/work/team18/team18/node_modules/jest-circus/build/run.js:155:3)
          at _runTestsForDescribeBlock (/home/runner/work/team18/team18/node_modules/jest-circus/build/run.js:66:9)
          at _runTestsForDescribeBlock (/home/runner/work/team18/team18/node_modules/jest-circus/build/run.js:60:9)
          at run (/home/runner/work/team18/team18/node_modules/jest-circus/build/run.js:25:3)
          at runAndTransformResultsToJestFormat (/home/runner/work/team18/team18/node_modules/jest-circus/build/legacy-code-todo-rewrite/jestAdapterInit.js:170:21)
          at jestAdapter (/home/runner/work/team18/team18/node_modules/jest-circus/build/legacy-code-todo-rewrite/jestAdapter.js:82:19)
          at runTestInternal (/home/runner/work/team18/team18/node_modules/jest-runner/build/runTest.js:389:16)
          at runTest (/home/runner/work/team18/team18/node_modules/jest-runner/build/runTest.js:475:34)

      at VirtualConsole.<anonymous> (node_modules/jsdom/lib/jsdom/virtual-console.js:29:45)
      at reportException (node_modules/jsdom/lib/jsdom/living/helpers/runtime-script-errors.js:70:28)
      at innerInvokeEventListeners (node_modules/jsdom/lib/jsdom/living/events/EventTarget-impl.js:341:9)
      at invokeEventListeners (node_modules/jsdom/lib/jsdom/living/events/EventTarget-impl.js:274:3)
      at HTMLUnknownElementImpl._dispatch (node_modules/jsdom/lib/jsdom/living/events/EventTarget-impl.js:221:9)
      at HTMLUnknownElementImpl.dispatchEvent (node_modules/jsdom/lib/jsdom/living/events/EventTarget-impl.js:94:17)
      at HTMLUnknownElement.dispatchEvent (node_modules/jsdom/lib/jsdom/living/generated/EventTarget.js:231:34)

    console.error
      Error: Uncaught [Error: Function not implemented.]
          at reportException (/home/runner/work/team18/team18/node_modules/jsdom/lib/jsdom/living/helpers/runtime-script-errors.js:66:24)
          at innerInvokeEventListeners (/home/runner/work/team18/team18/node_modules/jsdom/lib/jsdom/living/events/EventTarget-impl.js:341:9)
          at invokeEventListeners (/home/runner/work/team18/team18/node_modules/jsdom/lib/jsdom/living/events/EventTarget-impl.js:274:3)
          at HTMLButtonElementImpl._dispatch (/home/runner/work/team18/team18/node_modules/jsdom/lib/jsdom/living/events/EventTarget-impl.js:221:9)
          at fireAnEvent (/home/runner/work/team18/team18/node_modules/jsdom/lib/jsdom/living/helpers/events.js:18:36)
          at HTMLButtonElementImpl.click (/home/runner/work/team18/team18/node_modules/jsdom/lib/jsdom/living/nodes/HTMLElement-impl.js:79:5)
          at HTMLButtonElement.click (/home/runner/work/team18/team18/node_modules/jsdom/lib/jsdom/living/generated/HTMLElement.js:110:34)
          at Object.<anonymous> (/home/runner/work/team18/team18/src/list-components/ModifyUsers.test.tsx:52:17)
          at Promise.then.completed (/home/runner/work/team18/team18/node_modules/jest-circus/build/utils.js:391:28)
          at new Promise (<anonymous>) Error: Function not implemented.
          at Object.setRoles (/home/runner/work/team18/team18/src/list-components/ModifyUsers.test.tsx:19:31)
          at AddUsersandEditMode (/home/runner/work/team18/team18/src/list-components/ModifyUsers.tsx:25:25)
          at HTMLUnknownElement.callCallback (/home/runner/work/team18/team18/node_modules/react-dom/cjs/react-dom.development.js:4164:14)
          at HTMLUnknownElement.callTheUserObjectsOperation (/home/runner/work/team18/team18/node_modules/jsdom/lib/jsdom/living/generated/EventListener.js:26:30)
          at innerInvokeEventListeners (/home/runner/work/team18/team18/node_modules/jsdom/lib/jsdom/living/events/EventTarget-impl.js:338:25)
          at invokeEventListeners (/home/runner/work/team18/team18/node_modules/jsdom/lib/jsdom/living/events/EventTarget-impl.js:274:3)
          at HTMLUnknownElementImpl._dispatch (/home/runner/work/team18/team18/node_modules/jsdom/lib/jsdom/living/events/EventTarget-impl.js:221:9)
          at HTMLUnknownElementImpl.dispatchEvent (/home/runner/work/team18/team18/node_modules/jsdom/lib/jsdom/living/events/EventTarget-impl.js:94:17)
          at HTMLUnknownElement.dispatchEvent (/home/runner/work/team18/team18/node_modules/jsdom/lib/jsdom/living/generated/EventTarget.js:231:34)
          at Object.invokeGuardedCallbackDev (/home/runner/work/team18/team18/node_modules/react-dom/cjs/react-dom.development.js:4213:16)
          at invokeGuardedCallback (/home/runner/work/team18/team18/node_modules/react-dom/cjs/react-dom.development.js:4277:31)
          at invokeGuardedCallbackAndCatchFirstError (/home/runner/work/team18/team18/node_modules/react-dom/cjs/react-dom.development.js:4291:25)
          at executeDispatch (/home/runner/work/team18/team18/node_modules/react-dom/cjs/react-dom.development.js:9041:3)
          at processDispatchQueueItemsInOrder (/home/runner/work/team18/team18/node_modules/react-dom/cjs/react-dom.development.js:9073:7)
          at processDispatchQueue (/home/runner/work/team18/team18/node_modules/react-dom/cjs/react-dom.development.js:9086:5)
          at dispatchEventsForPlugins (/home/runner/work/team18/team18/node_modules/react-dom/cjs/react-dom.development.js:9097:3)
          at /home/runner/work/team18/team18/node_modules/react-dom/cjs/react-dom.development.js:9288:12
          at batchedUpdates$1 (/home/runner/work/team18/team18/node_modules/react-dom/cjs/react-dom.development.js:26140:12)
          at batchedUpdates (/home/runner/work/team18/team18/node_modules/react-dom/cjs/react-dom.development.js:3991:12)
          at dispatchEventForPluginEventSystem (/home/runner/work/team18/team18/node_modules/react-dom/cjs/react-dom.development.js:9287:3)
          at dispatchEventWithEnableCapturePhaseSelectiveHydrationWithoutDiscreteEventReplay (/home/runner/work/team18/team18/node_modules/react-dom/cjs/react-dom.development.js:6465:5)
          at dispatchEvent (/home/runner/work/team18/team18/node_modules/react-dom/cjs/react-dom.development.js:6457:5)
          at dispatchDiscreteEvent (/home/runner/work/team18/team18/node_modules/react-dom/cjs/react-dom.development.js:6430:5)
          at HTMLDivElement.callTheUserObjectsOperation (/home/runner/work/team18/team18/node_modules/jsdom/lib/jsdom/living/generated/EventListener.js:26:30)
          at innerInvokeEventListeners (/home/runner/work/team18/team18/node_modules/jsdom/lib/jsdom/living/events/EventTarget-impl.js:338:25)
          at invokeEventListeners (/home/runner/work/team18/team18/node_modules/jsdom/lib/jsdom/living/events/EventTarget-impl.js:274:3)
          at HTMLButtonElementImpl._dispatch (/home/runner/work/team18/team18/node_modules/jsdom/lib/jsdom/living/events/EventTarget-impl.js:221:9)
          at fireAnEvent (/home/runner/work/team18/team18/node_modules/jsdom/lib/jsdom/living/helpers/events.js:18:36)
          at HTMLButtonElementImpl.click (/home/runner/work/team18/team18/node_modules/jsdom/lib/jsdom/living/nodes/HTMLElement-impl.js:79:5)
          at HTMLButtonElement.click (/home/runner/work/team18/team18/node_modules/jsdom/lib/jsdom/living/generated/HTMLElement.js:110:34)
          at Object.<anonymous> (/home/runner/work/team18/team18/src/list-components/ModifyUsers.test.tsx:52:17)
          at Promise.then.completed (/home/runner/work/team18/team18/node_modules/jest-circus/build/utils.js:391:28)
          at new Promise (<anonymous>)
          at callAsyncCircusFn (/home/runner/work/team18/team18/node_modules/jest-circus/build/utils.js:316:10)
          at _callCircusTest (/home/runner/work/team18/team18/node_modules/jest-circus/build/run.js:218:40)
          at _runTest (/home/runner/work/team18/team18/node_modules/jest-circus/build/run.js:155:3)
          at _runTestsForDescribeBlock (/home/runner/work/team18/team18/node_modules/jest-circus/build/run.js:66:9)
          at _runTestsForDescribeBlock (/home/runner/work/team18/team18/node_modules/jest-circus/build/run.js:60:9)
          at run (/home/runner/work/team18/team18/node_modules/jest-circus/build/run.js:25:3)
          at runAndTransformResultsToJestFormat (/home/runner/work/team18/team18/node_modules/jest-circus/build/legacy-code-todo-rewrite/jestAdapterInit.js:170:21)
          at jestAdapter (/home/runner/work/team18/team18/node_modules/jest-circus/build/legacy-code-todo-rewrite/jestAdapter.js:82:19)
          at runTestInternal (/home/runner/work/team18/team18/node_modules/jest-runner/build/runTest.js:389:16)
          at runTest (/home/runner/work/team18/team18/node_modules/jest-runner/build/runTest.js:475:34)

      at VirtualConsole.<anonymous> (node_modules/jsdom/lib/jsdom/virtual-console.js:29:45)
      at reportException (node_modules/jsdom/lib/jsdom/living/helpers/runtime-script-errors.js:70:28)
      at innerInvokeEventListeners (node_modules/jsdom/lib/jsdom/living/events/EventTarget-impl.js:341:9)
      at invokeEventListeners (node_modules/jsdom/lib/jsdom/living/events/EventTarget-impl.js:274:3)
      at HTMLButtonElementImpl._dispatch (node_modules/jsdom/lib/jsdom/living/events/EventTarget-impl.js:221:9)
      at fireAnEvent (node_modules/jsdom/lib/jsdom/living/helpers/events.js:18:36)
      at HTMLButtonElementImpl.click (node_modules/jsdom/lib/jsdom/living/nodes/HTMLElement-impl.js:79:5)

    console.error
      Warning: ReactDOM.render is no longer supported in React 18. Use createRoot instead. Until you switch to the new API, your app will behave as if it's running React 17. Learn more: https://reactjs.org/link/switch-to-createroot

      11 | describe("Modify User tests", () => {
      12 |     beforeEach(() =>
    > 13 |         render(
         |         ^
      14 |             <ModifyUsers
      15 |                 Role={ROLE1}
      16 |                 roles={[ROLE1, ROLE2, ROLE3]}

      at printWarning (node_modules/react-dom/cjs/react-dom.development.js:86:30)
      at error (node_modules/react-dom/cjs/react-dom.development.js:60:7)
      at Object.render (node_modules/react-dom/cjs/react-dom.development.js:29670:5)
      at node_modules/@testing-library/react/dist/pure.js:101:25
      at act (node_modules/react/cjs/react.development.js:2512:16)
      at render (node_modules/@testing-library/react/dist/pure.js:97:26)
      at Object.<anonymous> (src/list-components/ModifyUsers.test.tsx:13:9)

    console.error
      Error: Uncaught [Error: Function not implemented.]
          at reportException (/home/runner/work/team18/team18/node_modules/jsdom/lib/jsdom/living/helpers/runtime-script-errors.js:66:24)
          at innerInvokeEventListeners (/home/runner/work/team18/team18/node_modules/jsdom/lib/jsdom/living/events/EventTarget-impl.js:341:9)
          at invokeEventListeners (/home/runner/work/team18/team18/node_modules/jsdom/lib/jsdom/living/events/EventTarget-impl.js:274:3)
          at HTMLUnknownElementImpl._dispatch (/home/runner/work/team18/team18/node_modules/jsdom/lib/jsdom/living/events/EventTarget-impl.js:221:9)
          at HTMLUnknownElementImpl.dispatchEvent (/home/runner/work/team18/team18/node_modules/jsdom/lib/jsdom/living/events/EventTarget-impl.js:94:17)
          at HTMLUnknownElement.dispatchEvent (/home/runner/work/team18/team18/node_modules/jsdom/lib/jsdom/living/generated/EventTarget.js:231:34)
          at Object.invokeGuardedCallbackDev (/home/runner/work/team18/team18/node_modules/react-dom/cjs/react-dom.development.js:4213:16)
          at invokeGuardedCallback (/home/runner/work/team18/team18/node_modules/react-dom/cjs/react-dom.development.js:4277:31)
          at invokeGuardedCallbackAndCatchFirstError (/home/runner/work/team18/team18/node_modules/react-dom/cjs/react-dom.development.js:4291:25)
          at executeDispatch (/home/runner/work/team18/team18/node_modules/react-dom/cjs/react-dom.development.js:9041:3) Error: Function not implemented.
          at Object.setRoles (/home/runner/work/team18/team18/src/list-components/ModifyUsers.test.tsx:19:31)
          at DeleteUsersandEditMode (/home/runner/work/team18/team18/src/list-components/ModifyUsers.tsx:32:25)
          at HTMLUnknownElement.callCallback (/home/runner/work/team18/team18/node_modules/react-dom/cjs/react-dom.development.js:4164:14)
          at HTMLUnknownElement.callTheUserObjectsOperation (/home/runner/work/team18/team18/node_modules/jsdom/lib/jsdom/living/generated/EventListener.js:26:30)
          at innerInvokeEventListeners (/home/runner/work/team18/team18/node_modules/jsdom/lib/jsdom/living/events/EventTarget-impl.js:338:25)
          at invokeEventListeners (/home/runner/work/team18/team18/node_modules/jsdom/lib/jsdom/living/events/EventTarget-impl.js:274:3)
          at HTMLUnknownElementImpl._dispatch (/home/runner/work/team18/team18/node_modules/jsdom/lib/jsdom/living/events/EventTarget-impl.js:221:9)
          at HTMLUnknownElementImpl.dispatchEvent (/home/runner/work/team18/team18/node_modules/jsdom/lib/jsdom/living/events/EventTarget-impl.js:94:17)
          at HTMLUnknownElement.dispatchEvent (/home/runner/work/team18/team18/node_modules/jsdom/lib/jsdom/living/generated/EventTarget.js:231:34)
          at Object.invokeGuardedCallbackDev (/home/runner/work/team18/team18/node_modules/react-dom/cjs/react-dom.development.js:4213:16)
          at invokeGuardedCallback (/home/runner/work/team18/team18/node_modules/react-dom/cjs/react-dom.development.js:4277:31)
          at invokeGuardedCallbackAndCatchFirstError (/home/runner/work/team18/team18/node_modules/react-dom/cjs/react-dom.development.js:4291:25)
          at executeDispatch (/home/runner/work/team18/team18/node_modules/react-dom/cjs/react-dom.development.js:9041:3)
          at processDispatchQueueItemsInOrder (/home/runner/work/team18/team18/node_modules/react-dom/cjs/react-dom.development.js:9073:7)
          at processDispatchQueue (/home/runner/work/team18/team18/node_modules/react-dom/cjs/react-dom.development.js:9086:5)
          at dispatchEventsForPlugins (/home/runner/work/team18/team18/node_modules/react-dom/cjs/react-dom.development.js:9097:3)
          at /home/runner/work/team18/team18/node_modules/react-dom/cjs/react-dom.development.js:9288:12
          at batchedUpdates$1 (/home/runner/work/team18/team18/node_modules/react-dom/cjs/react-dom.development.js:26140:12)
          at batchedUpdates (/home/runner/work/team18/team18/node_modules/react-dom/cjs/react-dom.development.js:3991:12)
          at dispatchEventForPluginEventSystem (/home/runner/work/team18/team18/node_modules/react-dom/cjs/react-dom.development.js:9287:3)
          at dispatchEventWithEnableCapturePhaseSelectiveHydrationWithoutDiscreteEventReplay (/home/runner/work/team18/team18/node_modules/react-dom/cjs/react-dom.development.js:6465:5)
          at dispatchEvent (/home/runner/work/team18/team18/node_modules/react-dom/cjs/react-dom.development.js:6457:5)
          at dispatchDiscreteEvent (/home/runner/work/team18/team18/node_modules/react-dom/cjs/react-dom.development.js:6430:5)
          at HTMLDivElement.callTheUserObjectsOperation (/home/runner/work/team18/team18/node_modules/jsdom/lib/jsdom/living/generated/EventListener.js:26:30)
          at innerInvokeEventListeners (/home/runner/work/team18/team18/node_modules/jsdom/lib/jsdom/living/events/EventTarget-impl.js:338:25)
          at invokeEventListeners (/home/runner/work/team18/team18/node_modules/jsdom/lib/jsdom/living/events/EventTarget-impl.js:274:3)
          at HTMLButtonElementImpl._dispatch (/home/runner/work/team18/team18/node_modules/jsdom/lib/jsdom/living/events/EventTarget-impl.js:221:9)
          at fireAnEvent (/home/runner/work/team18/team18/node_modules/jsdom/lib/jsdom/living/helpers/events.js:18:36)
          at HTMLButtonElementImpl.click (/home/runner/work/team18/team18/node_modules/jsdom/lib/jsdom/living/nodes/HTMLElement-impl.js:79:5)
          at HTMLButtonElement.click (/home/runner/work/team18/team18/node_modules/jsdom/lib/jsdom/living/generated/HTMLElement.js:110:34)
          at Object.<anonymous> (/home/runner/work/team18/team18/src/list-components/ModifyUsers.test.tsx:71:17)
          at Promise.then.completed (/home/runner/work/team18/team18/node_modules/jest-circus/build/utils.js:391:28)
          at new Promise (<anonymous>)
          at callAsyncCircusFn (/home/runner/work/team18/team18/node_modules/jest-circus/build/utils.js:316:10)
          at _callCircusTest (/home/runner/work/team18/team18/node_modules/jest-circus/build/run.js:218:40)
          at _runTest (/home/runner/work/team18/team18/node_modules/jest-circus/build/run.js:155:3)
          at _runTestsForDescribeBlock (/home/runner/work/team18/team18/node_modules/jest-circus/build/run.js:66:9)
          at _runTestsForDescribeBlock (/home/runner/work/team18/team18/node_modules/jest-circus/build/run.js:60:9)
          at run (/home/runner/work/team18/team18/node_modules/jest-circus/build/run.js:25:3)
          at runAndTransformResultsToJestFormat (/home/runner/work/team18/team18/node_modules/jest-circus/build/legacy-code-todo-rewrite/jestAdapterInit.js:170:21)
          at jestAdapter (/home/runner/work/team18/team18/node_modules/jest-circus/build/legacy-code-todo-rewrite/jestAdapter.js:82:19)
          at runTestInternal (/home/runner/work/team18/team18/node_modules/jest-runner/build/runTest.js:389:16)
          at runTest (/home/runner/work/team18/team18/node_modules/jest-runner/build/runTest.js:475:34)

      at VirtualConsole.<anonymous> (node_modules/jsdom/lib/jsdom/virtual-console.js:29:45)
      at reportException (node_modules/jsdom/lib/jsdom/living/helpers/runtime-script-errors.js:70:28)
      at innerInvokeEventListeners (node_modules/jsdom/lib/jsdom/living/events/EventTarget-impl.js:341:9)
      at invokeEventListeners (node_modules/jsdom/lib/jsdom/living/events/EventTarget-impl.js:274:3)
      at HTMLUnknownElementImpl._dispatch (node_modules/jsdom/lib/jsdom/living/events/EventTarget-impl.js:221:9)
      at HTMLUnknownElementImpl.dispatchEvent (node_modules/jsdom/lib/jsdom/living/events/EventTarget-impl.js:94:17)
      at HTMLUnknownElement.dispatchEvent (node_modules/jsdom/lib/jsdom/living/generated/EventTarget.js:231:34)

    console.error
      Error: Uncaught [Error: Function not implemented.]
          at reportException (/home/runner/work/team18/team18/node_modules/jsdom/lib/jsdom/living/helpers/runtime-script-errors.js:66:24)
          at innerInvokeEventListeners (/home/runner/work/team18/team18/node_modules/jsdom/lib/jsdom/living/events/EventTarget-impl.js:341:9)
          at invokeEventListeners (/home/runner/work/team18/team18/node_modules/jsdom/lib/jsdom/living/events/EventTarget-impl.js:274:3)
          at HTMLButtonElementImpl._dispatch (/home/runner/work/team18/team18/node_modules/jsdom/lib/jsdom/living/events/EventTarget-impl.js:221:9)
          at fireAnEvent (/home/runner/work/team18/team18/node_modules/jsdom/lib/jsdom/living/helpers/events.js:18:36)
          at HTMLButtonElementImpl.click (/home/runner/work/team18/team18/node_modules/jsdom/lib/jsdom/living/nodes/HTMLElement-impl.js:79:5)
          at HTMLButtonElement.click (/home/runner/work/team18/team18/node_modules/jsdom/lib/jsdom/living/generated/HTMLElement.js:110:34)
          at Object.<anonymous> (/home/runner/work/team18/team18/src/list-components/ModifyUsers.test.tsx:71:17)
          at Promise.then.completed (/home/runner/work/team18/team18/node_modules/jest-circus/build/utils.js:391:28)
          at new Promise (<anonymous>) Error: Function not implemented.
          at Object.setRoles (/home/runner/work/team18/team18/src/list-components/ModifyUsers.test.tsx:19:31)
          at DeleteUsersandEditMode (/home/runner/work/team18/team18/src/list-components/ModifyUsers.tsx:32:25)
          at HTMLUnknownElement.callCallback (/home/runner/work/team18/team18/node_modules/react-dom/cjs/react-dom.development.js:4164:14)
          at HTMLUnknownElement.callTheUserObjectsOperation (/home/runner/work/team18/team18/node_modules/jsdom/lib/jsdom/living/generated/EventListener.js:26:30)
          at innerInvokeEventListeners (/home/runner/work/team18/team18/node_modules/jsdom/lib/jsdom/living/events/EventTarget-impl.js:338:25)
          at invokeEventListeners (/home/runner/work/team18/team18/node_modules/jsdom/lib/jsdom/living/events/EventTarget-impl.js:274:3)
          at HTMLUnknownElementImpl._dispatch (/home/runner/work/team18/team18/node_modules/jsdom/lib/jsdom/living/events/EventTarget-impl.js:221:9)
          at HTMLUnknownElementImpl.dispatchEvent (/home/runner/work/team18/team18/node_modules/jsdom/lib/jsdom/living/events/EventTarget-impl.js:94:17)
          at HTMLUnknownElement.dispatchEvent (/home/runner/work/team18/team18/node_modules/jsdom/lib/jsdom/living/generated/EventTarget.js:231:34)
          at Object.invokeGuardedCallbackDev (/home/runner/work/team18/team18/node_modules/react-dom/cjs/react-dom.development.js:4213:16)
          at invokeGuardedCallback (/home/runner/work/team18/team18/node_modules/react-dom/cjs/react-dom.development.js:4277:31)
          at invokeGuardedCallbackAndCatchFirstError (/home/runner/work/team18/team18/node_modules/react-dom/cjs/react-dom.development.js:4291:25)
          at executeDispatch (/home/runner/work/team18/team18/node_modules/react-dom/cjs/react-dom.development.js:9041:3)
          at processDispatchQueueItemsInOrder (/home/runner/work/team18/team18/node_modules/react-dom/cjs/react-dom.development.js:9073:7)
          at processDispatchQueue (/home/runner/work/team18/team18/node_modules/react-dom/cjs/react-dom.development.js:9086:5)
          at dispatchEventsForPlugins (/home/runner/work/team18/team18/node_modules/react-dom/cjs/react-dom.development.js:9097:3)
          at /home/runner/work/team18/team18/node_modules/react-dom/cjs/react-dom.development.js:9288:12
          at batchedUpdates$1 (/home/runner/work/team18/team18/node_modules/react-dom/cjs/react-dom.development.js:26140:12)
          at batchedUpdates (/home/runner/work/team18/team18/node_modules/react-dom/cjs/react-dom.development.js:3991:12)
          at dispatchEventForPluginEventSystem (/home/runner/work/team18/team18/node_modules/react-dom/cjs/react-dom.development.js:9287:3)
          at dispatchEventWithEnableCapturePhaseSelectiveHydrationWithoutDiscreteEventReplay (/home/runner/work/team18/team18/node_modules/react-dom/cjs/react-dom.development.js:6465:5)
          at dispatchEvent (/home/runner/work/team18/team18/node_modules/react-dom/cjs/react-dom.development.js:6457:5)
          at dispatchDiscreteEvent (/home/runner/work/team18/team18/node_modules/react-dom/cjs/react-dom.development.js:6430:5)
          at HTMLDivElement.callTheUserObjectsOperation (/home/runner/work/team18/team18/node_modules/jsdom/lib/jsdom/living/generated/EventListener.js:26:30)
          at innerInvokeEventListeners (/home/runner/work/team18/team18/node_modules/jsdom/lib/jsdom/living/events/EventTarget-impl.js:338:25)
          at invokeEventListeners (/home/runner/work/team18/team18/node_modules/jsdom/lib/jsdom/living/events/EventTarget-impl.js:274:3)
          at HTMLButtonElementImpl._dispatch (/home/runner/work/team18/team18/node_modules/jsdom/lib/jsdom/living/events/EventTarget-impl.js:221:9)
          at fireAnEvent (/home/runner/work/team18/team18/node_modules/jsdom/lib/jsdom/living/helpers/events.js:18:36)
          at HTMLButtonElementImpl.click (/home/runner/work/team18/team18/node_modules/jsdom/lib/jsdom/living/nodes/HTMLElement-impl.js:79:5)
          at HTMLButtonElement.click (/home/runner/work/team18/team18/node_modules/jsdom/lib/jsdom/living/generated/HTMLElement.js:110:34)
          at Object.<anonymous> (/home/runner/work/team18/team18/src/list-components/ModifyUsers.test.tsx:71:17)
          at Promise.then.completed (/home/runner/work/team18/team18/node_modules/jest-circus/build/utils.js:391:28)
          at new Promise (<anonymous>)
          at callAsyncCircusFn (/home/runner/work/team18/team18/node_modules/jest-circus/build/utils.js:316:10)
          at _callCircusTest (/home/runner/work/team18/team18/node_modules/jest-circus/build/run.js:218:40)
          at _runTest (/home/runner/work/team18/team18/node_modules/jest-circus/build/run.js:155:3)
          at _runTestsForDescribeBlock (/home/runner/work/team18/team18/node_modules/jest-circus/build/run.js:66:9)
          at _runTestsForDescribeBlock (/home/runner/work/team18/team18/node_modules/jest-circus/build/run.js:60:9)
          at run (/home/runner/work/team18/team18/node_modules/jest-circus/build/run.js:25:3)
          at runAndTransformResultsToJestFormat (/home/runner/work/team18/team18/node_modules/jest-circus/build/legacy-code-todo-rewrite/jestAdapterInit.js:170:21)
          at jestAdapter (/home/runner/work/team18/team18/node_modules/jest-circus/build/legacy-code-todo-rewrite/jestAdapter.js:82:19)
          at runTestInternal (/home/runner/work/team18/team18/node_modules/jest-runner/build/runTest.js:389:16)
          at runTest (/home/runner/work/team18/team18/node_modules/jest-runner/build/runTest.js:475:34)

      at VirtualConsole.<anonymous> (node_modules/jsdom/lib/jsdom/virtual-console.js:29:45)
      at reportException (node_modules/jsdom/lib/jsdom/living/helpers/runtime-script-errors.js:70:28)
      at innerInvokeEventListeners (node_modules/jsdom/lib/jsdom/living/events/EventTarget-impl.js:341:9)
      at invokeEventListeners (node_modules/jsdom/lib/jsdom/living/events/EventTarget-impl.js:274:3)
      at HTMLButtonElementImpl._dispatch (node_modules/jsdom/lib/jsdom/living/events/EventTarget-impl.js:221:9)
      at fireAnEvent (node_modules/jsdom/lib/jsdom/living/helpers/events.js:18:36)
      at HTMLButtonElementImpl.click (node_modules/jsdom/lib/jsdom/living/nodes/HTMLElement-impl.js:79:5)

  ● Modify User tests › Clicking add user adds a user and leaves edit mode

    Function not implemented.

      17 |                 setRoles={
      18 |                     function (/*newUsers: User[]*/): void {
    > 19 |                         throw new Error("Function not implemented.");
         |                               ^
      20 |                     }
      21 |                 }
      22 |             />

      at Object.setRoles (src/list-components/ModifyUsers.test.tsx:19:31)
      at AddUsersandEditMode (src/list-components/ModifyUsers.tsx:25:25)
      at HTMLUnknownElement.callCallback (node_modules/react-dom/cjs/react-dom.development.js:4164:14)
      at HTMLUnknownElement.callTheUserObjectsOperation (node_modules/jsdom/lib/jsdom/living/generated/EventListener.js:26:30)
      at innerInvokeEventListeners (node_modules/jsdom/lib/jsdom/living/events/EventTarget-impl.js:338:25)
      at invokeEventListeners (node_modules/jsdom/lib/jsdom/living/events/EventTarget-impl.js:274:3)
      at HTMLUnknownElementImpl._dispatch (node_modules/jsdom/lib/jsdom/living/events/EventTarget-impl.js:221:9)
      at HTMLUnknownElementImpl.dispatchEvent (node_modules/jsdom/lib/jsdom/living/events/EventTarget-impl.js:94:17)
      at HTMLUnknownElement.dispatchEvent (node_modules/jsdom/lib/jsdom/living/generated/EventTarget.js:231:34)
      at Object.invokeGuardedCallbackDev (node_modules/react-dom/cjs/react-dom.development.js:4213:16)
      at invokeGuardedCallback (node_modules/react-dom/cjs/react-dom.development.js:4277:31)
      at invokeGuardedCallbackAndCatchFirstError (node_modules/react-dom/cjs/react-dom.development.js:4291:25)
      at executeDispatch (node_modules/react-dom/cjs/react-dom.development.js:9041:3)
      at processDispatchQueueItemsInOrder (node_modules/react-dom/cjs/react-dom.development.js:9073:7)
      at processDispatchQueue (node_modules/react-dom/cjs/react-dom.development.js:9086:5)
      at dispatchEventsForPlugins (node_modules/react-dom/cjs/react-dom.development.js:9097:3)
      at node_modules/react-dom/cjs/react-dom.development.js:9288:12
      at batchedUpdates$1 (node_modules/react-dom/cjs/react-dom.development.js:26140:12)
      at batchedUpdates (node_modules/react-dom/cjs/react-dom.development.js:3991:12)
      at dispatchEventForPluginEventSystem (node_modules/react-dom/cjs/react-dom.development.js:9287:3)
      at dispatchEventWithEnableCapturePhaseSelectiveHydrationWithoutDiscreteEventReplay (node_modules/react-dom/cjs/react-dom.development.js:6465:5)
      at dispatchEvent (node_modules/react-dom/cjs/react-dom.development.js:6457:5)
      at dispatchDiscreteEvent (node_modules/react-dom/cjs/react-dom.development.js:6430:5)
      at HTMLDivElement.callTheUserObjectsOperation (node_modules/jsdom/lib/jsdom/living/generated/EventListener.js:26:30)
      at innerInvokeEventListeners (node_modules/jsdom/lib/jsdom/living/events/EventTarget-impl.js:338:25)
      at invokeEventListeners (node_modules/jsdom/lib/jsdom/living/events/EventTarget-impl.js:274:3)
      at HTMLButtonElementImpl._dispatch (node_modules/jsdom/lib/jsdom/living/events/EventTarget-impl.js:221:9)
      at fireAnEvent (node_modules/jsdom/lib/jsdom/living/helpers/events.js:18:36)
      at HTMLButtonElementImpl.click (node_modules/jsdom/lib/jsdom/living/nodes/HTMLElement-impl.js:79:5)
      at HTMLButtonElement.click (node_modules/jsdom/lib/jsdom/living/generated/HTMLElement.js:110:34)
      at Object.<anonymous> (src/list-components/ModifyUsers.test.tsx:52:17)

  ● Modify User tests › Clicking add user adds a user and leaves edit mode

    expect(received).toBeNull()

    Received: <textarea class="form-control" id="ChecKAnswer" rows="3">User2user test</textarea>

      53 |         // need help figuring out if it actually adds a user
      54 |         // leaves edit mode: no textbox and no buttons
    > 55 |         expect(screen.getByRole("textbox")).toBeNull();
         |                                             ^
      56 |         expect(screen.getByRole("button")).toBeNull();
      57 |         // may need to render the roll select dropdown. At this moment I dont see how we do that without rendering
      58 |         //all of App. we will come back to this later

      at Object.<anonymous> (src/list-components/ModifyUsers.test.tsx:55:45)

  ● Modify User tests › Clicking delete user adds a user and leaves edit mode

    Function not implemented.

      17 |                 setRoles={
      18 |                     function (/*newUsers: User[]*/): void {
    > 19 |                         throw new Error("Function not implemented.");
         |                               ^
      20 |                     }
      21 |                 }
      22 |             />

      at Object.setRoles (src/list-components/ModifyUsers.test.tsx:19:31)
      at DeleteUsersandEditMode (src/list-components/ModifyUsers.tsx:32:25)
      at HTMLUnknownElement.callCallback (node_modules/react-dom/cjs/react-dom.development.js:4164:14)
      at HTMLUnknownElement.callTheUserObjectsOperation (node_modules/jsdom/lib/jsdom/living/generated/EventListener.js:26:30)
      at innerInvokeEventListeners (node_modules/jsdom/lib/jsdom/living/events/EventTarget-impl.js:338:25)
      at invokeEventListeners (node_modules/jsdom/lib/jsdom/living/events/EventTarget-impl.js:274:3)
      at HTMLUnknownElementImpl._dispatch (node_modules/jsdom/lib/jsdom/living/events/EventTarget-impl.js:221:9)
      at HTMLUnknownElementImpl.dispatchEvent (node_modules/jsdom/lib/jsdom/living/events/EventTarget-impl.js:94:17)
      at HTMLUnknownElement.dispatchEvent (node_modules/jsdom/lib/jsdom/living/generated/EventTarget.js:231:34)
      at Object.invokeGuardedCallbackDev (node_modules/react-dom/cjs/react-dom.development.js:4213:16)
      at invokeGuardedCallback (node_modules/react-dom/cjs/react-dom.development.js:4277:31)
      at invokeGuardedCallbackAndCatchFirstError (node_modules/react-dom/cjs/react-dom.development.js:4291:25)
      at executeDispatch (node_modules/react-dom/cjs/react-dom.development.js:9041:3)
      at processDispatchQueueItemsInOrder (node_modules/react-dom/cjs/react-dom.development.js:9073:7)
      at processDispatchQueue (node_modules/react-dom/cjs/react-dom.development.js:9086:5)
      at dispatchEventsForPlugins (node_modules/react-dom/cjs/react-dom.development.js:9097:3)
      at node_modules/react-dom/cjs/react-dom.development.js:9288:12
      at batchedUpdates$1 (node_modules/react-dom/cjs/react-dom.development.js:26140:12)
      at batchedUpdates (node_modules/react-dom/cjs/react-dom.development.js:3991:12)
      at dispatchEventForPluginEventSystem (node_modules/react-dom/cjs/react-dom.development.js:9287:3)
      at dispatchEventWithEnableCapturePhaseSelectiveHydrationWithoutDiscreteEventReplay (node_modules/react-dom/cjs/react-dom.development.js:6465:5)
      at dispatchEvent (node_modules/react-dom/cjs/react-dom.development.js:6457:5)
      at dispatchDiscreteEvent (node_modules/react-dom/cjs/react-dom.development.js:6430:5)
      at HTMLDivElement.callTheUserObjectsOperation (node_modules/jsdom/lib/jsdom/living/generated/EventListener.js:26:30)
      at innerInvokeEventListeners (node_modules/jsdom/lib/jsdom/living/events/EventTarget-impl.js:338:25)
      at invokeEventListeners (node_modules/jsdom/lib/jsdom/living/events/EventTarget-impl.js:274:3)
      at HTMLButtonElementImpl._dispatch (node_modules/jsdom/lib/jsdom/living/events/EventTarget-impl.js:221:9)
      at fireAnEvent (node_modules/jsdom/lib/jsdom/living/helpers/events.js:18:36)
      at HTMLButtonElementImpl.click (node_modules/jsdom/lib/jsdom/living/nodes/HTMLElement-impl.js:79:5)
      at HTMLButtonElement.click (node_modules/jsdom/lib/jsdom/living/generated/HTMLElement.js:110:34)
      at Object.<anonymous> (src/list-components/ModifyUsers.test.tsx:71:17)

  ● Modify User tests › Clicking delete user adds a user and leaves edit mode

    expect(received).toBeNull()

    Received: <textarea class="form-control" id="ChecKAnswer" rows="3">User2user test</textarea>

      72 |         // need help figuring out if it actually adds a user
      73 |         // leaves edit mode: no textbox and no buttons
    > 74 |         expect(screen.getByRole("textbox")).toBeNull();
         |                                             ^
      75 |         expect(screen.getByRole("button")).toBeNull();
      76 |         // may need to render the roll select dropdown. At this moment I dont see how we do that without rendering
      77 |         //all of App. we will come back to this later

      at Object.<anonymous> (src/list-components/ModifyUsers.test.tsx:74:45)

FAIL src/list-components/dist/deleteTak.test.js
  ● Delete task tests › There is a switch

    TypeError: Cannot read properties of undefined (reading 'createElement')

      44 | describe("Delete task tests", function () {
      45 |     beforeEach(function () {
    > 46 |         return react_2.render(react_1["default"].createElement(deleteTask_component_1.DeleteTask
         |                                                  ^
      47 |         //item={TASK1}
      48 |         , { 
      49 |             //item={TASK1}

      at Object.<anonymous> (src/list-components/dist/deleteTak.test.js:46:50)

  ● Delete task tests › On switch click, there is a textbox and buttons: 

    TypeError: Cannot read properties of undefined (reading 'createElement')

      44 | describe("Delete task tests", function () {
      45 |     beforeEach(function () {
    > 46 |         return react_2.render(react_1["default"].createElement(deleteTask_component_1.DeleteTask
         |                                                  ^
      47 |         //item={TASK1}
      48 |         , { 
      49 |             //item={TASK1}

      at Object.<anonymous> (src/list-components/dist/deleteTak.test.js:46:50)

  ● Delete task tests › Clicking delete task deletes from the list and leaves edit mode

    TypeError: Cannot read properties of undefined (reading 'createElement')

      44 | describe("Delete task tests", function () {
      45 |     beforeEach(function () {
    > 46 |         return react_2.render(react_1["default"].createElement(deleteTask_component_1.DeleteTask
         |                                                  ^
      47 |         //item={TASK1}
      48 |         , { 
      49 |             //item={TASK1}

      at Object.<anonymous> (src/list-components/dist/deleteTak.test.js:46:50)

FAIL src/list-components/deleteTak.test.tsx
  ● Console

    console.error
      Warning: ReactDOM.render is no longer supported in React 18. Use createRoot instead. Until you switch to the new API, your app will behave as if it's running React 17. Learn more: https://reactjs.org/link/switch-to-createroot

      50 | describe("Delete task tests", () => {
      51 |     beforeEach(() =>
    > 52 |         render(
         |         ^
      53 |             <DeleteTask
      54 |                 //item={TASK1}
      55 |                 tasks={TASKLIST1}

      at printWarning (node_modules/react-dom/cjs/react-dom.development.js:86:30)
      at error (node_modules/react-dom/cjs/react-dom.development.js:60:7)
      at Object.render (node_modules/react-dom/cjs/react-dom.development.js:29670:5)
      at node_modules/@testing-library/react/dist/pure.js:101:25
      at act (node_modules/react/cjs/react.development.js:2512:16)
      at render (node_modules/@testing-library/react/dist/pure.js:97:26)
      at Object.<anonymous> (src/list-components/deleteTak.test.tsx:52:9)

    console.error
      Warning: ReactDOM.render is no longer supported in React 18. Use createRoot instead. Until you switch to the new API, your app will behave as if it's running React 17. Learn more: https://reactjs.org/link/switch-to-createroot

      50 | describe("Delete task tests", () => {
      51 |     beforeEach(() =>
    > 52 |         render(
         |         ^
      53 |             <DeleteTask
      54 |                 //item={TASK1}
      55 |                 tasks={TASKLIST1}

      at printWarning (node_modules/react-dom/cjs/react-dom.development.js:86:30)
      at error (node_modules/react-dom/cjs/react-dom.development.js:60:7)
      at Object.render (node_modules/react-dom/cjs/react-dom.development.js:29670:5)
      at node_modules/@testing-library/react/dist/pure.js:101:25
      at act (node_modules/react/cjs/react.development.js:2512:16)
      at render (node_modules/@testing-library/react/dist/pure.js:97:26)
      at Object.<anonymous> (src/list-components/deleteTak.test.tsx:52:9)

    console.error
      Warning: ReactDOM.render is no longer supported in React 18. Use createRoot instead. Until you switch to the new API, your app will behave as if it's running React 17. Learn more: https://reactjs.org/link/switch-to-createroot

      50 | describe("Delete task tests", () => {
      51 |     beforeEach(() =>
    > 52 |         render(
         |         ^
      53 |             <DeleteTask
      54 |                 //item={TASK1}
      55 |                 tasks={TASKLIST1}

      at printWarning (node_modules/react-dom/cjs/react-dom.development.js:86:30)
      at error (node_modules/react-dom/cjs/react-dom.development.js:60:7)
      at Object.render (node_modules/react-dom/cjs/react-dom.development.js:29670:5)
      at node_modules/@testing-library/react/dist/pure.js:101:25
      at act (node_modules/react/cjs/react.development.js:2512:16)
      at render (node_modules/@testing-library/react/dist/pure.js:97:26)
      at Object.<anonymous> (src/list-components/deleteTak.test.tsx:52:9)

  ● Delete task tests › There is a switch

    TestingLibraryElementError: Unable to find an accessible element with the role "switch"

    Here are the accessible roles:

      checkbox:

      Name "Delete Task":
      [36m<input[39m
        [33mclass[39m=[32m"form-check-input"[39m
        [33mid[39m=[32m"editMode"[39m
        [33mtype[39m=[32m"checkbox"[39m
      [36m/>[39m

      --------------------------------------------------

    Ignored nodes: comments, <script />, <style />
    [36m<body>[39m
      [36m<div>[39m
        [36m<div>[39m
          [36m<div[39m
            [33mclass[39m=[32m"mx-auto form-check form-switch"[39m
            [33mstyle[39m=[32m"width: 150px;"[39m
          [36m>[39m
            [36m<input[39m
              [33mclass[39m=[32m"form-check-input"[39m
              [33mid[39m=[32m"editMode"[39m
              [33mtype[39m=[32m"checkbox"[39m
            [36m/>[39m
            [36m<label[39m
              [33mclass[39m=[32m"form-check-label"[39m
              [33mfor[39m=[32m"editMode"[39m
              [33mtitle[39m=[32m""[39m
            [36m>[39m
              [0mDelete Task[0m
            [36m</label>[39m
          [36m</div>[39m
        [36m</div>[39m
      [36m</div>[39m
    [36m</body>[39m

      63 |     );
      64 |     test("There is a switch", () => {
    > 65 |         const switchButton = screen.getByRole("switch");
         |                                     ^
      66 |         expect(switchButton).toBeInTheDocument();
      67 |     });
      68 |     test("On switch click, there is a textbox and buttons: ", () => {

      at Object.getElementError (node_modules/@testing-library/dom/dist/config.js:38:19)
      at node_modules/@testing-library/dom/dist/query-helpers.js:90:38
      at node_modules/@testing-library/dom/dist/query-helpers.js:62:17
      at getByRole (node_modules/@testing-library/dom/dist/query-helpers.js:111:19)
      at Object.<anonymous> (src/list-components/deleteTak.test.tsx:65:37)

  ● Delete task tests › On switch click, there is a textbox and buttons: 

    TestingLibraryElementError: Unable to find an accessible element with the role "switch"

    Here are the accessible roles:

      checkbox:

      Name "Delete Task":
      [36m<input[39m
        [33mclass[39m=[32m"form-check-input"[39m
        [33mid[39m=[32m"editMode"[39m
        [33mtype[39m=[32m"checkbox"[39m
      [36m/>[39m

      --------------------------------------------------

    Ignored nodes: comments, <script />, <style />
    [36m<body>[39m
      [36m<div>[39m
        [36m<div>[39m
          [36m<div[39m
            [33mclass[39m=[32m"mx-auto form-check form-switch"[39m
            [33mstyle[39m=[32m"width: 150px;"[39m
          [36m>[39m
            [36m<input[39m
              [33mclass[39m=[32m"form-check-input"[39m
              [33mid[39m=[32m"editMode"[39m
              [33mtype[39m=[32m"checkbox"[39m
            [36m/>[39m
            [36m<label[39m
              [33mclass[39m=[32m"form-check-label"[39m
              [33mfor[39m=[32m"editMode"[39m
              [33mtitle[39m=[32m""[39m
            [36m>[39m
              [0mDelete Task[0m
            [36m</label>[39m
          [36m</div>[39m
        [36m</div>[39m
      [36m</div>[39m
    [36m</body>[39m

      67 |     });
      68 |     test("On switch click, there is a textbox and buttons: ", () => {
    > 69 |         const switchButton = screen.getByRole("switch");
         |                                     ^
      70 |         switchButton.click();
      71 |         const deltask1 = screen.getByRole("button", {
      72 |             name: /Delete Task and Leave Edit Mode/i

      at Object.getElementError (node_modules/@testing-library/dom/dist/config.js:38:19)
      at node_modules/@testing-library/dom/dist/query-helpers.js:90:38
      at node_modules/@testing-library/dom/dist/query-helpers.js:62:17
      at getByRole (node_modules/@testing-library/dom/dist/query-helpers.js:111:19)
      at Object.<anonymous> (src/list-components/deleteTak.test.tsx:69:37)

  ● Delete task tests › Clicking delete task deletes from the list and leaves edit mode

    TestingLibraryElementError: Unable to find an accessible element with the role "switch"

    Here are the accessible roles:

      checkbox:

      Name "Delete Task":
      [36m<input[39m
        [33mclass[39m=[32m"form-check-input"[39m
        [33mid[39m=[32m"editMode"[39m
        [33mtype[39m=[32m"checkbox"[39m
      [36m/>[39m

      --------------------------------------------------

    Ignored nodes: comments, <script />, <style />
    [36m<body>[39m
      [36m<div>[39m
        [36m<div>[39m
          [36m<div[39m
            [33mclass[39m=[32m"mx-auto form-check form-switch"[39m
            [33mstyle[39m=[32m"width: 150px;"[39m
          [36m>[39m
            [36m<input[39m
              [33mclass[39m=[32m"form-check-input"[39m
              [33mid[39m=[32m"editMode"[39m
              [33mtype[39m=[32m"checkbox"[39m
            [36m/>[39m
            [36m<label[39m
              [33mclass[39m=[32m"form-check-label"[39m
              [33mfor[39m=[32m"editMode"[39m
              [33mtitle[39m=[32m""[39m
            [36m>[39m
              [0mDelete Task[0m
            [36m</label>[39m
          [36m</div>[39m
        [36m</div>[39m
      [36m</div>[39m
    [36m</body>[39m

      77 |
      78 |     test("Clicking delete task deletes from the list and leaves edit mode", () => {
    > 79 |         const switchButton = screen.getByRole("switch");
         |                                     ^
      80 |         switchButton.click();
      81 |         const delTask = screen.getByRole("button", {
      82 |             name: /Delete Task and Leave Edit Mode/i

      at Object.getElementError (node_modules/@testing-library/dom/dist/config.js:38:19)
      at node_modules/@testing-library/dom/dist/query-helpers.js:90:38
      at node_modules/@testing-library/dom/dist/query-helpers.js:62:17
      at getByRole (node_modules/@testing-library/dom/dist/query-helpers.js:111:19)
      at Object.<anonymous> (src/list-components/deleteTak.test.tsx:79:37)

FAIL src/list-components/dist/addTask.test.js
  ● Add tasks tests › There is a switch

    TypeError: Cannot read properties of undefined (reading 'createElement')

      32 | describe("Add tasks tests", function () {
      33 |     beforeEach(function () {
    > 34 |         return react_2.render(react_1["default"].createElement(addTask_1.AddTask
         |                                                  ^
      35 |         //item={TASK1}
      36 |         , { 
      37 |             //item={TASK1}

      at Object.<anonymous> (src/list-components/dist/addTask.test.js:34:50)

  ● Add tasks tests › On switch click, there is a textbox and buttons: 

    TypeError: Cannot read properties of undefined (reading 'createElement')

      32 | describe("Add tasks tests", function () {
      33 |     beforeEach(function () {
    > 34 |         return react_2.render(react_1["default"].createElement(addTask_1.AddTask
         |                                                  ^
      35 |         //item={TASK1}
      36 |         , { 
      37 |             //item={TASK1}

      at Object.<anonymous> (src/list-components/dist/addTask.test.js:34:50)

  ● Add tasks tests › Clicking add task adds a task and leaves edit mode

    TypeError: Cannot read properties of undefined (reading 'createElement')

      32 | describe("Add tasks tests", function () {
      33 |     beforeEach(function () {
    > 34 |         return react_2.render(react_1["default"].createElement(addTask_1.AddTask
         |                                                  ^
      35 |         //item={TASK1}
      36 |         , { 
      37 |             //item={TASK1}

      at Object.<anonymous> (src/list-components/dist/addTask.test.js:34:50)

FAIL src/list-components/addTask.test.tsx
  ● Console

    console.error
      Warning: ReactDOM.render is no longer supported in React 18. Use createRoot instead. Until you switch to the new API, your app will behave as if it's running React 17. Learn more: https://reactjs.org/link/switch-to-createroot

      37 | describe("Add tasks tests", () => {
      38 |     beforeEach(() =>
    > 39 |         render(
         |         ^
      40 |             <AddTask
      41 |                 //item={TASK1}
      42 |                 tasks={TASKLIST1}

      at printWarning (node_modules/react-dom/cjs/react-dom.development.js:86:30)
      at error (node_modules/react-dom/cjs/react-dom.development.js:60:7)
      at Object.render (node_modules/react-dom/cjs/react-dom.development.js:29670:5)
      at node_modules/@testing-library/react/dist/pure.js:101:25
      at act (node_modules/react/cjs/react.development.js:2512:16)
      at render (node_modules/@testing-library/react/dist/pure.js:97:26)
      at Object.<anonymous> (src/list-components/addTask.test.tsx:39:9)

    console.error
      Warning: ReactDOM.render is no longer supported in React 18. Use createRoot instead. Until you switch to the new API, your app will behave as if it's running React 17. Learn more: https://reactjs.org/link/switch-to-createroot

      37 | describe("Add tasks tests", () => {
      38 |     beforeEach(() =>
    > 39 |         render(
         |         ^
      40 |             <AddTask
      41 |                 //item={TASK1}
      42 |                 tasks={TASKLIST1}

      at printWarning (node_modules/react-dom/cjs/react-dom.development.js:86:30)
      at error (node_modules/react-dom/cjs/react-dom.development.js:60:7)
      at Object.render (node_modules/react-dom/cjs/react-dom.development.js:29670:5)
      at node_modules/@testing-library/react/dist/pure.js:101:25
      at act (node_modules/react/cjs/react.development.js:2512:16)
      at render (node_modules/@testing-library/react/dist/pure.js:97:26)
      at Object.<anonymous> (src/list-components/addTask.test.tsx:39:9)

    console.error
      Warning: ReactDOM.render is no longer supported in React 18. Use createRoot instead. Until you switch to the new API, your app will behave as if it's running React 17. Learn more: https://reactjs.org/link/switch-to-createroot

      37 | describe("Add tasks tests", () => {
      38 |     beforeEach(() =>
    > 39 |         render(
         |         ^
      40 |             <AddTask
      41 |                 //item={TASK1}
      42 |                 tasks={TASKLIST1}

      at printWarning (node_modules/react-dom/cjs/react-dom.development.js:86:30)
      at error (node_modules/react-dom/cjs/react-dom.development.js:60:7)
      at Object.render (node_modules/react-dom/cjs/react-dom.development.js:29670:5)
      at node_modules/@testing-library/react/dist/pure.js:101:25
      at act (node_modules/react/cjs/react.development.js:2512:16)
      at render (node_modules/@testing-library/react/dist/pure.js:97:26)
      at Object.<anonymous> (src/list-components/addTask.test.tsx:39:9)

  ● Add tasks tests › There is a switch

    TestingLibraryElementError: Unable to find an accessible element with the role "switch"

    Here are the accessible roles:

      checkbox:

      Name "Add Task":
      [36m<input[39m
        [33mclass[39m=[32m"form-check-input"[39m
        [33mid[39m=[32m"editMode"[39m
        [33mtype[39m=[32m"checkbox"[39m
      [36m/>[39m

      --------------------------------------------------

    Ignored nodes: comments, <script />, <style />
    [36m<body>[39m
      [36m<div>[39m
        [36m<div>[39m
          [36m<div[39m
            [33mclass[39m=[32m"mx-auto form-check form-switch"[39m
            [33mstyle[39m=[32m"width: 150px;"[39m
          [36m>[39m
            [36m<input[39m
              [33mclass[39m=[32m"form-check-input"[39m
              [33mid[39m=[32m"editMode"[39m
              [33mtype[39m=[32m"checkbox"[39m
            [36m/>[39m
            [36m<label[39m
              [33mclass[39m=[32m"form-check-label"[39m
              [33mfor[39m=[32m"editMode"[39m
              [33mtitle[39m=[32m""[39m
            [36m>[39m
              [0mAdd Task[0m
            [36m</label>[39m
          [36m</div>[39m
        [36m</div>[39m
      [36m</div>[39m
    [36m</body>[39m

      50 |     );
      51 |     test("There is a switch", () => {
    > 52 |         const switchButton = screen.getByRole("switch");
         |                                     ^
      53 |         expect(switchButton).toBeInTheDocument();
      54 |     });
      55 |     test("On switch click, there is a textbox and buttons: ", () => {

      at Object.getElementError (node_modules/@testing-library/dom/dist/config.js:38:19)
      at node_modules/@testing-library/dom/dist/query-helpers.js:90:38
      at node_modules/@testing-library/dom/dist/query-helpers.js:62:17
      at getByRole (node_modules/@testing-library/dom/dist/query-helpers.js:111:19)
      at Object.<anonymous> (src/list-components/addTask.test.tsx:52:37)

  ● Add tasks tests › On switch click, there is a textbox and buttons: 

    TestingLibraryElementError: Unable to find an accessible element with the role "switch"

    Here are the accessible roles:

      checkbox:

      Name "Add Task":
      [36m<input[39m
        [33mclass[39m=[32m"form-check-input"[39m
        [33mid[39m=[32m"editMode"[39m
        [33mtype[39m=[32m"checkbox"[39m
      [36m/>[39m

      --------------------------------------------------

    Ignored nodes: comments, <script />, <style />
    [36m<body>[39m
      [36m<div>[39m
        [36m<div>[39m
          [36m<div[39m
            [33mclass[39m=[32m"mx-auto form-check form-switch"[39m
            [33mstyle[39m=[32m"width: 150px;"[39m
          [36m>[39m
            [36m<input[39m
              [33mclass[39m=[32m"form-check-input"[39m
              [33mid[39m=[32m"editMode"[39m
              [33mtype[39m=[32m"checkbox"[39m
            [36m/>[39m
            [36m<label[39m
              [33mclass[39m=[32m"form-check-label"[39m
              [33mfor[39m=[32m"editMode"[39m
              [33mtitle[39m=[32m""[39m
            [36m>[39m
              [0mAdd Task[0m
            [36m</label>[39m
          [36m</div>[39m
        [36m</div>[39m
      [36m</div>[39m
    [36m</body>[39m

      54 |     });
      55 |     test("On switch click, there is a textbox and buttons: ", () => {
    > 56 |         const switchButton = screen.getByRole("switch");
         |                                     ^
      57 |         switchButton.click();
      58 |         const addTask = screen.getByRole("button", {
      59 |             name: /Add Task and Leave Edit Mode/i

      at Object.getElementError (node_modules/@testing-library/dom/dist/config.js:38:19)
      at node_modules/@testing-library/dom/dist/query-helpers.js:90:38
      at node_modules/@testing-library/dom/dist/query-helpers.js:62:17
      at getByRole (node_modules/@testing-library/dom/dist/query-helpers.js:111:19)
      at Object.<anonymous> (src/list-components/addTask.test.tsx:56:37)

  ● Add tasks tests › Clicking add task adds a task and leaves edit mode

    TestingLibraryElementError: Unable to find an accessible element with the role "switch"

    Here are the accessible roles:

      checkbox:

      Name "Add Task":
      [36m<input[39m
        [33mclass[39m=[32m"form-check-input"[39m
        [33mid[39m=[32m"editMode"[39m
        [33mtype[39m=[32m"checkbox"[39m
      [36m/>[39m

      --------------------------------------------------

    Ignored nodes: comments, <script />, <style />
    [36m<body>[39m
      [36m<div>[39m
        [36m<div>[39m
          [36m<div[39m
            [33mclass[39m=[32m"mx-auto form-check form-switch"[39m
            [33mstyle[39m=[32m"width: 150px;"[39m
          [36m>[39m
            [36m<input[39m
              [33mclass[39m=[32m"form-check-input"[39m
              [33mid[39m=[32m"editMode"[39m
              [33mtype[39m=[32m"checkbox"[39m
            [36m/>[39m
            [36m<label[39m
              [33mclass[39m=[32m"form-check-label"[39m
              [33mfor[39m=[32m"editMode"[39m
              [33mtitle[39m=[32m""[39m
            [36m>[39m
              [0mAdd Task[0m
            [36m</label>[39m
          [36m</div>[39m
        [36m</div>[39m
      [36m</div>[39m
    [36m</body>[39m

      64 |     test("Clicking add task adds a task and leaves edit mode", () => {
      65 |         // setting up the scenario
    > 66 |         const switchButton = screen.getByRole("switch");
         |                                     ^
      67 |         switchButton.click();
      68 |         const addTask = screen.getByRole("button", {
      69 |             name: /Add Task and Leave Edit Mode/i

      at Object.getElementError (node_modules/@testing-library/dom/dist/config.js:38:19)
      at node_modules/@testing-library/dom/dist/query-helpers.js:90:38
      at node_modules/@testing-library/dom/dist/query-helpers.js:62:17
      at getByRole (node_modules/@testing-library/dom/dist/query-helpers.js:111:19)
      at Object.<anonymous> (src/list-components/addTask.test.tsx:66:37)

FAIL src/editing-components/EditTime.test.tsx
  ● Console

    console.error
      Warning: ReactDOM.render is no longer supported in React 18. Use createRoot instead. Until you switch to the new API, your app will behave as if it's running React 17. Learn more: https://reactjs.org/link/switch-to-createroot

      11 | describe("Testing EditTime", () => {
      12 |     beforeEach(() => {
    > 13 |         render(<EditTime time={time} setTime={setTime}></EditTime>);
         |         ^
      14 |     });
      15 |     test("there is a drop down list", () => {
      16 |         const dropDown = screen.getByRole("select");

      at printWarning (node_modules/react-dom/cjs/react-dom.development.js:86:30)
      at error (node_modules/react-dom/cjs/react-dom.development.js:60:7)
      at Object.render (node_modules/react-dom/cjs/react-dom.development.js:29670:5)
      at node_modules/@testing-library/react/dist/pure.js:101:25
      at act (node_modules/react/cjs/react.development.js:2512:16)
      at render (node_modules/@testing-library/react/dist/pure.js:97:26)
      at Object.<anonymous> (src/editing-components/EditTime.test.tsx:13:9)

    console.error
      Warning: ReactDOM.render is no longer supported in React 18. Use createRoot instead. Until you switch to the new API, your app will behave as if it's running React 17. Learn more: https://reactjs.org/link/switch-to-createroot

      11 | describe("Testing EditTime", () => {
      12 |     beforeEach(() => {
    > 13 |         render(<EditTime time={time} setTime={setTime}></EditTime>);
         |         ^
      14 |     });
      15 |     test("there is a drop down list", () => {
      16 |         const dropDown = screen.getByRole("select");

      at printWarning (node_modules/react-dom/cjs/react-dom.development.js:86:30)
      at error (node_modules/react-dom/cjs/react-dom.development.js:60:7)
      at Object.render (node_modules/react-dom/cjs/react-dom.development.js:29670:5)
      at node_modules/@testing-library/react/dist/pure.js:101:25
      at act (node_modules/react/cjs/react.development.js:2512:16)
      at render (node_modules/@testing-library/react/dist/pure.js:97:26)
      at Object.<anonymous> (src/editing-components/EditTime.test.tsx:13:9)

    console.error
      Warning: ReactDOM.render is no longer supported in React 18. Use createRoot instead. Until you switch to the new API, your app will behave as if it's running React 17. Learn more: https://reactjs.org/link/switch-to-createroot

      11 | describe("Testing EditTime", () => {
      12 |     beforeEach(() => {
    > 13 |         render(<EditTime time={time} setTime={setTime}></EditTime>);
         |         ^
      14 |     });
      15 |     test("there is a drop down list", () => {
      16 |         const dropDown = screen.getByRole("select");

      at printWarning (node_modules/react-dom/cjs/react-dom.development.js:86:30)
      at error (node_modules/react-dom/cjs/react-dom.development.js:60:7)
      at Object.render (node_modules/react-dom/cjs/react-dom.development.js:29670:5)
      at node_modules/@testing-library/react/dist/pure.js:101:25
      at act (node_modules/react/cjs/react.development.js:2512:16)
      at render (node_modules/@testing-library/react/dist/pure.js:97:26)
      at Object.<anonymous> (src/editing-components/EditTime.test.tsx:13:9)

    console.error
      Warning: ReactDOM.render is no longer supported in React 18. Use createRoot instead. Until you switch to the new API, your app will behave as if it's running React 17. Learn more: https://reactjs.org/link/switch-to-createroot

      11 | describe("Testing EditTime", () => {
      12 |     beforeEach(() => {
    > 13 |         render(<EditTime time={time} setTime={setTime}></EditTime>);
         |         ^
      14 |     });
      15 |     test("there is a drop down list", () => {
      16 |         const dropDown = screen.getByRole("select");

      at printWarning (node_modules/react-dom/cjs/react-dom.development.js:86:30)
      at error (node_modules/react-dom/cjs/react-dom.development.js:60:7)
      at Object.render (node_modules/react-dom/cjs/react-dom.development.js:29670:5)
      at node_modules/@testing-library/react/dist/pure.js:101:25
      at act (node_modules/react/cjs/react.development.js:2512:16)
      at render (node_modules/@testing-library/react/dist/pure.js:97:26)
      at Object.<anonymous> (src/editing-components/EditTime.test.tsx:13:9)

    console.error
      Warning: ReactDOM.render is no longer supported in React 18. Use createRoot instead. Until you switch to the new API, your app will behave as if it's running React 17. Learn more: https://reactjs.org/link/switch-to-createroot

      11 | describe("Testing EditTime", () => {
      12 |     beforeEach(() => {
    > 13 |         render(<EditTime time={time} setTime={setTime}></EditTime>);
         |         ^
      14 |     });
      15 |     test("there is a drop down list", () => {
      16 |         const dropDown = screen.getByRole("select");

      at printWarning (node_modules/react-dom/cjs/react-dom.development.js:86:30)
      at error (node_modules/react-dom/cjs/react-dom.development.js:60:7)
      at Object.render (node_modules/react-dom/cjs/react-dom.development.js:29670:5)
      at node_modules/@testing-library/react/dist/pure.js:101:25
      at act (node_modules/react/cjs/react.development.js:2512:16)
      at render (node_modules/@testing-library/react/dist/pure.js:97:26)
      at Object.<anonymous> (src/editing-components/EditTime.test.tsx:13:9)

  ● Testing EditTime › time is displayed in military format

    TestingLibraryElementError: Unable to find an element with the text: /10:00/i. This could be because the text is broken up by multiple elements. In this case, you can provide a function for your text matcher to make your matcher more flexible.

    Ignored nodes: comments, <script />, <style />
    [36m<body>[39m
      [36m<div>[39m
        [36m<div>[39m
          [36m<div>[39m
            [36m<label[39m
              [33mclass[39m=[32m"form-label"[39m
              [33mfor[39m=[32m"editTime"[39m
              [33mstyle[39m=[32m"font-weight: bold;"[39m
            [36m>[39m
              [0mChoose Time[0m
            [36m</label>[39m
            [36m<select[39m
              [33mclass[39m=[32m"form-select"[39m
              [33mid[39m=[32m"editTime"[39m
              [33mrole[39m=[32m"select"[39m
            [36m>[39m
              [36m<option[39m
                [33mrole[39m=[32m"option"[39m
                [33mvalue[39m=[32m"Choose Time"[39m
              [36m>[39m
                [0mChoose Time[0m
              [36m</option>[39m
              [36m<option[39m
                [33mrole[39m=[32m"option"[39m
                [33mvalue[39m=[32m"0000"[39m
              [36m>[39m
                [0m0000[0m
              [36m</option>[39m
              [36m<option[39m
                [33mrole[39m=[32m"option"[39m
                [33mvalue[39m=[32m"0015"[39m
              [36m>[39m
                [0m0015[0m
              [36m</option>[39m
              [36m<option[39m
                [33mrole[39m=[32m"option"[39m
                [33mvalue[39m=[32m"0030"[39m
              [36m>[39m
                [0m0030[0m
              [36m</option>[39m
              [36m<option[39m
                [33mrole[39m=[32m"option"[39m
                [33mvalue[39m=[32m"0045"[39m
              [36m>[39m
                [0m0045[0m
              [36m</option>[39m
              [36m<option[39m
                [33mrole[39m=[32m"option"[39m
                [33mvalue[39m=[32m"0100"[39m
              [36m>[39m
                [0m0100[0m
              [36m</option>[39m
              [36m<option[39m
                [33mrole[39m=[32m"option"[39m
                [33mvalue[39m=[32m"0115"[39m
              [36m>[39m
                [0m0115[0m
              [36m</option>[39m
              [36m<option[39m
                [33mrole[39m=[32m"option"[39m
                [33mvalue[39m=[32m"0130"[39m
              [36m>[39m
                [0m0130[0m
              [36m</option>[39m
              [36m<option[39m
                [33mrole[39m=[32m"option"[39m
                [33mvalue[39m=[32m"0145"[39m
              [36m>[39m
                [0m0145[0m
              [36m</option>[39m
              [36m<option[39m
                [33mrole[39m=[32m"option"[39m
                [33mvalue[39m=[32m"0200"[39m
              [36m>[39m
                [0m0200[0m
              [36m</option>[39m
              [36m<option[39m
                [33mrole[39m=[32m"option"[39m
                [33mvalue[39m=[32m"0215"[39m
              [36m>[39m
                [0m0215[0m
              [36m</option>[39m
              [36m<option[39m
                [33mrole[39m=[32m"option"[39m
                [33mvalue[39m=[32m"0230"[39m
              [36m>[39m
                [0m0230[0m
              [36m</option>[39m
              [36m<option[39m
                [33mrole[39m=[32m"option"[39m
                [33mvalue[39m=[32m"0245"[39m
              [36m>[39m
                [0m0245[0m
              [36m</option>[39m
              [36m<option[39m
                [33mrole[39m=[32m"option"[39m
                [33mvalue[39m=[32m"0300"[39m
              [36m>[39m
                [0m0300[0m
              [36m</option>[39m
              [36m<option[39m
                [33mrole[39m=[32m"option"[39m
                [33mvalue[39m=[32m"0315"[39m
              [36m>[39m
                [0m0315[0m
              [36m</option>[39m
              [36m<option[39m
                [33mrole[39m=[32m"option"[39m
                [33mvalue[39m=[32m"0330"[39m
              [36m>[39m
                [0m0330[0m
              [36m</option>[39m
              [36m<option[39m
                [33mrole[39m=[32m"option"[39m
                [33mvalue[39m=[32m"0345"[39m
              [36m>[39m
                [0m0345[0m
              [36m</option>[39m
              [36m<option[39m
                [33mrole[39m=[32m"option"[39m
                [33mvalue[39m=[32m"0400"[39m
              [36m>[39m
                [0m0400[0m
              [36m</option>[39m
              [36m<option[39m
                [33mrole[39m=[32m"option"[39m
                [33mvalue[39m=[32m"0415"[39m
              [36m>[39m
                [0m0415[0m
              [36m</option>[39m
              [36m<option[39m
                [33mrole[39m=[32m"option"[39m
                [33mvalue[39m=[32m"0430"[39m
              [36m>[39m
                [0m0430[0m
              [36m</option>[39m
              [36m<option[39m
                [33mrole[39m=[32m"option"[39m
                [33mvalue[39m=[32m"0445"[39m
              [36m>[39m
                [0m0445[0m
              [36m</option>[39m
              [36m<option[39m
                [33mrole[39m=[32m"option"[39m
                [33mvalue[39m=[32m"0500"[39m
              [36m>[39m
                [0m0500[0m
              [36m</option>[39m
              [36m<option[39m
                [33mrole[39m=[32m"option"[39m
                [33mvalue[39m=[32m"0515"[39m
              [36m>[39m
                [0m0515[0m
              [36m</option>[39m
              [36m<option[39m
                [33mrole[39m=[32m"option"[39m
                [33mvalue[39m=[32m"0530"[39m
              [36m>[39m
                [0m0530[0m
              [36m</option>[39m
              [36m<option[39m
                [33mrole[39m=[32m"option"[39m
                [33mvalue[39m=[32m"0545"[39m
              [36m>[39m
                [0m0545[0m
              [36m</option>[39m
              [36m<option[39m
                [33mrole[39m=[32m"option"[39m
                [33mvalue[39m=[32m"0600"[39m
              [36m>[39m
                [0m0600[0m
              [36m</option>[39m
              [36m<option[39m
                [33mrole[39m=[32m"option"[39m
                [33mvalue[39m=[32m"0615"[39m
              [36m>[39m
                [0m0615[0m
              [36m</option>[39m
              [36m<option[39m
                [33mrole[39m=[32m"option"[39m
                [33mvalue[39m=[32m"0630"[39m
              [36m>[39m
                [0m0630[0m
              [36m</option>[39m
              [36m<option[39m
                [33mrole[39m=[32m"option"[39m
                [33mvalue[39m=[32m"0645"[39m
              [36m>[39m
                [0m0645[0m
              [36m</option>[39m
              [36m<option[39m
                [33mrole[39m=[32m"option"[39m
                [33mvalue[39m=[32m"0700"[39m
              [36m>[39m
                [0m0700[0m
              [36m</option>[39m
              [36m<option[39m
                [33mrole[39m=[32m"option"[39m
                [33mvalue[39m=[32m"0715"[39m
              [36m>[39m
                [0m0715[0m
              [36m</option>[39m
              [36m<option[39m
                [33mrole[39m=[32m"option"[39m
                [33mvalue[39m=[32m"0730"[39m
              [36m>[39m
                [0m0730[0m
              [36m</option>[39m
              [36m<option[39m
                [33mrole[39m=[32m"option"[39m
                [33mvalue[39m=[32m"0745"[39m
              [36m>[39m
                [0m0745[0m
              [36m</option>[39m
              [36m<option[39m
                [33mrole[39m=[32m"option"[39m
                [33mvalue[39m=[32m"0800"[39m
              [36m>[39m
                [0m0800[0m
              [36m</option>[39m
              [36m<option[39m
                [33mrole[39m=[32m"option"[39m
                [33mvalue[39m=[32m"0815"[39m
              [36m>[39m
                [0m0815[0m
              [36m</option>[39m
              [36m<option[39m
                [33mrole[39m=[32m"option"[39m
                [33mvalue[39m=[32m"0830"[39m
              [36m>[39m
                [0m0830[0m
              [36m</option>[39m
              [36m<option[39m
                [33mrole[39m=[32m"option"[39m
                [33mvalue[39m=[32m"0845"[39m
              [36m>[39m
                [0m0845[0m
              [36m</option>[39m
              [36m<option[39m
                [33mrole[39m=[32m"option"[39m
                [33mvalue[39m=[32m"0900"[39m
              [36m>[39m
                [0m0900[0m
              [36m</option>[39m
              [36m<option[39m
                [33mrole[39m=[32m"option"[39m
                [33mvalue[39m=[32m"0915"[39m
              [36m>[39m
                [0m0915[0m
              [36m</option>[39m
              [36m<option[39m
                [33mrole[39m=[32m"option"[39m
                [33mvalue[39m=[32m"0930"[39m
              [36m>[39m
                [0m0930[0m
              [36m</option>[39m
              [36m<option[39m
                [33mrole[39m=[32m"option"[39m
                [33mvalue[39m=[32m"0945"[39m
              [36m>[39m
                [0m0945[0m
              [36m</option>[39m
              [36m<option[39m
                [33mrole[39m=[32m"option"[39m
                [33mvalue[39m=[32m"1000"[39m
              [36m>[39m
                [0m1000[0m
              [36m</option>[39m
              [36m<option[39m
                [33mrole[39m=[32m"option"[39m
                [33mvalue[39m=[32m"1015"[39m
              [36m>[39m
                [0m1015[0m
              [36m</option>[39m
              [36m<option[39m
                [33mrole[39m=[32m"option"[39m
                [33mvalue[39m=[32m"1030"[39m
              [36m>[39m
                [0m1030[0m
              [36m</option>[39m
              [36m<option[39m
                [33mrole[39m=[32m"option"[39m
                [33mvalue[39m=[32m"1045"[39m
              [36m>[39m
                [0m1045[0m
              [36m</option>[39m
              [36m<option[39m
                [33mrole[39m=[32m"option"[39m
                [33mvalue[39m=[32m"1100"[39m
              [36m>[39m
                [0m1100[0m
              [36m</option>[39m
              [36m<option[39m
                [33mrole[39m=[32m"option"[39m
                [33mvalue[39m=[32m"1115"[39m
              [36m>[39m
                [0m1115[0m
              [36m</option>[39m
              [36m<option[39m
                [33mrole[39m=[32m"option"[39m
                [33mvalue[39m=[32m"1130"[39m
              [36m>[39m
                [0m1130[0m
              [36m</option>[39m
              [36m<option[39m
                [33mrole[39m=[32m"option"[39m
                [33mvalue[39m=[32m"1145"[39m
              [36m>[39m
                [0m1145[0m
              [36m</option>[39m
              [36m<option[39m
                [33mrole[39m=[32m"option"[39m
                [33mvalue[39m=[32m"1200"[39m
              [36m>[39m
                [0m1200[0m
              [36m</option>[39m
              [36m<option[39m
                [33mrole[39m=[32m"option"[39m
                [33mvalue[39m=[32m"1215"[39m
              [36m>[39m
                [0m1215[0m
              [36m</option>[39m
              [36m<option[39m
                [33mrole[39m=[32m"option"[39m
                [33mvalue[39m=[32m"1230"[39m
              [36m>[39m
                [0m1230[0m
              [36m</option>[39m
              [36m<option[39m
                [33mrole[39m=[32m"option"[39m
                [33mvalue[39m=[32m"1245"[39m
              [36m>[39m
                [0m1245[0m
              [36m</option>[39m
              [36m<option[39m
                [33mrole[39m=[32m"option"[39m
                [33mvalue[39m=[32m"1300"[39m
              [36m>[39m
                [0m1300[0m
              [36m</option>[39m
              [36m<option[39m
                [33mrole[39m=[32m"option"[39m
                [33mvalue[39m=[32m"1315"[39m
              [36m>[39m
                [0m1315[0m
              [36m</option>[39m
              [36m<option[39m
                [33mrole[39m=[32m"option"[39m
                [33mvalue[39m=[32m"1330"[39m
              [36m>[39m
                [0m1330[0m
              [36m</option>[39m
              [36m<option[39m
                [33mrole[39m=[32m"option"[39m
                [33mvalue[39m=[32m"1345"[39m
              [36m>[39m
                [0m1345[0m
              [36m</option>[39m
              [36m<option[39m
                [33mrole[39m=[32m"option"[39m
                [33mvalue[39m=[32m"1400"[39m
              [36m>[39m
                [0m1400[0m
              [36m</option>[39m
              [36m<option[39m
                [33mrole[39m=[32m"option"[39m
                [33mvalue[39m=[32m"1415"[39m
              [36m>[39m
                [0m1415[0m
              [36m</option>[39m
              [36m<option[39m
                [33mrole[39m=[32m"option"[39m
                [33mvalue[39m=[32m"1430"[39m
              [36m>[39m
                [0m1430[0m
              [36m</option>[39m
              [36m<option[39m
                [33mrole[39m=[32m"option"[39m
                [33mvalue[39m=[32m"1445"[39m
              [36m>[39m
                [0m1445[0m
              [36m</option>[39m
              [36m<option[39m
                [33mrole[39m=[32m"option"[39m
                [33mvalue[39m=[32m"1500"[39m
              [36m>[39m
                [0m1500[0m
              [36m</option>[39m
              [36m<option[39m
                [33mrole[39m=[32m"option"[39m
                [33mvalue[39m=[32m"1515"[39m
              [36m>[39m
                [0m1515[0m
              [36m</option>[39m
              [36m<option[39m
                [33mrole[39m=[32m"option"[39m
                [33mvalue[39m=[32m"1530"[39m
              [36m>[39m
                [0m1530[0m
              [36m</option>[39m
              [36m<option[39m
                [33mrole[39m=[32m"option"[39m
                [33mvalue[39m=[32m"1545"[39m
              [36m>[39m
                [0m1545[0m
              [36m</option>[39m
              [36m<option[39m
                [33mrole[39m=[32m"option"[39m
                [33mvalue[39m=[32m"1600"[39m
              [36m>[39m
                [0m1600[0m
              [36m</option>[39m
              [36m<option[39m
                [33mrole[39m=[32m"option"[39m
                [33mvalue[39m=[32m"1615"[39m
              [36m>[39m
                [0m1615[0m
              [36m</option>[39m
              [36m<option[39m
                [33mrole[39m=[32m"option"[39m
                [33mvalue[39m=[32m"1630"[39m
              [36m>[39m
                [0m1630[0m
              [36m</option>[39m
              [36m<option[39m
                [33mrole[39m=[32m"option"[39m
                [33mvalue[39m=[32m"1645"[39m
              [36m>[39m
                [0m1645[0m
              [36m</option>[39m
              [36m<option[39m
                [33mrole[39m=[32m"option"[39m
                [33mvalue[39m=[32m"1700"[39m
              [36m>[39m
                [0m1700[0m
              [36m</option>[39m
              [36m<option[39m
                [33mrole[39m=[32m"option"[39m
                [33mvalue[39m=[32m"1715"[39m
              [36m>[39m
                [0m1715[0m
              [36m</option>[39m
              [36m<option[39m
                [33mrole[39m=[32m"option"[39m
                [33mvalue[39m=[32m"1730"[39m
              [36m>[39m
                [0m1730[0m
              [36m</option>[39m
              [36m<option[39m
                [33mrole[39m=[32m"option"[39m
                [33mvalue[39m=[32m"1745"[39m
              [36m>[39m
                [0m1745[0m
              [36m</option>[39m
              [36m<option[39m
                [33mrole[39m=[32m"option"[39m
                [33mvalue[39m=[32m"1800"[39m
              [36m>[39m
                [0m1800[0m
              [36m</option>[39m
              [36m<option[39m
                [33mrole[39m=[32m"option"[39m
                [33mvalue[39m=[32m"1815"[39m
              [36m>[39m
                [0m1815[0m
              [36m</option>[39m
              [36m<option[39m
                [33mrole[39m=[32m"option"[39m
                [33mvalue[39m=[32m"1830"[39m
              [36m>[39m
                [0m1830[0m
              [36m</option>[39m
              [36m<option[39m
                [33mrole[39m=[32m"option"[39m
                [33mvalue[39m=[32m"1845"[39m
              [36m>[39m
                [0m1845[0m
              [36m</option>[39m
              [36m<option[39m
                [33mrole[39m=[32m"option"[39m
                [33mvalue[39m=[32m"1900"[39m
              [36m>[39m
                [0m1900[0m
              [36m</option>[39m
              [36m<option[39m
                [33mrole[39m=[32m"option"[39m
                [33mvalue[39m=[32m"1915"[39m
              [36m>[39m
                [0m1915[0m
              [36m</option>[39m
              [36m<option[39m
                [33mrole[39m=[32m"option"[39m
                [33mvalue[39m=[32m"1930"[39m
              [36m>[39m
                [0m1930[0m
              [36m</option>[39m
              [36m<option[39m
                [33mrole[39m=[32m"option"[39m
                [33mvalue[39m=[32m"1945"[39m
              [36m>[39m
                [0m1945[0m
              [36m</option>[39m
              [36m<option[39m
                [33mrole[39m=[32m"option"[39m
                [33mvalue[39m=[32m"2000"[39m
              [36m>[39m
                [0m2000[0m
              [36m</option>[39m
              [36m<option[39m
                [33mrole[39m=[32m"option"[39m
                [33mvalue[39m=[32m"2015"[39m
              [36m>[39m
                [0m2015[0m
              [36m</option>[39m
              [36m<option[39m
                [33mrole[39m=[32m"option"[39m
                [33mvalue[39m=[32m"2030"[39m
              [36m>[39m
                [0m2030[0m
              [36m</option>[39m
              [36m<option[39m
                [33mrole[39m=[32m"option"[39m
                [33mvalue[39m=[32m"2045"[39m
              [36m>[39m
                [0m2045[0m
              [36m</option>[39m
              [36m<option[39m
                [33mrole[39m=[32m"option"[39m
                [33mvalue[39m=[32m"2100"[39m
              [36m>[39m
                [0m2100[0m
              [36m</option>[39m
              [36m<option[39m
                [33mrole[39m=[32m"option"[39m
                [33mvalue[39m=[32m"2115"[39m
              [36m>[39m
                [0m2115[0m
              [36m</option>[39m
              [36m<option[39m
                [33mrole[39m=[32m"option"[39m
                [33mvalue[39m=[32m"2130"[39m
              [36m>[39m
                [0m2130[0m
              [36m</option>[39m
              [36m<option[39m
                [33mrole[39m=[32m"option"[39m
                [33mvalue[39m=[32m"2145"[39m
              [36m>[39m
                [0m2145[0m
              [36m</option>[39m
              [36m<option[39m
                [33mrole[39m=[32m"option"[39m
                [33mvalue[39m=[32m"2200"[39m
              [36m>[39m
                [0m2200[0m
              [36m</option>[39m
              [36m<option[39m
                [33mrole[39m=[32m"option"[39m
                [33mvalue[39m=[32m"2215"[39m
              [36m>[39m
                [0m2215[0m
              [36m</option>[39m
              [36m<option[39m
                [33mrole[39m=[32m"option"[39m
                [33mvalue[39m=[32m"2230"[39m
              [36m>[39m
                [0m2230[0m
              [36m</option>[39m
              [36m<option[39m
                [33mrole[39m=[32m"option"[39m
                [33mvalue[39m=[32m"2245"[39m
              [36m>[39m
                [0m2245[0m
              [36m</option>[39m
              [36m<option[39m
                [33mrole[39m=[32m"option"[39m
                [33mvalue[39m=[32m"2300"[39m
              [36m>[39m
                [0m2300[0m
              [36m</option>[39m
              [36m<option[39m
                [33mrole[39m=[32m"option"[39m
                [33mvalue[39m=[32m"2315"[39m
              [36m>[39m
                [0m2315[0m
              [36m</option>[39m
              [36m<option[39m
                [33mrole[39m=[32m"option"[39m
                [33mvalue[39m=[32m"2330"[39m
              [36m>[39m
                [0m2330[0m
              [36m</option>[39m
              [36m<option[39m
                [33mrole[39m=[32m"option"[39m
                [33mvalue[39m=[32m"2345"[39m
              [36m>[39m
                [0m2345[0m
              [36m</option>[39m
            [36m</select>[39m
          [36m</div>[39m
          [0m-Selected Time: [0m
          [0m10:0[0m
        [36m</div>[39m
      [36m</div>[39m
    [36m</body>[39m

      18 |     });
      19 |     test("time is displayed in military format", () => {
    > 20 |         const displayedTime = screen.getByText(/10:00/i);
         |                                      ^
      21 |         expect(displayedTime).toBeInTheDocument();
      22 |     });
      23 |     test("there is a message to indicate the currently selected time", () => {

      at Object.getElementError (node_modules/@testing-library/dom/dist/config.js:38:19)
      at node_modules/@testing-library/dom/dist/query-helpers.js:90:38
      at node_modules/@testing-library/dom/dist/query-helpers.js:62:17
      at getByText (node_modules/@testing-library/dom/dist/query-helpers.js:111:19)
      at Object.<anonymous> (src/editing-components/EditTime.test.tsx:20:38)

FAIL src/editing-components/dist/edit-difficulty.test.js
  ● testing edit difficulty component › component displays

    TypeError: Cannot read properties of undefined (reading 'createElement')

      10 | describe("testing edit difficulty component", function () {
      11 |     beforeEach(function () {
    > 12 |         react_2.render(react_1["default"].createElement(edit_difficulty_1.EditDifficulty, { diff: difficulty, setDifficulty: setDifficulty }));
         |                                           ^
      13 |     });
      14 |     test("component displays", function () {
      15 |         var compDisplayed = react_2.screen.getByText("Change Difficulty: ");

      at Object.<anonymous> (src/editing-components/dist/edit-difficulty.test.js:12:43)

  ● testing edit difficulty component › difficulty is updating

    TypeError: Cannot read properties of undefined (reading 'createElement')

      10 | describe("testing edit difficulty component", function () {
      11 |     beforeEach(function () {
    > 12 |         react_2.render(react_1["default"].createElement(edit_difficulty_1.EditDifficulty, { diff: difficulty, setDifficulty: setDifficulty }));
         |                                           ^
      13 |     });
      14 |     test("component displays", function () {
      15 |         var compDisplayed = react_2.screen.getByText("Change Difficulty: ");

      at Object.<anonymous> (src/editing-components/dist/edit-difficulty.test.js:12:43)

FAIL src/editing-components/edit-difficulty.test.tsx
  ● Console

    console.error
      Warning: ReactDOM.render is no longer supported in React 18. Use createRoot instead. Until you switch to the new API, your app will behave as if it's running React 17. Learn more: https://reactjs.org/link/switch-to-createroot

      11 | describe("testing edit difficulty component", () => {
      12 |     beforeEach(() => {
    > 13 |         render(
         |         ^
      14 |             <EditDifficulty
      15 |                 diff={difficulty}
      16 |                 setDifficulty={setDifficulty}

      at printWarning (node_modules/react-dom/cjs/react-dom.development.js:86:30)
      at error (node_modules/react-dom/cjs/react-dom.development.js:60:7)
      at Object.render (node_modules/react-dom/cjs/react-dom.development.js:29670:5)
      at node_modules/@testing-library/react/dist/pure.js:101:25
      at act (node_modules/react/cjs/react.development.js:2512:16)
      at render (node_modules/@testing-library/react/dist/pure.js:97:26)
      at Object.<anonymous> (src/editing-components/edit-difficulty.test.tsx:13:9)

    console.error
      Warning: ReactDOM.render is no longer supported in React 18. Use createRoot instead. Until you switch to the new API, your app will behave as if it's running React 17. Learn more: https://reactjs.org/link/switch-to-createroot

      11 | describe("testing edit difficulty component", () => {
      12 |     beforeEach(() => {
    > 13 |         render(
         |         ^
      14 |             <EditDifficulty
      15 |                 diff={difficulty}
      16 |                 setDifficulty={setDifficulty}

      at printWarning (node_modules/react-dom/cjs/react-dom.development.js:86:30)
      at error (node_modules/react-dom/cjs/react-dom.development.js:60:7)
      at Object.render (node_modules/react-dom/cjs/react-dom.development.js:29670:5)
      at node_modules/@testing-library/react/dist/pure.js:101:25
      at act (node_modules/react/cjs/react.development.js:2512:16)
      at render (node_modules/@testing-library/react/dist/pure.js:97:26)
      at Object.<anonymous> (src/editing-components/edit-difficulty.test.tsx:13:9)

  ● testing edit difficulty component › difficulty is updating

    TestingLibraryElementError: Unable to find a label with the text of: Change Difficulty:

    Ignored nodes: comments, <script />, <style />
    [36m<body>[39m
      [36m<div>[39m
        [36m<span[39m
          [33mclass[39m=[32m"fs-8"[39m
          [33mstyle[39m=[32m"font-weight: bold;"[39m
        [36m>[39m
          [0mChange Difficulty: [0m
          [36m<br />[39m
          [36m<span[39m
            [33mstyle[39m=[32m"color: orange; cursor: pointer;"[39m
          [36m>[39m
            [0m★[0m
          [36m</span>[39m
          [36m<span[39m
            [33mstyle[39m=[32m"color: orange; cursor: pointer;"[39m
          [36m>[39m
            [0m★[0m
          [36m</span>[39m
          [36m<span[39m
            [33mstyle[39m=[32m"color: orange; cursor: pointer;"[39m
          [36m>[39m
            [0m★[0m
          [36m</span>[39m
          [36m<span[39m
            [33mstyle[39m=[32m"color: orange; cursor: pointer;"[39m
          [36m>[39m
            [0m★[0m
          [36m</span>[39m
          [36m<span[39m
            [33mstyle[39m=[32m"color: orange; cursor: pointer;"[39m
          [36m>[39m
            [0m★[0m
          [36m</span>[39m
        [36m</span>[39m
      [36m</div>[39m
    [36m</body>[39m

      23 |     });
      24 |     test("difficulty is updating", () => {
    > 25 |         const chooseDifficulty = screen.getByLabelText("Change Difficulty:");
         |                                         ^
      26 |         fireEvent.click(chooseDifficulty);
      27 |         expect(chooseDifficulty).toBeInTheDocument();
      28 |     });

      at Object.getElementError (node_modules/@testing-library/dom/dist/config.js:38:19)
      at getAllByLabelText (node_modules/@testing-library/dom/dist/queries/label-text.js:116:38)
      at node_modules/@testing-library/dom/dist/query-helpers.js:62:17
      at getByLabelText (node_modules/@testing-library/dom/dist/query-helpers.js:111:19)
      at Object.<anonymous> (src/editing-components/edit-difficulty.test.tsx:25:41)
      at TestScheduler.scheduleTests (node_modules/@jest/core/build/TestScheduler.js:333:13)
      at runJest (node_modules/@jest/core/build/runJest.js:404:19)
      at _run10000 (node_modules/@jest/core/build/cli/index.js:320:7)
      at runCLI (node_modules/@jest/core/build/cli/index.js:173:3)

---------------------------|---------|----------|---------|---------|------------------------------------------------
File                       | % Stmts | % Branch | % Funcs | % Lines | Uncovered Line #s                              
---------------------------|---------|----------|---------|---------|------------------------------------------------
All files                  |   36.41 |    30.12 |   37.03 |   36.75 |                                                
 src                       |   36.53 |      100 |   58.33 |      38 |                                                
  App.tsx                  |       0 |      100 |       0 |       0 | 10                                             
  CustomRender.tsx         |     100 |      100 |     100 |     100 |                                                
  TASKS.tsx                |     100 |      100 |     100 |     100 |                                                
  TaskFunctions.ts         |     100 |      100 |     100 |     100 |                                                
  user-functions.ts        |       0 |      100 |       0 |       0 | 7-62                                           
  user-tests.tsx           |       0 |      100 |       0 |       0 | 6-63                                           
 src/editing-components    |   46.66 |       35 |   25.92 |   48.27 |                                                
  EditDescription.tsx      |       0 |      100 |       0 |       0 | 14-17                                          
  EditStatus.tsx           |   27.27 |       25 |   14.28 |      30 | 15,21-40,72-85                                 
  EditSteps.tsx            |       0 |      100 |       0 |       0 | 11-19                                          
  EditTask.tsx             |      60 |    16.66 |   14.28 |   63.15 | 36-73,119                                      
  EditTime.tsx             |   64.28 |       50 |      75 |   64.28 | 14-15,20,22,24                                 
  Times.tsx                |     100 |      100 |     100 |     100 |                                                
  edit-difficulty.tsx      |      60 |       50 |      50 |      60 | 10,25                                          
 src/interfaces            |       0 |        0 |       0 |       0 |                                                
  task.ts                  |       0 |        0 |       0 |       0 |                                                
  user.ts                  |       0 |        0 |       0 |       0 |                                                
 src/list-components       |    35.4 |    32.25 |   36.79 |   35.31 |                                                
  CentralItemList.tsx      |   33.33 |    43.75 |   58.33 |      32 | 32-57,82-97,147                                
  ChangeRole.tsx           |       0 |      100 |       0 |       0 | 12-18                                          
  DisplayTask.tsx          |   83.33 |       75 |      75 |   83.33 | 52                                             
  ModifyUsers.tsx          |      80 |     87.5 |     100 |      80 | 29,37                                          
  UserList.tsx             |    18.3 |     17.3 |   16.66 |   18.57 | 38-56,65,72-157,178-179,186,201-207,228-255    
  addTask.tsx              |   47.82 |       50 |    8.33 |   47.82 | 29-85                                          
  adminlist.tsx            |   26.98 |    23.07 |      32 |   26.22 | 31,38-70,97-98,105,120-135,148,166-176,204-215 
  deleteTask-component.tsx |    37.5 |    33.33 |      20 |    37.5 | 17-27                                          
  filterlists.tsx          |      85 |       25 |     100 |   89.47 | 24-25                                          
  search.tsx               |       0 |      100 |       0 |       0 | 7-10                                           
 src/pages                 |       0 |        0 |       0 |       0 |                                                
  AboutPage.tsx            |       0 |      100 |       0 |       0 | 8                                              
  taskPage.tsx             |       0 |        0 |       0 |       0 | 25-52                                          
---------------------------|---------|----------|---------|---------|------------------------------------------------
Test Suites: 17 failed, 17 total
Tests:       62 failed, 25 passed, 87 total
Snapshots:   0 total
Time:        19.136 s
Ran all test suites.
